Archive member included to satisfy reference by file (symbol)

d:/efinity/efinity-riscv-ide-2025.1/toolchain/bin/../lib/gcc/riscv-none-embed/8.3.0/rv32im/ilp32\libgcc.a(_clzsi2.o)
                              build/out/src/tensorflow/lite/micro/kernels/l2norm.o (__clzsi2)
d:/efinity/efinity-riscv-ide-2025.1/toolchain/bin/../lib/gcc/riscv-none-embed/8.3.0/rv32im/ilp32\libgcc.a(adddf3.o)
                              build/out/src/tensorflow/lite/micro/kernels/cumsum.o (__adddf3)
d:/efinity/efinity-riscv-ide-2025.1/toolchain/bin/../lib/gcc/riscv-none-embed/8.3.0/rv32im/ilp32\libgcc.a(divdf3.o)
                              build/out/src/tensorflow/lite/kernels/kernel_util.o (__divdf3)
d:/efinity/efinity-riscv-ide-2025.1/toolchain/bin/../lib/gcc/riscv-none-embed/8.3.0/rv32im/ilp32\libgcc.a(eqdf2.o)
                              build/out/src/tensorflow/lite/kernels/internal/quantization_util.o (__eqdf2)
d:/efinity/efinity-riscv-ide-2025.1/toolchain/bin/../lib/gcc/riscv-none-embed/8.3.0/rv32im/ilp32\libgcc.a(gedf2.o)
                              build/out/src/platform/misc/print.o (__gtdf2)
d:/efinity/efinity-riscv-ide-2025.1/toolchain/bin/../lib/gcc/riscv-none-embed/8.3.0/rv32im/ilp32\libgcc.a(ledf2.o)
                              build/out/src/tensorflow/lite/kernels/kernel_util.o (__ledf2)
d:/efinity/efinity-riscv-ide-2025.1/toolchain/bin/../lib/gcc/riscv-none-embed/8.3.0/rv32im/ilp32\libgcc.a(muldf3.o)
                              build/out/src/platform/misc/print.o (__muldf3)
d:/efinity/efinity-riscv-ide-2025.1/toolchain/bin/../lib/gcc/riscv-none-embed/8.3.0/rv32im/ilp32\libgcc.a(subdf3.o)
                              build/out/src/platform/misc/print.o (__subdf3)
d:/efinity/efinity-riscv-ide-2025.1/toolchain/bin/../lib/gcc/riscv-none-embed/8.3.0/rv32im/ilp32\libgcc.a(fixdfsi.o)
                              build/out/src/platform/misc/print.o (__fixdfsi)
d:/efinity/efinity-riscv-ide-2025.1/toolchain/bin/../lib/gcc/riscv-none-embed/8.3.0/rv32im/ilp32\libgcc.a(floatsidf.o)
                              build/out/src/platform/misc/print.o (__floatsidf)
d:/efinity/efinity-riscv-ide-2025.1/toolchain/bin/../lib/gcc/riscv-none-embed/8.3.0/rv32im/ilp32\libgcc.a(floatunsidf.o)
                              build/out/src/tensorflow/lite/micro/kernels/detection_postprocess.o (__floatunsidf)
d:/efinity/efinity-riscv-ide-2025.1/toolchain/bin/../lib/gcc/riscv-none-embed/8.3.0/rv32im/ilp32\libgcc.a(fixdfdi.o)
                              build/out/src/tensorflow/lite/kernels/internal/quantization_util.o (__fixdfdi)
d:/efinity/efinity-riscv-ide-2025.1/toolchain/bin/../lib/gcc/riscv-none-embed/8.3.0/rv32im/ilp32\libgcc.a(fixunsdfdi.o)
                              build/out/src/tensorflow/lite/micro/kernels/detection_postprocess.o (__fixunsdfdi)
d:/efinity/efinity-riscv-ide-2025.1/toolchain/bin/../lib/gcc/riscv-none-embed/8.3.0/rv32im/ilp32\libgcc.a(floatdidf.o)
                              build/out/src/tensorflow/lite/kernels/internal/quantization_util.o (__floatdidf)
d:/efinity/efinity-riscv-ide-2025.1/toolchain/bin/../lib/gcc/riscv-none-embed/8.3.0/rv32im/ilp32\libgcc.a(floatundidf.o)
                              build/out/src/tensorflow/lite/micro/kernels/detection_postprocess.o (__floatundidf)
d:/efinity/efinity-riscv-ide-2025.1/toolchain/bin/../lib/gcc/riscv-none-embed/8.3.0/rv32im/ilp32\libgcc.a(addsf3.o)
                              build/out/src/main.o (__addsf3)
d:/efinity/efinity-riscv-ide-2025.1/toolchain/bin/../lib/gcc/riscv-none-embed/8.3.0/rv32im/ilp32\libgcc.a(divsf3.o)
                              build/out/src/main.o (__divsf3)
d:/efinity/efinity-riscv-ide-2025.1/toolchain/bin/../lib/gcc/riscv-none-embed/8.3.0/rv32im/ilp32\libgcc.a(eqsf2.o)
                              build/out/src/tensorflow/lite/micro/kernels/reduce.o (__eqsf2)
d:/efinity/efinity-riscv-ide-2025.1/toolchain/bin/../lib/gcc/riscv-none-embed/8.3.0/rv32im/ilp32\libgcc.a(gesf2.o)
                              build/out/src/tensorflow/lite/kernels/kernel_util.o (__gesf2)
d:/efinity/efinity-riscv-ide-2025.1/toolchain/bin/../lib/gcc/riscv-none-embed/8.3.0/rv32im/ilp32\libgcc.a(lesf2.o)
                              build/out/src/tensorflow/lite/kernels/kernel_util.o (__lesf2)
d:/efinity/efinity-riscv-ide-2025.1/toolchain/bin/../lib/gcc/riscv-none-embed/8.3.0/rv32im/ilp32\libgcc.a(mulsf3.o)
                              build/out/src/main.o (__mulsf3)
d:/efinity/efinity-riscv-ide-2025.1/toolchain/bin/../lib/gcc/riscv-none-embed/8.3.0/rv32im/ilp32\libgcc.a(subsf3.o)
                              build/out/src/main.o (__subsf3)
d:/efinity/efinity-riscv-ide-2025.1/toolchain/bin/../lib/gcc/riscv-none-embed/8.3.0/rv32im/ilp32\libgcc.a(fixsfsi.o)
                              build/out/src/main.o (__fixsfsi)
d:/efinity/efinity-riscv-ide-2025.1/toolchain/bin/../lib/gcc/riscv-none-embed/8.3.0/rv32im/ilp32\libgcc.a(fixunssfsi.o)
                              build/out/src/tensorflow/lite/kernels/internal/quantization_util.o (__fixunssfsi)
[...]
Memory Configuration

Name             Origin             Length             Attributes
ram              0x0000000001000000 0x000000000ffff000 axwl !r
*default*        0x0000000000000000 0xffffffffffffffff

Linker script and memory map

LOAD build/out/src/gt911.o
LOAD build/out/src/arduinoGPIO.o
LOAD build/out/src/softwire.o
LOAD build/out/src/main.o
LOAD build/out/src/model/best_int8_fixed_model_data.o
LOAD build/out/src/model/yolo_person_detect_model_data.o
LOAD build/out/src/model/define.o
LOAD build/out/src/platform/interrupt/intc.o
LOAD build/out/src/platform/misc/print.o
LOAD build/out/src/tensorflow/lite/c/common.o
LOAD build/out/src/tensorflow/lite/core/api/op_resolver.o
LOAD build/out/src/tensorflow/lite/core/api/error_reporter.o
LOAD build/out/src/tensorflow/lite/core/api/tensor_utils.o
LOAD build/out/src/tensorflow/lite/core/api/flatbuffer_conversions.o
LOAD build/out/src/tensorflow/lite/kernels/kernel_util.o
LOAD build/out/src/tensorflow/lite/kernels/internal/quantization_util.o
LOAD build/out/src/tensorflow/lite/micro/system_setup.o
LOAD build/out/src/tensorflow/lite/micro/micro_interpreter.o
LOAD build/out/src/tensorflow/lite/micro/all_ops_resolver.o
LOAD build/out/src/tensorflow/lite/micro/micro_graph.o
LOAD build/out/src/tensorflow/lite/micro/micro_utils.o
LOAD build/out/src/tensorflow/lite/micro/micro_profiler.o
LOAD build/out/src/tensorflow/lite/micro/recording_simple_memory_allocator.o
LOAD build/out/src/tensorflow/lite/micro/micro_string.o
LOAD build/out/src/tensorflow/lite/micro/micro_allocator.o
LOAD build/out/src/tensorflow/lite/micro/debug_log.o
LOAD build/out/src/tensorflow/lite/micro/micro_error_reporter.o
LOAD build/out/src/tensorflow/lite/micro/recording_micro_allocator.o
LOAD build/out/src/tensorflow/lite/micro/micro_time.o
LOAD build/out/src/tensorflow/lite/micro/test_helpers.o
LOAD build/out/src/tensorflow/lite/micro/memory_helpers.o
LOAD build/out/src/tensorflow/lite/micro/mock_micro_graph.o
LOAD build/out/src/tensorflow/lite/micro/simple_memory_allocator.o
LOAD build/out/src/tensorflow/lite/micro/kernels/if.o
LOAD build/out/src/tensorflow/lite/micro/kernels/fully_connected_common.o
LOAD build/out/src/tensorflow/lite/micro/kernels/elementwise.o
LOAD build/out/src/tensorflow/lite/micro/kernels/l2norm.o
LOAD build/out/src/tensorflow/lite/micro/kernels/reduce.o
LOAD build/out/src/tensorflow/lite/micro/kernels/fully_connected.o
LOAD build/out/src/tensorflow/lite/micro/kernels/quantize_common.o
LOAD build/out/src/tensorflow/lite/micro/kernels/logistic.o
LOAD build/out/src/tensorflow/lite/micro/kernels/detection_postprocess_flexbuffers_generated_data.o
LOAD build/out/src/tensorflow/lite/micro/kernels/cumsum.o
LOAD build/out/src/tensorflow/lite/micro/kernels/quantize.o
LOAD build/out/src/tensorflow/lite/micro/kernels/l2_pool_2d.o
LOAD build/out/src/tensorflow/lite/micro/kernels/floor_mod.o
LOAD build/out/src/tensorflow/lite/micro/kernels/strided_slice.o
LOAD build/out/src/tensorflow/lite/micro/kernels/unpack.o
LOAD build/out/src/tensorflow/lite/micro/kernels/log_softmax.o
LOAD build/out/src/tensorflow/lite/micro/kernels/concatenation.o
LOAD build/out/src/tensorflow/lite/micro/kernels/hard_swish.o
LOAD build/out/src/tensorflow/lite/micro/kernels/svdf.o
LOAD build/out/src/tensorflow/lite/micro/kernels/transpose_conv.o
LOAD build/out/src/tensorflow/lite/micro/kernels/floor.o
LOAD build/out/src/tensorflow/lite/micro/kernels/reshape.o
LOAD build/out/src/tensorflow/lite/micro/kernels/circular_buffer.o
LOAD build/out/src/tensorflow/lite/micro/kernels/exp.o
LOAD build/out/src/tensorflow/lite/micro/kernels/round.o
LOAD build/out/src/tensorflow/lite/micro/kernels/kernel_runner.o
LOAD build/out/src/tensorflow/lite/micro/kernels/resize_bilinear.o
LOAD build/out/src/tensorflow/lite/micro/kernels/depthwise_conv_common.o
LOAD build/out/src/tensorflow/lite/micro/kernels/split.o
LOAD build/out/src/tensorflow/lite/micro/kernels/add_n.o
LOAD build/out/src/tensorflow/lite/micro/kernels/maximum_minimum.o
LOAD build/out/src/tensorflow/lite/micro/kernels/shape.o
LOAD build/out/src/tensorflow/lite/micro/kernels/add.o
LOAD build/out/src/tensorflow/lite/micro/kernels/split_v.o
LOAD build/out/src/tensorflow/lite/micro/kernels/gather_nd.o
LOAD build/out/src/tensorflow/lite/micro/kernels/sub.o
LOAD build/out/src/tensorflow/lite/micro/kernels/squeeze.o
LOAD build/out/src/tensorflow/lite/micro/kernels/mul.o
LOAD build/out/src/tensorflow/lite/micro/kernels/neg.o
LOAD build/out/src/tensorflow/lite/micro/kernels/arg_min_max.o
LOAD build/out/src/tensorflow/lite/micro/kernels/ceil.o
LOAD build/out/src/tensorflow/lite/micro/kernels/activations.o
LOAD build/out/src/tensorflow/lite/micro/kernels/pooling.o
LOAD build/out/src/tensorflow/lite/micro/kernels/svdf_common.o
LOAD build/out/src/tensorflow/lite/micro/kernels/pack.o
LOAD build/out/src/tensorflow/lite/micro/kernels/resize_nearest_neighbor.o
LOAD build/out/src/tensorflow/lite/micro/kernels/floor_div.o
LOAD build/out/src/tensorflow/lite/micro/kernels/circular_buffer_flexbuffers_generated_data.o
LOAD build/out/src/tensorflow/lite/micro/kernels/softmax_common.o
LOAD build/out/src/tensorflow/lite/micro/kernels/ethosu.o
LOAD build/out/src/tensorflow/lite/micro/kernels/pad.o
LOAD build/out/src/tensorflow/lite/micro/kernels/prelu.o
LOAD build/out/src/tensorflow/lite/micro/kernels/tanh.o
LOAD build/out/src/tensorflow/lite/micro/kernels/dequantize.o
LOAD build/out/src/tensorflow/lite/micro/kernels/elu.o
LOAD build/out/src/tensorflow/lite/micro/kernels/batch_to_space_nd.o
LOAD build/out/src/tensorflow/lite/micro/kernels/conv_common.o
LOAD build/out/src/tensorflow/lite/micro/kernels/softmax.o
LOAD build/out/src/tensorflow/lite/micro/kernels/detection_postprocess.o
LOAD build/out/src/tensorflow/lite/micro/kernels/cast.o
LOAD build/out/src/tensorflow/lite/micro/kernels/conv.o
LOAD build/out/src/tensorflow/lite/micro/kernels/slice.o
LOAD build/out/src/tensorflow/lite/micro/kernels/space_to_batch_nd.o
LOAD build/out/src/tensorflow/lite/micro/kernels/depthwise_conv.o
LOAD build/out/src/tensorflow/lite/micro/kernels/leaky_relu.o
LOAD build/out/src/tensorflow/lite/micro/kernels/fill.o
LOAD build/out/src/tensorflow/lite/micro/kernels/depth_to_space.o
LOAD build/out/src/tensorflow/lite/micro/kernels/comparisons.o
LOAD build/out/src/tensorflow/lite/micro/kernels/logical.o
LOAD build/out/src/tensorflow/lite/micro/kernels/expand_dims.o
LOAD build/out/src/tensorflow/lite/micro/kernels/transpose.o
LOAD build/out/src/tensorflow/lite/micro/kernels/kernel_util.o
LOAD build/out/src/tensorflow/lite/micro/kernels/zeros_like.o
LOAD build/out/src/tensorflow/lite/micro/kernels/gather.o
LOAD build/out/src/tensorflow/lite/micro/memory_planner/greedy_memory_planner.o
LOAD build/out/src/tensorflow/lite/micro/memory_planner/linear_memory_planner.o
LOAD build/out/src/tensorflow/lite/schema/schema_utils.o
LOAD build/out/../common/start.o
LOAD build/out/../common/trap.o
LOAD d:/efinity/efinity-riscv-ide-2025.1/toolchain/bin/../lib/gcc/riscv-none-embed/8.3.0/rv32im/ilp32\libgcc.a
                0x0000000000200000                __stack_size = DEFINED (__stack_size)?__stack_size:0x200000

.init           0x0000000001000000       0x68
 *(SORT_NONE(.init))
 .init          0x0000000001000000       0x68 build/out/../common/start.o
                0x0000000001000000                _start
                0x0000000001000064                _init

.text           0x0000000001000068    0xa0af4
 *(.text.Proc_1)
 *(.text.Proc_2)
 *(.text.Proc_3)
 *(.text.Proc_4)
 *(.text.Proc_5)
 *(.text.Proc_6)
 *(.text.Proc_7)
 *(.text.Proc_8)
 *(.text.Func_1)
 *(.text.Func_2)
 *(.text.Func_3)
 *(.text.strcpy)
 *libc.a:*(.text .text.*)
 .text.abort    0x0000000001000068       0x18 d:/efinity/efinity-riscv-ide-2025.1/toolchain/bin/../lib/gcc/riscv-none-embed/8.3.0/../../../../riscv-none-embed/lib/rv32im/ilp32\libc.a(lib_a-abort.o)
                0x0000000001000068                abort
 .text.__assert_func
                0x0000000001000080       0x54 d:/efinity/efinity-riscv-ide-2025.1/toolchain/bin/../lib/gcc/riscv-none-embed/8.3.0/../../../../riscv-none-embed/lib/rv32im/ilp32\libc.a(lib_a-assert.o)
                0x0000000001000080                __assert_func
 .text.atexit   0x00000000010000d4       0x14 d:/efinity/efinity-riscv-ide-2025.1/toolchain/bin/../lib/gcc/riscv-none-embed/8.3.0/../../../../riscv-none-embed/lib/rv32im/ilp32\libc.a(lib_a-atexit.o)
                0x00000000010000d4                atexit
 .text.bsearch  0x00000000010000e8       0xb4 d:/efinity/efinity-riscv-ide-2025.1/toolchain/bin/../lib/gcc/riscv-none-embed/8.3.0/../../../../riscv-none-embed/lib/rv32im/ilp32\libc.a(lib_a-bsearch.o)
                0x00000000010000e8                bsearch
 .text.__errno  0x000000000100019c        0xc d:/efinity/efinity-riscv-ide-2025.1/toolchain/bin/../lib/gcc/riscv-none-embed/8.3.0/../../../../riscv-none-embed/lib/rv32im/ilp32\libc.a(lib_a-errno.o)
                0x000000000100019c                __errno
 .text.fiprintf
                0x00000000010001a8       0x4c d:/efinity/efinity-riscv-ide-2025.1/toolchain/bin/../lib/gcc/riscv-none-embed/8.3.0/../../../../riscv-none-embed/lib/rv32im/ilp32\libc.a(lib_a-fiprintf.o)
                0x00000000010001a8                fiprintf
 .text.__libc_init_array
                0x00000000010001f4       0x94 d:/efinity/efinity-riscv-ide-2025.1/toolchain/bin/../lib/gcc/riscv-none-embed/8.3.0/../../../../riscv-none-embed/lib/rv32im/ilp32\libc.a(lib_a-init.o)
                0x00000000010001f4                __libc_init_array
 .text.malloc   0x0000000001000288       0x10 d:/efinity/efinity-riscv-ide-2025.1/toolchain/bin/../lib/gcc/riscv-none-embed/8.3.0/../../../../riscv-none-embed/lib/rv32im/ilp32\libc.a(lib_a-malloc.o)
                0x0000000001000288                malloc
 .text.free     0x0000000001000298       0x10 d:/efinity/efinity-riscv-ide-2025.1/toolchain/bin/../lib/gcc/riscv-none-embed/8.3.0/../../../../riscv-none-embed/lib/rv32im/ilp32\libc.a(lib_a-malloc.o)
                0x0000000001000298                free
 .text._malloc_r
                0x00000000010002a8      0x820 d:/efinity/efinity-riscv-ide-2025.1/toolchain/bin/../lib/gcc/riscv-none-embed/8.3.0/../../../../riscv-none-embed/lib/rv32im/ilp32\libc.a(lib_a-mallocr.o)
                0x00000000010002a8                _malloc_r
 .text.memcmp   0x0000000001000ac8       0x88 d:/efinity/efinity-riscv-ide-2025.1/toolchain/bin/../lib/gcc/riscv-none-embed/8.3.0/../../../../riscv-none-embed/lib/rv32im/ilp32\libc.a(lib_a-memcmp.o)
                0x0000000001000ac8                memcmp
 .text.memcpy   0x0000000001000b50      0x11c d:/efinity/efinity-riscv-ide-2025.1/toolchain/bin/../lib/gcc/riscv-none-embed/8.3.0/../../../../riscv-none-embed/lib/rv32im/ilp32\libc.a(lib_a-memcpy.o)
                0x0000000001000b50                memcpy
 .text.memmove  0x0000000001000c6c      0x120 d:/efinity/efinity-riscv-ide-2025.1/toolchain/bin/../lib/gcc/riscv-none-embed/8.3.0/../../../../riscv-none-embed/lib/rv32im/ilp32\libc.a(lib_a-memmove-stub.o)
                0x0000000001000c6c                memmove
 .text          0x0000000001000d8c       0xdc d:/efinity/efinity-riscv-ide-2025.1/toolchain/bin/../lib/gcc/riscv-none-embed/8.3.0/../../../../riscv-none-embed/lib/rv32im/ilp32\libc.a(lib_a-memset.o)
                0x0000000001000d8c                memset
 .text.__malloc_lock
                0x0000000001000e68        0x4 d:/efinity/efinity-riscv-ide-2025.1/toolchain/bin/../lib/gcc/riscv-none-embed/8.3.0/../../../../riscv-none-embed/lib/rv32im/ilp32\libc.a(lib_a-mlock.o)
                0x0000000001000e68                __malloc_lock
 .text.__malloc_unlock
                0x0000000001000e6c        0x4 d:/efinity/efinity-riscv-ide-2025.1/toolchain/bin/../lib/gcc/riscv-none-embed/8.3.0/../../../../riscv-none-embed/lib/rv32im/ilp32\libc.a(lib_a-mlock.o)
                0x0000000001000e6c                __malloc_unlock
 .text._sbrk_r  0x0000000001000e70       0x5c d:/efinity/efinity-riscv-ide-2025.1/toolchain/bin/../lib/gcc/riscv-none-embed/8.3.0/../../../../riscv-none-embed/lib/rv32im/ilp32\libc.a(lib_a-sbrkr.o)
                0x0000000001000e70                _sbrk_r
 .text._raise_r
                0x0000000001000ecc       0xdc d:/efinity/efinity-riscv-ide-2025.1/toolchain/bin/../lib/gcc/riscv-none-embed/8.3.0/../../../../riscv-none-embed/lib/rv32im/ilp32\libc.a(lib_a-signal.o)
                0x0000000001000ecc                _raise_r
 .text.raise    0x0000000001000fa8       0x10 d:/efinity/efinity-riscv-ide-2025.1/toolchain/bin/../lib/gcc/riscv-none-embed/8.3.0/../../../../riscv-none-embed/lib/rv32im/ilp32\libc.a(lib_a-signal.o)
                0x0000000001000fa8                raise
 .text._kill_r  0x0000000001000fb8       0x64 d:/efinity/efinity-riscv-ide-2025.1/toolchain/bin/../lib/gcc/riscv-none-embed/8.3.0/../../../../riscv-none-embed/lib/rv32im/ilp32\libc.a(lib_a-signalr.o)
                0x0000000001000fb8                _kill_r
 .text._getpid_r
                0x000000000100101c        0x4 d:/efinity/efinity-riscv-ide-2025.1/toolchain/bin/../lib/gcc/riscv-none-embed/8.3.0/../../../../riscv-none-embed/lib/rv32im/ilp32\libc.a(lib_a-signalr.o)
                0x000000000100101c                _getpid_r
 .text          0x0000000001001020      0x17c d:/efinity/efinity-riscv-ide-2025.1/toolchain/bin/../lib/gcc/riscv-none-embed/8.3.0/../../../../riscv-none-embed/lib/rv32im/ilp32\libc.a(lib_a-strcmp.o)
                0x0000000001001020                strcmp
 .text.strlen   0x000000000100119c       0x8c d:/efinity/efinity-riscv-ide-2025.1/toolchain/bin/../lib/gcc/riscv-none-embed/8.3.0/../../../../riscv-none-embed/lib/rv32im/ilp32\libc.a(lib_a-strlen.o)
                0x000000000100119c                strlen
 .text.strncmp  0x0000000001001228       0xf0 d:/efinity/efinity-riscv-ide-2025.1/toolchain/bin/../lib/gcc/riscv-none-embed/8.3.0/../../../../riscv-none-embed/lib/rv32im/ilp32\libc.a(lib_a-strncmp.o)
                0x0000000001001228                strncmp
 .text._strtoll_l.isra.0
                0x0000000001001318      0x2c0 d:/efinity/efinity-riscv-ide-2025.1/toolchain/bin/../lib/gcc/riscv-none-embed/8.3.0/../../../../riscv-none-embed/lib/rv32im/ilp32\libc.a(lib_a-strtoll.o)
 .text.strtoll  0x00000000010015d8       0x18 d:/efinity/efinity-riscv-ide-2025.1/toolchain/bin/../lib/gcc/riscv-none-embed/8.3.0/../../../../riscv-none-embed/lib/rv32im/ilp32\libc.a(lib_a-strtoll.o)
                0x00000000010015d8                strtoll
 .text._strtoull_l.isra.0
                0x00000000010015f0      0x304 d:/efinity/efinity-riscv-ide-2025.1/toolchain/bin/../lib/gcc/riscv-none-embed/8.3.0/../../../../riscv-none-embed/lib/rv32im/ilp32\libc.a(lib_a-strtoull.o)
 .text.strtoull
                0x00000000010018f4       0x18 d:/efinity/efinity-riscv-ide-2025.1/toolchain/bin/../lib/gcc/riscv-none-embed/8.3.0/../../../../riscv-none-embed/lib/rv32im/ilp32\libc.a(lib_a-strtoull.o)
                0x00000000010018f4                strtoull
 .text.__sprint_r.part.0
                0x000000000100190c       0xf0 d:/efinity/efinity-riscv-ide-2025.1/toolchain/bin/../lib/gcc/riscv-none-embed/8.3.0/../../../../riscv-none-embed/lib/rv32im/ilp32\libc.a(lib_a-vfiprintf.o)
 .text._vfiprintf_r
                0x00000000010019fc     0x12d0 d:/efinity/efinity-riscv-ide-2025.1/toolchain/bin/../lib/gcc/riscv-none-embed/8.3.0/../../../../riscv-none-embed/lib/rv32im/ilp32\libc.a(lib_a-vfiprintf.o)
                0x00000000010019fc                _vfiprintf_r
 .text.__sbprintf
                0x0000000001002ccc       0xc0 d:/efinity/efinity-riscv-ide-2025.1/toolchain/bin/../lib/gcc/riscv-none-embed/8.3.0/../../../../riscv-none-embed/lib/rv32im/ilp32\libc.a(lib_a-vfiprintf.o)
 .text.__swsetup_r
                0x0000000001002d8c      0x168 d:/efinity/efinity-riscv-ide-2025.1/toolchain/bin/../lib/gcc/riscv-none-embed/8.3.0/../../../../riscv-none-embed/lib/rv32im/ilp32\libc.a(lib_a-wsetup.o)
                0x0000000001002d8c                __swsetup_r
 .text.__register_exitproc
                0x0000000001002ef4       0xa0 d:/efinity/efinity-riscv-ide-2025.1/toolchain/bin/../lib/gcc/riscv-none-embed/8.3.0/../../../../riscv-none-embed/lib/rv32im/ilp32\libc.a(lib_a-__atexit.o)
                0x0000000001002ef4                __register_exitproc
 .text.__sflush_r
                0x0000000001002f94      0x25c d:/efinity/efinity-riscv-ide-2025.1/toolchain/bin/../lib/gcc/riscv-none-embed/8.3.0/../../../../riscv-none-embed/lib/rv32im/ilp32\libc.a(lib_a-fflush.o)
                0x0000000001002f94                __sflush_r
 .text._fflush_r
                0x00000000010031f0       0x60 d:/efinity/efinity-riscv-ide-2025.1/toolchain/bin/../lib/gcc/riscv-none-embed/8.3.0/../../../../riscv-none-embed/lib/rv32im/ilp32\libc.a(lib_a-fflush.o)
                0x00000000010031f0                _fflush_r
 .text._cleanup_r
                0x0000000001003250        0xc d:/efinity/efinity-riscv-ide-2025.1/toolchain/bin/../lib/gcc/riscv-none-embed/8.3.0/../../../../riscv-none-embed/lib/rv32im/ilp32\libc.a(lib_a-findfp.o)
                0x0000000001003250                _cleanup_r
 .text.__sinit.part.0
                0x000000000100325c      0x184 d:/efinity/efinity-riscv-ide-2025.1/toolchain/bin/../lib/gcc/riscv-none-embed/8.3.0/../../../../riscv-none-embed/lib/rv32im/ilp32\libc.a(lib_a-findfp.o)
 .text.__sinit  0x00000000010033e0       0x10 d:/efinity/efinity-riscv-ide-2025.1/toolchain/bin/../lib/gcc/riscv-none-embed/8.3.0/../../../../riscv-none-embed/lib/rv32im/ilp32\libc.a(lib_a-findfp.o)
                0x00000000010033e0                __sinit
 .text.__sfp_lock_acquire
                0x00000000010033f0        0x4 d:/efinity/efinity-riscv-ide-2025.1/toolchain/bin/../lib/gcc/riscv-none-embed/8.3.0/../../../../riscv-none-embed/lib/rv32im/ilp32\libc.a(lib_a-findfp.o)
                0x00000000010033f0                __sfp_lock_acquire
 .text.__sfp_lock_release
                0x00000000010033f4        0x4 d:/efinity/efinity-riscv-ide-2025.1/toolchain/bin/../lib/gcc/riscv-none-embed/8.3.0/../../../../riscv-none-embed/lib/rv32im/ilp32\libc.a(lib_a-findfp.o)
                0x00000000010033f4                __sfp_lock_release
 .text.__fputwc
                0x00000000010033f8      0x12c d:/efinity/efinity-riscv-ide-2025.1/toolchain/bin/../lib/gcc/riscv-none-embed/8.3.0/../../../../riscv-none-embed/lib/rv32im/ilp32\libc.a(lib_a-fputwc.o)
                0x00000000010033f8                __fputwc
 .text._fputwc_r
                0x0000000001003524       0x2c d:/efinity/efinity-riscv-ide-2025.1/toolchain/bin/../lib/gcc/riscv-none-embed/8.3.0/../../../../riscv-none-embed/lib/rv32im/ilp32\libc.a(lib_a-fputwc.o)
                0x0000000001003524                _fputwc_r
 .text._malloc_trim_r
                0x0000000001003550      0x138 d:/efinity/efinity-riscv-ide-2025.1/toolchain/bin/../lib/gcc/riscv-none-embed/8.3.0/../../../../riscv-none-embed/lib/rv32im/ilp32\libc.a(lib_a-freer.o)
                0x0000000001003550                _malloc_trim_r
 .text._free_r  0x0000000001003688      0x318 d:/efinity/efinity-riscv-ide-2025.1/toolchain/bin/../lib/gcc/riscv-none-embed/8.3.0/../../../../riscv-none-embed/lib/rv32im/ilp32\libc.a(lib_a-freer.o)
                0x0000000001003688                _free_r
 .text.__sfvwrite_r
                0x00000000010039a0      0x4b0 d:/efinity/efinity-riscv-ide-2025.1/toolchain/bin/../lib/gcc/riscv-none-embed/8.3.0/../../../../riscv-none-embed/lib/rv32im/ilp32\libc.a(lib_a-fvwrite.o)
                0x00000000010039a0                __sfvwrite_r
 .text._fwalk_reent
                0x0000000001003e50       0xc0 d:/efinity/efinity-riscv-ide-2025.1/toolchain/bin/../lib/gcc/riscv-none-embed/8.3.0/../../../../riscv-none-embed/lib/rv32im/ilp32\libc.a(lib_a-fwalk.o)
                0x0000000001003e50                _fwalk_reent
 .text._localeconv_r
                0x0000000001003f10        0xc d:/efinity/efinity-riscv-ide-2025.1/toolchain/bin/../lib/gcc/riscv-none-embed/8.3.0/../../../../riscv-none-embed/lib/rv32im/ilp32\libc.a(lib_a-localeconv.o)
                0x0000000001003f10                _localeconv_r
 .text.__locale_mb_cur_max
                0x0000000001003f1c        0xc d:/efinity/efinity-riscv-ide-2025.1/toolchain/bin/../lib/gcc/riscv-none-embed/8.3.0/../../../../riscv-none-embed/lib/rv32im/ilp32\libc.a(lib_a-locale.o)
                0x0000000001003f1c                __locale_mb_cur_max
 .text.__swhatbuf_r
                0x0000000001003f28       0xd0 d:/efinity/efinity-riscv-ide-2025.1/toolchain/bin/../lib/gcc/riscv-none-embed/8.3.0/../../../../riscv-none-embed/lib/rv32im/ilp32\libc.a(lib_a-makebuf.o)
                0x0000000001003f28                __swhatbuf_r
 .text.__smakebuf_r
                0x0000000001003ff8      0x120 d:/efinity/efinity-riscv-ide-2025.1/toolchain/bin/../lib/gcc/riscv-none-embed/8.3.0/../../../../riscv-none-embed/lib/rv32im/ilp32\libc.a(lib_a-makebuf.o)
                0x0000000001003ff8                __smakebuf_r
 .text.__ascii_mbtowc
                0x0000000001004118       0x68 d:/efinity/efinity-riscv-ide-2025.1/toolchain/bin/../lib/gcc/riscv-none-embed/8.3.0/../../../../riscv-none-embed/lib/rv32im/ilp32\libc.a(lib_a-mbtowc_r.o)
                0x0000000001004118                __ascii_mbtowc
 .text.memchr   0x0000000001004180       0xdc d:/efinity/efinity-riscv-ide-2025.1/toolchain/bin/../lib/gcc/riscv-none-embed/8.3.0/../../../../riscv-none-embed/lib/rv32im/ilp32\libc.a(lib_a-memchr.o)
                0x0000000001004180                memchr
 .text._realloc_r
                0x000000000100425c      0x5dc d:/efinity/efinity-riscv-ide-2025.1/toolchain/bin/../lib/gcc/riscv-none-embed/8.3.0/../../../../riscv-none-embed/lib/rv32im/ilp32\libc.a(lib_a-reallocr.o)
                0x000000000100425c                _realloc_r
 .text.__sread  0x0000000001004838       0x5c d:/efinity/efinity-riscv-ide-2025.1/toolchain/bin/../lib/gcc/riscv-none-embed/8.3.0/../../../../riscv-none-embed/lib/rv32im/ilp32\libc.a(lib_a-stdio.o)
                0x0000000001004838                __sread
 .text.__swrite
                0x0000000001004894       0x88 d:/efinity/efinity-riscv-ide-2025.1/toolchain/bin/../lib/gcc/riscv-none-embed/8.3.0/../../../../riscv-none-embed/lib/rv32im/ilp32\libc.a(lib_a-stdio.o)
                0x0000000001004894                __swrite
 .text.__sseek  0x000000000100491c       0x68 d:/efinity/efinity-riscv-ide-2025.1/toolchain/bin/../lib/gcc/riscv-none-embed/8.3.0/../../../../riscv-none-embed/lib/rv32im/ilp32\libc.a(lib_a-stdio.o)
                0x000000000100491c                __sseek
 .text.__sclose
                0x0000000001004984        0x8 d:/efinity/efinity-riscv-ide-2025.1/toolchain/bin/../lib/gcc/riscv-none-embed/8.3.0/../../../../riscv-none-embed/lib/rv32im/ilp32\libc.a(lib_a-stdio.o)
                0x0000000001004984                __sclose
 .text.strncpy  0x000000000100498c       0xcc d:/efinity/efinity-riscv-ide-2025.1/toolchain/bin/../lib/gcc/riscv-none-embed/8.3.0/../../../../riscv-none-embed/lib/rv32im/ilp32\libc.a(lib_a-strncpy.o)
                0x000000000100498c                strncpy
 .text.__swbuf_r
                0x0000000001004a58      0x184 d:/efinity/efinity-riscv-ide-2025.1/toolchain/bin/../lib/gcc/riscv-none-embed/8.3.0/../../../../riscv-none-embed/lib/rv32im/ilp32\libc.a(lib_a-wbuf.o)
                0x0000000001004a58                __swbuf_r
 .text._wcrtomb_r
                0x0000000001004bdc       0x7c d:/efinity/efinity-riscv-ide-2025.1/toolchain/bin/../lib/gcc/riscv-none-embed/8.3.0/../../../../riscv-none-embed/lib/rv32im/ilp32\libc.a(lib_a-wcrtomb.o)
                0x0000000001004bdc                _wcrtomb_r
 .text.__ascii_wctomb
                0x0000000001004c58       0x30 d:/efinity/efinity-riscv-ide-2025.1/toolchain/bin/../lib/gcc/riscv-none-embed/8.3.0/../../../../riscv-none-embed/lib/rv32im/ilp32\libc.a(lib_a-wctomb_r.o)
                0x0000000001004c58                __ascii_wctomb
 .text._write_r
                0x0000000001004c88       0x68 d:/efinity/efinity-riscv-ide-2025.1/toolchain/bin/../lib/gcc/riscv-none-embed/8.3.0/../../../../riscv-none-embed/lib/rv32im/ilp32\libc.a(lib_a-writer.o)
                0x0000000001004c88                _write_r
 .text._close_r
                0x0000000001004cf0       0x5c d:/efinity/efinity-riscv-ide-2025.1/toolchain/bin/../lib/gcc/riscv-none-embed/8.3.0/../../../../riscv-none-embed/lib/rv32im/ilp32\libc.a(lib_a-closer.o)
                0x0000000001004cf0                _close_r
 .text._fclose_r
                0x0000000001004d4c      0x110 d:/efinity/efinity-riscv-ide-2025.1/toolchain/bin/../lib/gcc/riscv-none-embed/8.3.0/../../../../riscv-none-embed/lib/rv32im/ilp32\libc.a(lib_a-fclose.o)
                0x0000000001004d4c                _fclose_r
 .text._fstat_r
                0x0000000001004e5c       0x64 d:/efinity/efinity-riscv-ide-2025.1/toolchain/bin/../lib/gcc/riscv-none-embed/8.3.0/../../../../riscv-none-embed/lib/rv32im/ilp32\libc.a(lib_a-fstatr.o)
                0x0000000001004e5c                _fstat_r
 .text._isatty_r
                0x0000000001004ec0       0x5c d:/efinity/efinity-riscv-ide-2025.1/toolchain/bin/../lib/gcc/riscv-none-embed/8.3.0/../../../../riscv-none-embed/lib/rv32im/ilp32\libc.a(lib_a-isattyr.o)
                0x0000000001004ec0                _isatty_r
 .text._lseek_r
                0x0000000001004f1c       0x68 d:/efinity/efinity-riscv-ide-2025.1/toolchain/bin/../lib/gcc/riscv-none-embed/8.3.0/../../../../riscv-none-embed/lib/rv32im/ilp32\libc.a(lib_a-lseekr.o)
                0x0000000001004f1c                _lseek_r
 .text._read_r  0x0000000001004f84       0x68 d:/efinity/efinity-riscv-ide-2025.1/toolchain/bin/../lib/gcc/riscv-none-embed/8.3.0/../../../../riscv-none-embed/lib/rv32im/ilp32\libc.a(lib_a-readr.o)
                0x0000000001004f84                _read_r
 *(.text.main)
 *(.text.unlikely .text.unlikely.*)
 *(.text.startup .text.startup.*)
 .text.startup.main
                0x0000000001004fec      0xee8 build/out/src/main.o
                0x0000000001004fec                main
 .text.startup._ZL8ops_loadv
                0x0000000001005ed4       0x48 ../common/tinyml_lib.a(ops_api.o)
 .text.startup._ZL4initv
                0x0000000001005f1c       0x30 ../common/tinyml_lib.a(depthwise.o)
 .text.startup._ZL19__depthwise_op_loadv
                0x0000000001005f4c       0x48 ../common/tinyml_lib.a(depthwise.o)
 .text.startup._ZL4initv
                0x0000000001005f94       0x30 ../common/tinyml_lib.a(conv.o)
 .text.startup._ZL14__conv_op_loadv
                0x0000000001005fc4       0x48 ../common/tinyml_lib.a(conv.o)
 .text.startup._ZL4initv
                0x000000000100600c       0x30 ../common/tinyml_lib.a(mul.o)
 .text.startup._ZL13__mul_op_loadv
                0x000000000100603c       0x48 ../common/tinyml_lib.a(mul.o)
 .text.startup._ZL4initv
                0x0000000001006084       0x30 ../common/tinyml_lib.a(maxmin.o)
 .text.startup._ZL16__maxmin_op_loadv
                0x00000000010060b4       0x48 ../common/tinyml_lib.a(maxmin.o)
 .text.startup._ZL4initv
                0x00000000010060fc       0x30 ../common/tinyml_lib.a(add.o)
 .text.startup._ZL13__add_op_loadv
                0x000000000100612c       0x48 ../common/tinyml_lib.a(add.o)
 .text.startup._ZL4initv
                0x0000000001006174       0x30 ../common/tinyml_lib.a(lr.o)
 .text.startup._ZL12__lr_op_loadv
                0x00000000010061a4       0x48 ../common/tinyml_lib.a(lr.o)
 .text.startup._ZL4initv
                0x00000000010061ec       0x30 ../common/tinyml_lib.a(fully_connected.o)
 .text.startup._ZL23__fully_connect_op_loadv
                0x000000000100621c       0x48 ../common/tinyml_lib.a(fully_connected.o)
 *(.text .text.*)
 .text.__tcf_0  0x0000000001006264        0x4 build/out/src/main.o
 .text.__tcf_2  0x0000000001006268        0xc build/out/src/main.o
 .text._ZL10bsp_printfPKcz
                0x0000000001006274      0x298 build/out/src/main.o
 .text.__tcf_1  0x000000000100650c        0x4 build/out/src/main.o
 .text._ZL10bsp_printfPKcz.constprop.4
                0x0000000001006510      0x2cc build/out/src/main.o
 .text._ZL10bsp_printfPKcz.constprop.5
                0x00000000010067dc      0x2cc build/out/src/main.o
 .text._ZL10bsp_printfPKcz.constprop.6
                0x0000000001006aa8      0x2cc build/out/src/main.o
 .text.trap     0x0000000001006d74       0xe0 build/out/src/platform/interrupt/intc.o
                0x0000000001006d74                trap
 .text.TfLiteIntArrayGetSizeInBytes
                0x0000000001006e54        0xc build/out/src/tensorflow/lite/c/common.o
                0x0000000001006e54                TfLiteIntArrayGetSizeInBytes
 .text.TfLiteIntArrayEqual
                0x0000000001006e60      0x1a8 build/out/src/tensorflow/lite/c/common.o
                0x0000000001006e60                TfLiteIntArrayEqual
 .text.TfLiteTypeGetName
                0x0000000001007008       0x2c build/out/src/tensorflow/lite/c/common.o
                0x0000000001007008                TfLiteTypeGetName
 .text._ZN6tflite25GetRegistrationFromOpCodeEPKNS_12OperatorCodeERKNS_10OpResolverEPNS_13ErrorReporterEPPK18TfLiteRegistration
                0x0000000001007034      0x170 build/out/src/tensorflow/lite/core/api/op_resolver.o
                0x0000000001007034                tflite::GetRegistrationFromOpCode(tflite::OperatorCode const*, tflite::OpResolver const&, tflite::ErrorReporter*, TfLiteRegistration const**)
 .text._ZN6tflite13ErrorReporter6ReportEPKcz
                0x00000000010071a4       0x40 build/out/src/tensorflow/lite/core/api/error_reporter.o
                0x00000000010071a4                tflite::ErrorReporter::Report(char const*, ...)
 .text._ZN6tflite13ErrorReporter11ReportErrorEPvPKcz
                0x00000000010071e4       0x40 build/out/src/tensorflow/lite/core/api/error_reporter.o
                0x00000000010071e4                tflite::ErrorReporter::ReportError(void*, char const*, ...)
 .text._ZN6tflite17ConvertTensorTypeENS_10TensorTypeEP10TfLiteTypePNS_13ErrorReporterE
                0x0000000001007224      0x150 build/out/src/tensorflow/lite/core/api/flatbuffer_conversions.o
                0x0000000001007224                tflite::ConvertTensorType(tflite::TensorType, TfLiteType*, tflite::ErrorReporter*)
 .text._ZN6tflite8ParseAbsEPKNS_8OperatorEPNS_13ErrorReporterEPNS_20BuiltinDataAllocatorEPPv
                0x0000000001007374        0x8 build/out/src/tensorflow/lite/core/api/flatbuffer_conversions.o
                0x0000000001007374                tflite::ParseAbs(tflite::Operator const*, tflite::ErrorReporter*, tflite::BuiltinDataAllocator*, void**)
 .text._ZN6tflite8ParseAddEPKNS_8OperatorEPNS_13ErrorReporterEPNS_20BuiltinDataAllocatorEPPv
                0x000000000100737c      0x120 build/out/src/tensorflow/lite/core/api/flatbuffer_conversions.o
                0x000000000100737c                tflite::ParseAdd(tflite::Operator const*, tflite::ErrorReporter*, tflite::BuiltinDataAllocator*, void**)
 .text._ZN6tflite9ParseAddNEPKNS_8OperatorEPNS_13ErrorReporterEPNS_20BuiltinDataAllocatorEPPv
                0x000000000100749c        0x8 build/out/src/tensorflow/lite/core/api/flatbuffer_conversions.o
                0x000000000100749c                tflite::ParseAddN(tflite::Operator const*, tflite::ErrorReporter*, tflite::BuiltinDataAllocator*, void**)
 .text._ZN6tflite11ParseArgMaxEPKNS_8OperatorEPNS_13ErrorReporterEPNS_20BuiltinDataAllocatorEPPv
                0x00000000010074a4      0x11c build/out/src/tensorflow/lite/core/api/flatbuffer_conversions.o
                0x00000000010074a4                tflite::ParseArgMax(tflite::Operator const*, tflite::ErrorReporter*, tflite::BuiltinDataAllocator*, void**)
 .text._ZN6tflite11ParseArgMinEPKNS_8OperatorEPNS_13ErrorReporterEPNS_20BuiltinDataAllocatorEPPv
                0x00000000010075c0      0x11c build/out/src/tensorflow/lite/core/api/flatbuffer_conversions.o
                0x00000000010075c0                tflite::ParseArgMin(tflite::Operator const*, tflite::ErrorReporter*, tflite::BuiltinDataAllocator*, void**)
 .text._ZN6tflite19ParseBatchToSpaceNdEPKNS_8OperatorEPNS_13ErrorReporterEPNS_20BuiltinDataAllocatorEPPv
                0x00000000010076dc        0x8 build/out/src/tensorflow/lite/core/api/flatbuffer_conversions.o
                0x00000000010076dc                tflite::ParseBatchToSpaceNd(tflite::Operator const*, tflite::ErrorReporter*, tflite::BuiltinDataAllocator*, void**)
 .text._ZN6tflite9ParseCeilEPKNS_8OperatorEPNS_13ErrorReporterEPNS_20BuiltinDataAllocatorEPPv
                0x00000000010076e4        0x8 build/out/src/tensorflow/lite/core/api/flatbuffer_conversions.o
                0x00000000010076e4                tflite::ParseCeil(tflite::Operator const*, tflite::ErrorReporter*, tflite::BuiltinDataAllocator*, void**)
 .text._ZN6tflite18ParseConcatenationEPKNS_8OperatorEPNS_13ErrorReporterEPNS_20BuiltinDataAllocatorEPPv
                0x00000000010076ec      0x114 build/out/src/tensorflow/lite/core/api/flatbuffer_conversions.o
                0x00000000010076ec                tflite::ParseConcatenation(tflite::Operator const*, tflite::ErrorReporter*, tflite::BuiltinDataAllocator*, void**)
 .text._ZN6tflite11ParseConv2DEPKNS_8OperatorEPNS_13ErrorReporterEPNS_20BuiltinDataAllocatorEPPv
                0x0000000001007800      0x1f0 build/out/src/tensorflow/lite/core/api/flatbuffer_conversions.o
                0x0000000001007800                tflite::ParseConv2D(tflite::Operator const*, tflite::ErrorReporter*, tflite::BuiltinDataAllocator*, void**)
 .text._ZN6tflite11ParseCumsumEPKNS_8OperatorEPNS_13ErrorReporterEPNS_20BuiltinDataAllocatorEPPv
                0x00000000010079f0      0x104 build/out/src/tensorflow/lite/core/api/flatbuffer_conversions.o
                0x00000000010079f0                tflite::ParseCumsum(tflite::Operator const*, tflite::ErrorReporter*, tflite::BuiltinDataAllocator*, void**)
 .text._ZN6tflite8ParseCosEPKNS_8OperatorEPNS_13ErrorReporterEPNS_20BuiltinDataAllocatorEPPv
                0x0000000001007af4        0x8 build/out/src/tensorflow/lite/core/api/flatbuffer_conversions.o
                0x0000000001007af4                tflite::ParseCos(tflite::Operator const*, tflite::ErrorReporter*, tflite::BuiltinDataAllocator*, void**)
 .text._ZN6tflite17ParseDepthToSpaceEPKNS_8OperatorEPNS_13ErrorReporterEPNS_20BuiltinDataAllocatorEPPv
                0x0000000001007afc       0xcc build/out/src/tensorflow/lite/core/api/flatbuffer_conversions.o
                0x0000000001007afc                tflite::ParseDepthToSpace(tflite::Operator const*, tflite::ErrorReporter*, tflite::BuiltinDataAllocator*, void**)
 .text._ZN6tflite20ParseDepthwiseConv2DEPKNS_8OperatorEPNS_13ErrorReporterEPNS_20BuiltinDataAllocatorEPPv
                0x0000000001007bc8      0x21c build/out/src/tensorflow/lite/core/api/flatbuffer_conversions.o
                0x0000000001007bc8                tflite::ParseDepthwiseConv2D(tflite::Operator const*, tflite::ErrorReporter*, tflite::BuiltinDataAllocator*, void**)
 .text._ZN6tflite15ParseDequantizeEPKNS_8OperatorEPNS_13ErrorReporterEPNS_20BuiltinDataAllocatorEPPv
                0x0000000001007de4        0x8 build/out/src/tensorflow/lite/core/api/flatbuffer_conversions.o
                0x0000000001007de4                tflite::ParseDequantize(tflite::Operator const*, tflite::ErrorReporter*, tflite::BuiltinDataAllocator*, void**)
 .text._ZN6tflite8ParseEluEPKNS_8OperatorEPNS_13ErrorReporterEPNS_20BuiltinDataAllocatorEPPv
                0x0000000001007dec        0x8 build/out/src/tensorflow/lite/core/api/flatbuffer_conversions.o
                0x0000000001007dec                tflite::ParseElu(tflite::Operator const*, tflite::ErrorReporter*, tflite::BuiltinDataAllocator*, void**)
 .text._ZN6tflite10ParseEqualEPKNS_8OperatorEPNS_13ErrorReporterEPNS_20BuiltinDataAllocatorEPPv
                0x0000000001007df4        0x8 build/out/src/tensorflow/lite/core/api/flatbuffer_conversions.o
                0x0000000001007df4                tflite::ParseEqual(tflite::Operator const*, tflite::ErrorReporter*, tflite::BuiltinDataAllocator*, void**)
 .text._ZN6tflite10ParseFloorEPKNS_8OperatorEPNS_13ErrorReporterEPNS_20BuiltinDataAllocatorEPPv
                0x0000000001007dfc        0x8 build/out/src/tensorflow/lite/core/api/flatbuffer_conversions.o
                0x0000000001007dfc                tflite::ParseFloor(tflite::Operator const*, tflite::ErrorReporter*, tflite::BuiltinDataAllocator*, void**)
 .text._ZN6tflite13ParseFloorDivEPKNS_8OperatorEPNS_13ErrorReporterEPNS_20BuiltinDataAllocatorEPPv
                0x0000000001007e04        0x8 build/out/src/tensorflow/lite/core/api/flatbuffer_conversions.o
                0x0000000001007e04                tflite::ParseFloorDiv(tflite::Operator const*, tflite::ErrorReporter*, tflite::BuiltinDataAllocator*, void**)
 .text._ZN6tflite13ParseFloorModEPKNS_8OperatorEPNS_13ErrorReporterEPNS_20BuiltinDataAllocatorEPPv
                0x0000000001007e0c        0x8 build/out/src/tensorflow/lite/core/api/flatbuffer_conversions.o
                0x0000000001007e0c                tflite::ParseFloorMod(tflite::Operator const*, tflite::ErrorReporter*, tflite::BuiltinDataAllocator*, void**)
 .text._ZN6tflite19ParseFullyConnectedEPKNS_8OperatorEPNS_13ErrorReporterEPNS_20BuiltinDataAllocatorEPPv
                0x0000000001007e14      0x1d4 build/out/src/tensorflow/lite/core/api/flatbuffer_conversions.o
                0x0000000001007e14                tflite::ParseFullyConnected(tflite::Operator const*, tflite::ErrorReporter*, tflite::BuiltinDataAllocator*, void**)
 .text._ZN6tflite12ParseGreaterEPKNS_8OperatorEPNS_13ErrorReporterEPNS_20BuiltinDataAllocatorEPPv
                0x0000000001007fe8        0x8 build/out/src/tensorflow/lite/core/api/flatbuffer_conversions.o
                0x0000000001007fe8                tflite::ParseGreater(tflite::Operator const*, tflite::ErrorReporter*, tflite::BuiltinDataAllocator*, void**)
 .text._ZN6tflite17ParseGreaterEqualEPKNS_8OperatorEPNS_13ErrorReporterEPNS_20BuiltinDataAllocatorEPPv
                0x0000000001007ff0        0x8 build/out/src/tensorflow/lite/core/api/flatbuffer_conversions.o
                0x0000000001007ff0                tflite::ParseGreaterEqual(tflite::Operator const*, tflite::ErrorReporter*, tflite::BuiltinDataAllocator*, void**)
 .text._ZN6tflite14ParseHardSwishEPKNS_8OperatorEPNS_13ErrorReporterEPNS_20BuiltinDataAllocatorEPPv
                0x0000000001007ff8        0x8 build/out/src/tensorflow/lite/core/api/flatbuffer_conversions.o
                0x0000000001007ff8                tflite::ParseHardSwish(tflite::Operator const*, tflite::ErrorReporter*, tflite::BuiltinDataAllocator*, void**)
 .text._ZN6tflite20ParseL2NormalizationEPKNS_8OperatorEPNS_13ErrorReporterEPNS_20BuiltinDataAllocatorEPPv
                0x0000000001008000       0xe4 build/out/src/tensorflow/lite/core/api/flatbuffer_conversions.o
                0x0000000001008000                tflite::ParseL2Normalization(tflite::Operator const*, tflite::ErrorReporter*, tflite::BuiltinDataAllocator*, void**)
 .text._ZN6tflite14ParseLeakyReluEPKNS_8OperatorEPNS_13ErrorReporterEPNS_20BuiltinDataAllocatorEPPv
                0x00000000010080e4       0xd0 build/out/src/tensorflow/lite/core/api/flatbuffer_conversions.o
                0x00000000010080e4                tflite::ParseLeakyRelu(tflite::Operator const*, tflite::ErrorReporter*, tflite::BuiltinDataAllocator*, void**)
 .text._ZN6tflite9ParseLessEPKNS_8OperatorEPNS_13ErrorReporterEPNS_20BuiltinDataAllocatorEPPv
                0x00000000010081b4        0x8 build/out/src/tensorflow/lite/core/api/flatbuffer_conversions.o
                0x00000000010081b4                tflite::ParseLess(tflite::Operator const*, tflite::ErrorReporter*, tflite::BuiltinDataAllocator*, void**)
 .text._ZN6tflite14ParseLessEqualEPKNS_8OperatorEPNS_13ErrorReporterEPNS_20BuiltinDataAllocatorEPPv
                0x00000000010081bc        0x8 build/out/src/tensorflow/lite/core/api/flatbuffer_conversions.o
                0x00000000010081bc                tflite::ParseLessEqual(tflite::Operator const*, tflite::ErrorReporter*, tflite::BuiltinDataAllocator*, void**)
 .text._ZN6tflite8ParseLogEPKNS_8OperatorEPNS_13ErrorReporterEPNS_20BuiltinDataAllocatorEPPv
                0x00000000010081c4        0x8 build/out/src/tensorflow/lite/core/api/flatbuffer_conversions.o
                0x00000000010081c4                tflite::ParseLog(tflite::Operator const*, tflite::ErrorReporter*, tflite::BuiltinDataAllocator*, void**)
 .text._ZN6tflite15ParseLogicalAndEPKNS_8OperatorEPNS_13ErrorReporterEPNS_20BuiltinDataAllocatorEPPv
                0x00000000010081cc        0x8 build/out/src/tensorflow/lite/core/api/flatbuffer_conversions.o
                0x00000000010081cc                tflite::ParseLogicalAnd(tflite::Operator const*, tflite::ErrorReporter*, tflite::BuiltinDataAllocator*, void**)
 .text._ZN6tflite15ParseLogicalNotEPKNS_8OperatorEPNS_13ErrorReporterEPNS_20BuiltinDataAllocatorEPPv
                0x00000000010081d4        0x8 build/out/src/tensorflow/lite/core/api/flatbuffer_conversions.o
                0x00000000010081d4                tflite::ParseLogicalNot(tflite::Operator const*, tflite::ErrorReporter*, tflite::BuiltinDataAllocator*, void**)
 .text._ZN6tflite14ParseLogicalOrEPKNS_8OperatorEPNS_13ErrorReporterEPNS_20BuiltinDataAllocatorEPPv
                0x00000000010081dc        0x8 build/out/src/tensorflow/lite/core/api/flatbuffer_conversions.o
                0x00000000010081dc                tflite::ParseLogicalOr(tflite::Operator const*, tflite::ErrorReporter*, tflite::BuiltinDataAllocator*, void**)
 .text._ZN6tflite13ParseLogisticEPKNS_8OperatorEPNS_13ErrorReporterEPNS_20BuiltinDataAllocatorEPPv
                0x00000000010081e4        0x8 build/out/src/tensorflow/lite/core/api/flatbuffer_conversions.o
                0x00000000010081e4                tflite::ParseLogistic(tflite::Operator const*, tflite::ErrorReporter*, tflite::BuiltinDataAllocator*, void**)
 .text._ZN6tflite12ParseMaximumEPKNS_8OperatorEPNS_13ErrorReporterEPNS_20BuiltinDataAllocatorEPPv
                0x00000000010081ec        0x8 build/out/src/tensorflow/lite/core/api/flatbuffer_conversions.o
                0x00000000010081ec                tflite::ParseMaximum(tflite::Operator const*, tflite::ErrorReporter*, tflite::BuiltinDataAllocator*, void**)
 .text._ZN6tflite12ParseMinimumEPKNS_8OperatorEPNS_13ErrorReporterEPNS_20BuiltinDataAllocatorEPPv
                0x00000000010081f4        0x8 build/out/src/tensorflow/lite/core/api/flatbuffer_conversions.o
                0x00000000010081f4                tflite::ParseMinimum(tflite::Operator const*, tflite::ErrorReporter*, tflite::BuiltinDataAllocator*, void**)
 .text._ZN6tflite8ParseMulEPKNS_8OperatorEPNS_13ErrorReporterEPNS_20BuiltinDataAllocatorEPPv
                0x00000000010081fc       0xe8 build/out/src/tensorflow/lite/core/api/flatbuffer_conversions.o
                0x00000000010081fc                tflite::ParseMul(tflite::Operator const*, tflite::ErrorReporter*, tflite::BuiltinDataAllocator*, void**)
 .text._ZN6tflite8ParseNegEPKNS_8OperatorEPNS_13ErrorReporterEPNS_20BuiltinDataAllocatorEPPv
                0x00000000010082e4        0x8 build/out/src/tensorflow/lite/core/api/flatbuffer_conversions.o
                0x00000000010082e4                tflite::ParseNeg(tflite::Operator const*, tflite::ErrorReporter*, tflite::BuiltinDataAllocator*, void**)
 .text._ZN6tflite13ParseNotEqualEPKNS_8OperatorEPNS_13ErrorReporterEPNS_20BuiltinDataAllocatorEPPv
                0x00000000010082ec        0x8 build/out/src/tensorflow/lite/core/api/flatbuffer_conversions.o
                0x00000000010082ec                tflite::ParseNotEqual(tflite::Operator const*, tflite::ErrorReporter*, tflite::BuiltinDataAllocator*, void**)
 .text._ZN6tflite9ParsePackEPKNS_8OperatorEPNS_13ErrorReporterEPNS_20BuiltinDataAllocatorEPPv
                0x00000000010082f4       0xfc build/out/src/tensorflow/lite/core/api/flatbuffer_conversions.o
                0x00000000010082f4                tflite::ParsePack(tflite::Operator const*, tflite::ErrorReporter*, tflite::BuiltinDataAllocator*, void**)
 .text._ZN6tflite8ParsePadEPKNS_8OperatorEPNS_13ErrorReporterEPNS_20BuiltinDataAllocatorEPPv
                0x00000000010083f0        0x8 build/out/src/tensorflow/lite/core/api/flatbuffer_conversions.o
                0x00000000010083f0                tflite::ParsePad(tflite::Operator const*, tflite::ErrorReporter*, tflite::BuiltinDataAllocator*, void**)
 .text._ZN6tflite10ParsePadV2EPKNS_8OperatorEPNS_13ErrorReporterEPNS_20BuiltinDataAllocatorEPPv
                0x00000000010083f8        0x8 build/out/src/tensorflow/lite/core/api/flatbuffer_conversions.o
                0x00000000010083f8                tflite::ParsePadV2(tflite::Operator const*, tflite::ErrorReporter*, tflite::BuiltinDataAllocator*, void**)
 .text._ZN6tflite9ParsePoolEPKNS_8OperatorEPNS_13ErrorReporterEPNS_20BuiltinDataAllocatorEPPv
                0x0000000001008400      0x1e0 build/out/src/tensorflow/lite/core/api/flatbuffer_conversions.o
                0x0000000001008400                tflite::ParsePool(tflite::Operator const*, tflite::ErrorReporter*, tflite::BuiltinDataAllocator*, void**)
 .text._ZN6tflite10ParsePreluEPKNS_8OperatorEPNS_13ErrorReporterEPNS_20BuiltinDataAllocatorEPPv
                0x00000000010085e0        0x8 build/out/src/tensorflow/lite/core/api/flatbuffer_conversions.o
                0x00000000010085e0                tflite::ParsePrelu(tflite::Operator const*, tflite::ErrorReporter*, tflite::BuiltinDataAllocator*, void**)
 .text._ZN6tflite13ParseQuantizeEPKNS_8OperatorEPNS_13ErrorReporterEPNS_20BuiltinDataAllocatorEPPv
                0x00000000010085e8        0x8 build/out/src/tensorflow/lite/core/api/flatbuffer_conversions.o
                0x00000000010085e8                tflite::ParseQuantize(tflite::Operator const*, tflite::ErrorReporter*, tflite::BuiltinDataAllocator*, void**)
 .text._ZN6tflite12ParseReducerEPKNS_8OperatorEPNS_13ErrorReporterEPNS_20BuiltinDataAllocatorEPPv
                0x00000000010085f0       0xd0 build/out/src/tensorflow/lite/core/api/flatbuffer_conversions.o
                0x00000000010085f0                tflite::ParseReducer(tflite::Operator const*, tflite::ErrorReporter*, tflite::BuiltinDataAllocator*, void**)
 .text._ZN6tflite9ParseReluEPKNS_8OperatorEPNS_13ErrorReporterEPNS_20BuiltinDataAllocatorEPPv
                0x00000000010086c0        0x8 build/out/src/tensorflow/lite/core/api/flatbuffer_conversions.o
                0x00000000010086c0                tflite::ParseRelu(tflite::Operator const*, tflite::ErrorReporter*, tflite::BuiltinDataAllocator*, void**)
 .text._ZN6tflite10ParseRelu6EPKNS_8OperatorEPNS_13ErrorReporterEPNS_20BuiltinDataAllocatorEPPv
                0x00000000010086c8        0x8 build/out/src/tensorflow/lite/core/api/flatbuffer_conversions.o
                0x00000000010086c8                tflite::ParseRelu6(tflite::Operator const*, tflite::ErrorReporter*, tflite::BuiltinDataAllocator*, void**)
 .text._ZN6tflite12ParseReshapeEPKNS_8OperatorEPNS_13ErrorReporterEPNS_20BuiltinDataAllocatorEPPv
                0x00000000010086d0      0x1e8 build/out/src/tensorflow/lite/core/api/flatbuffer_conversions.o
                0x00000000010086d0                tflite::ParseReshape(tflite::Operator const*, tflite::ErrorReporter*, tflite::BuiltinDataAllocator*, void**)
 .text._ZN6tflite19ParseResizeBilinearEPKNS_8OperatorEPNS_13ErrorReporterEPNS_20BuiltinDataAllocatorEPPv
                0x00000000010088b8      0x104 build/out/src/tensorflow/lite/core/api/flatbuffer_conversions.o
                0x00000000010088b8                tflite::ParseResizeBilinear(tflite::Operator const*, tflite::ErrorReporter*, tflite::BuiltinDataAllocator*, void**)
 .text._ZN6tflite26ParseResizeNearestNeighborEPKNS_8OperatorEPNS_13ErrorReporterEPNS_20BuiltinDataAllocatorEPPv
                0x00000000010089bc      0x104 build/out/src/tensorflow/lite/core/api/flatbuffer_conversions.o
                0x00000000010089bc                tflite::ParseResizeNearestNeighbor(tflite::Operator const*, tflite::ErrorReporter*, tflite::BuiltinDataAllocator*, void**)
 .text._ZN6tflite10ParseRoundEPKNS_8OperatorEPNS_13ErrorReporterEPNS_20BuiltinDataAllocatorEPPv
                0x0000000001008ac0        0x8 build/out/src/tensorflow/lite/core/api/flatbuffer_conversions.o
                0x0000000001008ac0                tflite::ParseRound(tflite::Operator const*, tflite::ErrorReporter*, tflite::BuiltinDataAllocator*, void**)
 .text._ZN6tflite10ParseRsqrtEPKNS_8OperatorEPNS_13ErrorReporterEPNS_20BuiltinDataAllocatorEPPv
                0x0000000001008ac8        0x8 build/out/src/tensorflow/lite/core/api/flatbuffer_conversions.o
                0x0000000001008ac8                tflite::ParseRsqrt(tflite::Operator const*, tflite::ErrorReporter*, tflite::BuiltinDataAllocator*, void**)
 .text._ZN6tflite10ParseShapeEPKNS_8OperatorEPNS_13ErrorReporterEPNS_20BuiltinDataAllocatorEPPv
                0x0000000001008ad0      0x11c build/out/src/tensorflow/lite/core/api/flatbuffer_conversions.o
                0x0000000001008ad0                tflite::ParseShape(tflite::Operator const*, tflite::ErrorReporter*, tflite::BuiltinDataAllocator*, void**)
 .text._ZN6tflite8ParseSinEPKNS_8OperatorEPNS_13ErrorReporterEPNS_20BuiltinDataAllocatorEPPv
                0x0000000001008bec        0x8 build/out/src/tensorflow/lite/core/api/flatbuffer_conversions.o
                0x0000000001008bec                tflite::ParseSin(tflite::Operator const*, tflite::ErrorReporter*, tflite::BuiltinDataAllocator*, void**)
 .text._ZN6tflite10ParseSliceEPKNS_8OperatorEPNS_13ErrorReporterEPNS_20BuiltinDataAllocatorEPPv
                0x0000000001008bf4        0x8 build/out/src/tensorflow/lite/core/api/flatbuffer_conversions.o
                0x0000000001008bf4                tflite::ParseSlice(tflite::Operator const*, tflite::ErrorReporter*, tflite::BuiltinDataAllocator*, void**)
 .text._ZN6tflite12ParseSoftmaxEPKNS_8OperatorEPNS_13ErrorReporterEPNS_20BuiltinDataAllocatorEPPv
                0x0000000001008bfc       0xd0 build/out/src/tensorflow/lite/core/api/flatbuffer_conversions.o
                0x0000000001008bfc                tflite::ParseSoftmax(tflite::Operator const*, tflite::ErrorReporter*, tflite::BuiltinDataAllocator*, void**)
 .text._ZN6tflite19ParseSpaceToBatchNdEPKNS_8OperatorEPNS_13ErrorReporterEPNS_20BuiltinDataAllocatorEPPv
                0x0000000001008ccc        0x8 build/out/src/tensorflow/lite/core/api/flatbuffer_conversions.o
                0x0000000001008ccc                tflite::ParseSpaceToBatchNd(tflite::Operator const*, tflite::ErrorReporter*, tflite::BuiltinDataAllocator*, void**)
 .text._ZN6tflite10ParseSplitEPKNS_8OperatorEPNS_13ErrorReporterEPNS_20BuiltinDataAllocatorEPPv
                0x0000000001008cd4       0xcc build/out/src/tensorflow/lite/core/api/flatbuffer_conversions.o
                0x0000000001008cd4                tflite::ParseSplit(tflite::Operator const*, tflite::ErrorReporter*, tflite::BuiltinDataAllocator*, void**)
 .text._ZN6tflite11ParseSplitVEPKNS_8OperatorEPNS_13ErrorReporterEPNS_20BuiltinDataAllocatorEPPv
                0x0000000001008da0       0xcc build/out/src/tensorflow/lite/core/api/flatbuffer_conversions.o
                0x0000000001008da0                tflite::ParseSplitV(tflite::Operator const*, tflite::ErrorReporter*, tflite::BuiltinDataAllocator*, void**)
 .text._ZN6tflite12ParseSqueezeEPKNS_8OperatorEPNS_13ErrorReporterEPNS_20BuiltinDataAllocatorEPPv
                0x0000000001008e6c      0x1e8 build/out/src/tensorflow/lite/core/api/flatbuffer_conversions.o
                0x0000000001008e6c                tflite::ParseSqueeze(tflite::Operator const*, tflite::ErrorReporter*, tflite::BuiltinDataAllocator*, void**)
 .text._ZN6tflite9ParseSqrtEPKNS_8OperatorEPNS_13ErrorReporterEPNS_20BuiltinDataAllocatorEPPv
                0x0000000001009054        0x8 build/out/src/tensorflow/lite/core/api/flatbuffer_conversions.o
                0x0000000001009054                tflite::ParseSqrt(tflite::Operator const*, tflite::ErrorReporter*, tflite::BuiltinDataAllocator*, void**)
 .text._ZN6tflite11ParseSquareEPKNS_8OperatorEPNS_13ErrorReporterEPNS_20BuiltinDataAllocatorEPPv
                0x000000000100905c        0x8 build/out/src/tensorflow/lite/core/api/flatbuffer_conversions.o
                0x000000000100905c                tflite::ParseSquare(tflite::Operator const*, tflite::ErrorReporter*, tflite::BuiltinDataAllocator*, void**)
 .text._ZN6tflite17ParseStridedSliceEPKNS_8OperatorEPNS_13ErrorReporterEPNS_20BuiltinDataAllocatorEPPv
                0x0000000001009064      0x174 build/out/src/tensorflow/lite/core/api/flatbuffer_conversions.o
                0x0000000001009064                tflite::ParseStridedSlice(tflite::Operator const*, tflite::ErrorReporter*, tflite::BuiltinDataAllocator*, void**)
 .text._ZN6tflite8ParseSubEPKNS_8OperatorEPNS_13ErrorReporterEPNS_20BuiltinDataAllocatorEPPv
                0x00000000010091d8      0x120 build/out/src/tensorflow/lite/core/api/flatbuffer_conversions.o
                0x00000000010091d8                tflite::ParseSub(tflite::Operator const*, tflite::ErrorReporter*, tflite::BuiltinDataAllocator*, void**)
 .text._ZN6tflite9ParseSvdfEPKNS_8OperatorEPNS_13ErrorReporterEPNS_20BuiltinDataAllocatorEPPv
                0x00000000010092f8      0x14c build/out/src/tensorflow/lite/core/api/flatbuffer_conversions.o
                0x00000000010092f8                tflite::ParseSvdf(tflite::Operator const*, tflite::ErrorReporter*, tflite::BuiltinDataAllocator*, void**)
 .text._ZN6tflite9ParseTanhEPKNS_8OperatorEPNS_13ErrorReporterEPNS_20BuiltinDataAllocatorEPPv
                0x0000000001009444        0x8 build/out/src/tensorflow/lite/core/api/flatbuffer_conversions.o
                0x0000000001009444                tflite::ParseTanh(tflite::Operator const*, tflite::ErrorReporter*, tflite::BuiltinDataAllocator*, void**)
 .text._ZN6tflite14ParseTransposeEPKNS_8OperatorEPNS_13ErrorReporterEPNS_20BuiltinDataAllocatorEPPv
                0x000000000100944c        0x8 build/out/src/tensorflow/lite/core/api/flatbuffer_conversions.o
                0x000000000100944c                tflite::ParseTranspose(tflite::Operator const*, tflite::ErrorReporter*, tflite::BuiltinDataAllocator*, void**)
 .text._ZN6tflite18ParseTransposeConvEPKNS_8OperatorEPNS_13ErrorReporterEPNS_20BuiltinDataAllocatorEPPv
                0x0000000001009454      0x138 build/out/src/tensorflow/lite/core/api/flatbuffer_conversions.o
                0x0000000001009454                tflite::ParseTransposeConv(tflite::Operator const*, tflite::ErrorReporter*, tflite::BuiltinDataAllocator*, void**)
 .text._ZN6tflite11ParseUnpackEPKNS_8OperatorEPNS_13ErrorReporterEPNS_20BuiltinDataAllocatorEPPv
                0x000000000100958c       0xfc build/out/src/tensorflow/lite/core/api/flatbuffer_conversions.o
                0x000000000100958c                tflite::ParseUnpack(tflite::Operator const*, tflite::ErrorReporter*, tflite::BuiltinDataAllocator*, void**)
 .text._ZN6tflite8GetInputEPK13TfLiteContextPK10TfLiteNodei
                0x0000000001009688       0x50 build/out/src/tensorflow/lite/kernels/kernel_util.o
                0x0000000001009688                tflite::GetInput(TfLiteContext const*, TfLiteNode const*, int)
 .text._ZN6tflite12GetInputSafeEPK13TfLiteContextPK10TfLiteNodeiPPK12TfLiteTensor
                0x00000000010096d8       0xc0 build/out/src/tensorflow/lite/kernels/kernel_util.o
                0x00000000010096d8                tflite::GetInputSafe(TfLiteContext const*, TfLiteNode const*, int, TfLiteTensor const**)
 .text._ZN6tflite9GetOutputEP13TfLiteContextPK10TfLiteNodei
                0x0000000001009798       0x50 build/out/src/tensorflow/lite/kernels/kernel_util.o
                0x0000000001009798                tflite::GetOutput(TfLiteContext*, TfLiteNode const*, int)
 .text._ZN6tflite13GetOutputSafeEPK13TfLiteContextPK10TfLiteNodeiPP12TfLiteTensor
                0x00000000010097e8       0xc0 build/out/src/tensorflow/lite/kernels/kernel_util.o
                0x00000000010097e8                tflite::GetOutputSafe(TfLiteContext const*, TfLiteNode const*, int, TfLiteTensor**)
 .text._ZN6tflite22GetOptionalInputTensorEPK13TfLiteContextPK10TfLiteNodei
                0x00000000010098a8       0x50 build/out/src/tensorflow/lite/kernels/kernel_util.o
                0x00000000010098a8                tflite::GetOptionalInputTensor(TfLiteContext const*, TfLiteNode const*, int)
 .text._ZN6tflite32GetQuantizedConvolutionMultiplerEP13TfLiteContextPK12TfLiteTensorS4_S4_PS2_Pd
                0x00000000010098f8      0x19c build/out/src/tensorflow/lite/kernels/kernel_util.o
                0x00000000010098f8                tflite::GetQuantizedConvolutionMultipler(TfLiteContext*, TfLiteTensor const*, TfLiteTensor const*, TfLiteTensor const*, TfLiteTensor*, double*)
 .text._ZN6tflite33CalculateActivationRangeQuantizedEP13TfLiteContext21TfLiteFusedActivationP12TfLiteTensorPlS5_
                0x0000000001009a94      0x304 build/out/src/tensorflow/lite/kernels/kernel_util.o
                0x0000000001009a94                tflite::CalculateActivationRangeQuantized(TfLiteContext*, TfLiteFusedActivation, TfLiteTensor*, long*, long*)
 .text._ZN6tflite37PopulateConvolutionQuantizationParamsEP13TfLiteContextPK12TfLiteTensorS4_S4_PS2_RK21TfLiteFusedActivationPlPiS9_S9_S9_S9_i
                0x0000000001009d98      0xa6c build/out/src/tensorflow/lite/kernels/kernel_util.o
                0x0000000001009d98                tflite::PopulateConvolutionQuantizationParams(TfLiteContext*, TfLiteTensor const*, TfLiteTensor const*, TfLiteTensor const*, TfLiteTensor*, TfLiteFusedActivation const&, long*, int*, long*, long*, long*, long*, int)
 .text._ZN6tflite14HaveSameShapesEPK12TfLiteTensorS2_
                0x000000000100a804       0x24 build/out/src/tensorflow/lite/kernels/kernel_util.o
                0x000000000100a804                tflite::HaveSameShapes(TfLiteTensor const*, TfLiteTensor const*)
 .text._ZN6tflite18QuantizeMultiplierEdPlPi
                0x000000000100a828       0xd8 build/out/src/tensorflow/lite/kernels/internal/quantization_util.o
                0x000000000100a828                tflite::QuantizeMultiplier(double, long*, int*)
 .text._ZN6tflite35QuantizeMultiplierSmallerThanOneExpEdPlPi
                0x000000000100a900       0xdc build/out/src/tensorflow/lite/kernels/internal/quantization_util.o
                0x000000000100a900                tflite::QuantizeMultiplierSmallerThanOneExp(double, long*, int*)
 .text._ZN6tflite24PreprocessSoftmaxScalingEddiPlPi
                0x000000000100a9dc      0x168 build/out/src/tensorflow/lite/kernels/internal/quantization_util.o
                0x000000000100a9dc                tflite::PreprocessSoftmaxScaling(double, double, int, long*, int*)
 .text._ZN6tflite20CalculateInputRadiusEiii
                0x000000000100ab44       0xec build/out/src/tensorflow/lite/kernels/internal/quantization_util.o
                0x000000000100ab44                tflite::CalculateInputRadius(int, int, int)
 .text._ZN6tflite16MicroInterpreter24AllocatePersistentBufferEP13TfLiteContextj
                0x000000000100ac30       0x14 build/out/src/tensorflow/lite/micro/micro_interpreter.o
                0x000000000100ac30                tflite::MicroInterpreter::AllocatePersistentBuffer(TfLiteContext*, unsigned int)
 .text._ZN6tflite16MicroInterpreter16GetScratchBufferEP13TfLiteContexti
                0x000000000100ac44       0x18 build/out/src/tensorflow/lite/micro/micro_interpreter.o
                0x000000000100ac44                tflite::MicroInterpreter::GetScratchBuffer(TfLiteContext*, int)
 .text._ZN6tflite16MicroInterpreter9GetTensorEPK13TfLiteContexti
                0x000000000100ac5c       0x24 build/out/src/tensorflow/lite/micro/micro_interpreter.o
                0x000000000100ac5c                tflite::MicroInterpreter::GetTensor(TfLiteContext const*, int)
 .text._ZN6tflite16MicroInterpreter13GetEvalTensorEPK13TfLiteContexti
                0x000000000100ac80       0x2c build/out/src/tensorflow/lite/micro/micro_interpreter.o
                0x000000000100ac80                tflite::MicroInterpreter::GetEvalTensor(TfLiteContext const*, int)
 .text._ZN6tflite16MicroInterpreter8GetGraphEP13TfLiteContextPP14TfLiteIntArray
                0x000000000100acac       0x14 build/out/src/tensorflow/lite/micro/micro_interpreter.o
                0x000000000100acac                tflite::MicroInterpreter::GetGraph(TfLiteContext*, TfLiteIntArray**)
 .text._ZN6tflite16MicroInterpreter27RequestScratchBufferInArenaEP13TfLiteContextjPi
                0x000000000100acc0       0x14 build/out/src/tensorflow/lite/micro/micro_interpreter.o
                0x000000000100acc0                tflite::MicroInterpreter::RequestScratchBufferInArena(TfLiteContext*, unsigned int, int*)
 .text._ZN6tflite16MicroInterpreter13ReportOpErrorEP13TfLiteContextPKcz
                0x000000000100acd4       0x48 build/out/src/tensorflow/lite/micro/micro_interpreter.o
                0x000000000100acd4                tflite::MicroInterpreter::ReportOpError(TfLiteContext*, char const*, ...)
 .text._ZN6tflite16MicroInterpreterC2EPKNS_5ModelERKNS_15MicroOpResolverEPhjPNS_13ErrorReporterEPNS_13MicroProfilerE
                0x000000000100ad1c       0xe8 build/out/src/tensorflow/lite/micro/micro_interpreter.o
                0x000000000100ad1c                tflite::MicroInterpreter::MicroInterpreter(tflite::Model const*, tflite::MicroOpResolver const&, unsigned char*, unsigned int, tflite::ErrorReporter*, tflite::MicroProfiler*)
                0x000000000100ad1c                tflite::MicroInterpreter::MicroInterpreter(tflite::Model const*, tflite::MicroOpResolver const&, unsigned char*, unsigned int, tflite::ErrorReporter*, tflite::MicroProfiler*)
 .text._ZN6tflite16MicroInterpreter5inputEj
                0x000000000100ae04       0xe0 build/out/src/tensorflow/lite/micro/micro_interpreter.o
                0x000000000100ae04                tflite::MicroInterpreter::input(unsigned int)
 .text._ZN6tflite16MicroInterpreter6outputEj
                0x000000000100aee4       0xdc build/out/src/tensorflow/lite/micro/micro_interpreter.o
                0x000000000100aee4                tflite::MicroInterpreter::output(unsigned int)
 .text._ZN6tflite16MicroInterpreterD2Ev
                0x000000000100afc0       0x34 build/out/src/tensorflow/lite/micro/micro_interpreter.o
                0x000000000100afc0                tflite::MicroInterpreter::~MicroInterpreter()
                0x000000000100afc0                tflite::MicroInterpreter::~MicroInterpreter()
 .text._ZN6tflite16MicroInterpreter44PrepareNodeAndRegistrationDataFromFlatbufferEv
                0x000000000100aff4      0x4a8 build/out/src/tensorflow/lite/micro/micro_interpreter.o
                0x000000000100aff4                tflite::MicroInterpreter::PrepareNodeAndRegistrationDataFromFlatbuffer()
 .text._ZN6tflite16MicroInterpreter15AllocateTensorsEv
                0x000000000100b49c      0x538 build/out/src/tensorflow/lite/micro/micro_interpreter.o
                0x000000000100b49c                tflite::MicroInterpreter::AllocateTensors()
 .text._ZN6tflite16MicroInterpreter6InvokeEv
                0x000000000100b9d4       0x64 build/out/src/tensorflow/lite/micro/micro_interpreter.o
                0x000000000100b9d4                tflite::MicroInterpreter::Invoke()
 .text._ZNK6tflite10OpResolver12GetDelegatesEi
                0x000000000100ba38       0x10 build/out/src/tensorflow/lite/micro/all_ops_resolver.o
                0x000000000100ba38                tflite::OpResolver::GetDelegates(int) const
 .text._ZNK6tflite10OpResolver24MayContainUserDefinedOpsEv
                0x000000000100ba48        0x8 build/out/src/tensorflow/lite/micro/all_ops_resolver.o
                0x000000000100ba48                tflite::OpResolver::MayContainUserDefinedOps() const
 .text._ZNK6tflite22MicroMutableOpResolverILj128EE6FindOpENS_15BuiltinOperatorE
                0x000000000100ba50      0x15c build/out/src/tensorflow/lite/micro/all_ops_resolver.o
                0x000000000100ba50                tflite::MicroMutableOpResolver<128u>::FindOp(tflite::BuiltinOperator) const
 .text._ZN6tflite14AllOpsResolverD0Ev
                0x000000000100bbac        0x4 build/out/src/tensorflow/lite/micro/all_ops_resolver.o
                0x000000000100bbac                tflite::AllOpsResolver::~AllOpsResolver()
                0x000000000100bbac                tflite::AllOpsResolver::~AllOpsResolver()
                0x000000000100bbac                tflite::AllOpsResolver::~AllOpsResolver()
 .text._ZNK6tflite22MicroMutableOpResolverILj128EE15GetOpDataParserENS_15BuiltinOperatorE
                0x000000000100bbb0      0x15c build/out/src/tensorflow/lite/micro/all_ops_resolver.o
                0x000000000100bbb0                tflite::MicroMutableOpResolver<128u>::GetOpDataParser(tflite::BuiltinOperator) const
 .text._ZNK6tflite22MicroMutableOpResolverILj128EE6FindOpEPKc
                0x000000000100bd0c       0xb4 build/out/src/tensorflow/lite/micro/all_ops_resolver.o
                0x000000000100bd0c                tflite::MicroMutableOpResolver<128u>::FindOp(char const*) const
 .text._ZNK6tflite15MicroOpResolver6FindOpENS_15BuiltinOperatorEi
                0x000000000100bdc0      0x17c build/out/src/tensorflow/lite/micro/all_ops_resolver.o
                0x000000000100bdc0                tflite::MicroOpResolver::FindOp(tflite::BuiltinOperator, int) const
 .text._ZNK6tflite15MicroOpResolver6FindOpEPKci
                0x000000000100bf3c       0xcc build/out/src/tensorflow/lite/micro/all_ops_resolver.o
                0x000000000100bf3c                tflite::MicroOpResolver::FindOp(char const*, int) const
 .text._ZN6tflite22MicroMutableOpResolverILj128EE10AddBuiltinENS_15BuiltinOperatorERK18TfLiteRegistrationPF12TfLiteStatusPKNS_8OperatorEPNS_13ErrorReporterEPNS_20BuiltinDataAllocatorEPPvE
                0x000000000100c008      0x29c build/out/src/tensorflow/lite/micro/all_ops_resolver.o
                0x000000000100c008                tflite::MicroMutableOpResolver<128u>::AddBuiltin(tflite::BuiltinOperator, TfLiteRegistration const&, TfLiteStatus (*)(tflite::Operator const*, tflite::ErrorReporter*, tflite::BuiltinDataAllocator*, void**))
 .text._ZN6tflite14AllOpsResolverC2Ev
                0x000000000100c2a4     0x70a8 build/out/src/tensorflow/lite/micro/all_ops_resolver.o
                0x000000000100c2a4                tflite::AllOpsResolver::AllOpsResolver()
                0x000000000100c2a4                tflite::AllOpsResolver::AllOpsResolver()
 .text._ZN6tflite10MicroGraphD0Ev
                0x000000000101334c        0x4 build/out/src/tensorflow/lite/micro/micro_graph.o
                0x000000000101334c                tflite::MicroGraph::~MicroGraph()
                0x000000000101334c                tflite::MicroGraph::~MicroGraph()
                0x000000000101334c                tflite::MicroGraph::~MicroGraph()
 .text._ZN6tflite10MicroGraph12NumSubgraphsEv
                0x0000000001013350       0x3c build/out/src/tensorflow/lite/micro/micro_graph.o
                0x0000000001013350                tflite::MicroGraph::NumSubgraphs()
 .text._ZN6tflite10MicroGraph14InvokeSubgraphEi
                0x000000000101338c      0x27c build/out/src/tensorflow/lite/micro/micro_graph.o
                0x000000000101338c                tflite::MicroGraph::InvokeSubgraph(int)
 .text._ZN6tflite10MicroGraph13FreeSubgraphsEv
                0x0000000001013608      0x148 build/out/src/tensorflow/lite/micro/micro_graph.o
                0x0000000001013608                tflite::MicroGraph::FreeSubgraphs()
 .text._ZN6tflite10MicroGraph13InitSubgraphsEv
                0x0000000001013750      0x178 build/out/src/tensorflow/lite/micro/micro_graph.o
                0x0000000001013750                tflite::MicroGraph::InitSubgraphs()
 .text._ZN6tflite10MicroGraph20ResetVariableTensorsEv
                0x00000000010138c8      0x270 build/out/src/tensorflow/lite/micro/micro_graph.o
                0x00000000010138c8                tflite::MicroGraph::ResetVariableTensors()
 .text._ZN6tflite10MicroGraph16PrepareSubgraphsEv
                0x0000000001013b38      0x1a8 build/out/src/tensorflow/lite/micro/micro_graph.o
                0x0000000001013b38                tflite::MicroGraph::PrepareSubgraphs()
 .text._ZN6tflite10MicroGraph17NumSubgraphInputsEi
                0x0000000001013ce0       0xb0 build/out/src/tensorflow/lite/micro/micro_graph.o
                0x0000000001013ce0                tflite::MicroGraph::NumSubgraphInputs(int)
 .text._ZN6tflite10MicroGraph18NumSubgraphOutputsEi
                0x0000000001013d90       0xac build/out/src/tensorflow/lite/micro/micro_graph.o
                0x0000000001013d90                tflite::MicroGraph::NumSubgraphOutputs(int)
 .text._ZN6tflite10MicroGraph16GetSubgraphInputEii
                0x0000000001013e3c      0x108 build/out/src/tensorflow/lite/micro/micro_graph.o
                0x0000000001013e3c                tflite::MicroGraph::GetSubgraphInput(int, int)
 .text._ZN6tflite10MicroGraph17GetSubgraphOutputEii
                0x0000000001013f44      0x104 build/out/src/tensorflow/lite/micro/micro_graph.o
                0x0000000001013f44                tflite::MicroGraph::GetSubgraphOutput(int, int)
 .text._ZN6tflite10MicroGraphC2EP13TfLiteContextPKNS_5ModelEPNS_14MicroAllocatorE
                0x0000000001014048       0x58 build/out/src/tensorflow/lite/micro/micro_graph.o
                0x0000000001014048                tflite::MicroGraph::MicroGraph(TfLiteContext*, tflite::Model const*, tflite::MicroAllocator*)
                0x0000000001014048                tflite::MicroGraph::MicroGraph(TfLiteContext*, tflite::Model const*, tflite::MicroAllocator*)
 .text._ZN6tflite10MicroGraph22SetSubgraphAllocationsEPNS_19SubgraphAllocationsE
                0x00000000010140a0        0x8 build/out/src/tensorflow/lite/micro/micro_graph.o
                0x00000000010140a0                tflite::MicroGraph::SetSubgraphAllocations(tflite::SubgraphAllocations*)
 .text._ZN6tflite12ElementCountERK14TfLiteIntArray
                0x00000000010140a8      0x11c build/out/src/tensorflow/lite/micro/micro_utils.o
                0x00000000010140a8                tflite::ElementCount(TfLiteIntArray const&)
 .text.MicroVsnprintf
                0x00000000010141c4     0x1258 build/out/src/tensorflow/lite/micro/micro_string.o
                0x00000000010141c4                MicroVsnprintf
 .text._ZN6tflite12_GLOBAL__N_125MicroBuiltinDataAllocator8AllocateEjj
                0x000000000101541c       0x10 build/out/src/tensorflow/lite/micro/micro_allocator.o
 .text._ZN6tflite12_GLOBAL__N_125MicroBuiltinDataAllocator10DeallocateEPv
                0x000000000101542c        0x4 build/out/src/tensorflow/lite/micro/micro_allocator.o
 .text._ZN6tflite14MicroAllocatorD0Ev
                0x0000000001015430        0x4 build/out/src/tensorflow/lite/micro/micro_allocator.o
                0x0000000001015430                tflite::MicroAllocator::~MicroAllocator()
                0x0000000001015430                tflite::MicroAllocator::~MicroAllocator()
                0x0000000001015430                tflite::MicroAllocator::~MicroAllocator()
 .text._ZN6tflite14MicroAllocator24AllocatePersistentBufferEj
                0x0000000001015434       0x14 build/out/src/tensorflow/lite/micro/micro_allocator.o
                0x0000000001015434                tflite::MicroAllocator::AllocatePersistentBuffer(unsigned int)
 .text._ZN6tflite14MicroAllocator20ResetTempAllocationsEv
                0x0000000001015448       0x10 build/out/src/tensorflow/lite/micro/micro_allocator.o
                0x0000000001015448                tflite::MicroAllocator::ResetTempAllocations()
 .text._ZN6tflite14MicroAllocator38AllocatePersistentTfLiteTensorInternalEv
                0x0000000001015458       0x18 build/out/src/tensorflow/lite/micro/micro_allocator.o
                0x0000000001015458                tflite::MicroAllocator::AllocatePersistentTfLiteTensorInternal()
 .text._ZN6tflite12_GLOBAL__N_125MicroBuiltinDataAllocatorD0Ev
                0x0000000001015470        0x4 build/out/src/tensorflow/lite/micro/micro_allocator.o
 .text._ZN6tflite14MicroAllocator28AllocateScratchBufferHandlesEPPNS_19ScratchBufferHandleEj
                0x0000000001015474       0x54 build/out/src/tensorflow/lite/micro/micro_allocator.o
                0x0000000001015474                tflite::MicroAllocator::AllocateScratchBufferHandles(tflite::ScratchBufferHandle**, unsigned int)
 .text._ZN6tflite14MicroAllocator17AllocateVariablesEPKNS_8SubGraphEP16TfLiteEvalTensor
                0x00000000010154c8      0x180 build/out/src/tensorflow/lite/micro/micro_allocator.o
                0x00000000010154c8                tflite::MicroAllocator::AllocateVariables(tflite::SubGraph const*, TfLiteEvalTensor*)
 .text._ZN6tflite14MicroAllocator28AllocateNodeAndRegistrationsEPKNS_5ModelEPNS_19SubgraphAllocationsE
                0x0000000001015648      0x174 build/out/src/tensorflow/lite/micro/micro_allocator.o
                0x0000000001015648                tflite::MicroAllocator::AllocateNodeAndRegistrations(tflite::Model const*, tflite::SubgraphAllocations*)
 .text._ZN6tflite14MicroAllocator30AllocatePersistentTfLiteTensorEPKNS_5ModelEPKNS_19SubgraphAllocationsEii
                0x00000000010157bc      0x160 build/out/src/tensorflow/lite/micro/micro_allocator.o
                0x00000000010157bc                tflite::MicroAllocator::AllocatePersistentTfLiteTensor(tflite::Model const*, tflite::SubgraphAllocations const*, int, int)
 .text._ZN6tflite14MicroAllocator24AllocateTempTfLiteTensorEPKNS_5ModelEPKNS_19SubgraphAllocationsEii
                0x000000000101591c      0x140 build/out/src/tensorflow/lite/micro/micro_allocator.o
                0x000000000101591c                tflite::MicroAllocator::AllocateTempTfLiteTensor(tflite::Model const*, tflite::SubgraphAllocations const*, int, int)
 .text._ZN6tflite8internal25GetFlatbufferTensorBufferERKNS_6TensorEPKN11flatbuffers6VectorINS4_6OffsetINS_6BufferEEEEE
                0x0000000001015a5c       0xb8 build/out/src/tensorflow/lite/micro/micro_allocator.o
                0x0000000001015a5c                tflite::internal::GetFlatbufferTensorBuffer(tflite::Tensor const&, flatbuffers::Vector<flatbuffers::Offset<tflite::Buffer> > const*)
 .text._ZN6tflite14MicroAllocator25AllocateTfLiteEvalTensorsEPKNS_5ModelEPNS_19SubgraphAllocationsE
                0x0000000001015b14      0x324 build/out/src/tensorflow/lite/micro/micro_allocator.o
                0x0000000001015b14                tflite::MicroAllocator::AllocateTfLiteEvalTensors(tflite::Model const*, tflite::SubgraphAllocations*)
 .text._ZN6tflite8internal36InitializeTfLiteTensorFromFlatbufferEPNS_21SimpleMemoryAllocatorEbRKNS_6TensorEPKN11flatbuffers6VectorINS6_6OffsetINS_6BufferEEEEEPNS_13ErrorReporterEP12TfLiteTensor
                0x0000000001015e38      0x634 build/out/src/tensorflow/lite/micro/micro_allocator.o
                0x0000000001015e38                tflite::internal::InitializeTfLiteTensorFromFlatbuffer(tflite::SimpleMemoryAllocator*, bool, tflite::Tensor const&, flatbuffers::Vector<flatbuffers::Offset<tflite::Buffer> > const*, tflite::ErrorReporter*, TfLiteTensor*)
 .text._ZN6tflite14MicroAllocator34PopulateTfLiteTensorFromFlatbufferEPKNS_5ModelEP12TfLiteTensoriib
                0x000000000101646c      0x124 build/out/src/tensorflow/lite/micro/micro_allocator.o
                0x000000000101646c                tflite::MicroAllocator::PopulateTfLiteTensorFromFlatbuffer(tflite::Model const*, TfLiteTensor*, int, int, bool)
 .text._ZN6tflite14MicroAllocator6CreateEPhjPNS_13ErrorReporterE
                0x0000000001016590       0x8c build/out/src/tensorflow/lite/micro/micro_allocator.o
                0x0000000001016590                tflite::MicroAllocator::Create(unsigned char*, unsigned int, tflite::ErrorReporter*)
 .text._ZN6tflite14MicroAllocator20StartModelAllocationEPKNS_5ModelE
                0x000000000101661c      0x16c build/out/src/tensorflow/lite/micro/micro_allocator.o
                0x000000000101661c                tflite::MicroAllocator::StartModelAllocation(tflite::Model const*)
 .text._ZN6tflite14MicroAllocator21FinishModelAllocationEPKNS_5ModelEPNS_19SubgraphAllocationsEPPNS_19ScratchBufferHandleE
                0x0000000001016788      0x1ac build/out/src/tensorflow/lite/micro/micro_allocator.o
                0x0000000001016788                tflite::MicroAllocator::FinishModelAllocation(tflite::Model const*, tflite::SubgraphAllocations*, tflite::ScratchBufferHandle**)
 .text._ZN6tflite14MicroAllocator27RequestScratchBufferInArenaEjiPi
                0x0000000001016934      0x21c build/out/src/tensorflow/lite/micro/micro_allocator.o
                0x0000000001016934                tflite::MicroAllocator::RequestScratchBufferInArena(unsigned int, int, int*)
 .text._ZN6tflite14MicroAllocator28FinishPrepareNodeAllocationsEi
                0x0000000001016b50      0x1f4 build/out/src/tensorflow/lite/micro/micro_allocator.o
                0x0000000001016b50                tflite::MicroAllocator::FinishPrepareNodeAllocations(int)
 .text._ZN6tflite14MicroAllocator33FlatBufferVectorToTfLiteTypeArrayEPKN11flatbuffers6VectorIlEEPP14TfLiteIntArray
                0x0000000001016d44        0xc build/out/src/tensorflow/lite/micro/micro_allocator.o
                0x0000000001016d44                tflite::MicroAllocator::FlatBufferVectorToTfLiteTypeArray(flatbuffers::Vector<long> const*, TfLiteIntArray**)
 .text._ZN6tflite14MicroAllocator23GetBuiltinDataAllocatorEv
                0x0000000001016d50        0x8 build/out/src/tensorflow/lite/micro/micro_allocator.o
                0x0000000001016d50                tflite::MicroAllocator::GetBuiltinDataAllocator()
 .text._ZN6tflite14MicroAllocator22CommitStaticMemoryPlanEPKNS_5ModelEP16TfLiteEvalTensorPNS_19ScratchBufferHandleEi
                0x0000000001016d58     0x1110 build/out/src/tensorflow/lite/micro/micro_allocator.o
                0x0000000001016d58                tflite::MicroAllocator::CommitStaticMemoryPlan(tflite::Model const*, TfLiteEvalTensor*, tflite::ScratchBufferHandle*, int)
 .text.DebugLog
                0x0000000001017e68       0x30 build/out/src/tensorflow/lite/micro/debug_log.o
                0x0000000001017e68                DebugLog
 .text._ZN6tflite18MicroErrorReporterD0Ev
                0x0000000001017e98        0x4 build/out/src/tensorflow/lite/micro/micro_error_reporter.o
                0x0000000001017e98                tflite::MicroErrorReporter::~MicroErrorReporter()
                0x0000000001017e98                tflite::MicroErrorReporter::~MicroErrorReporter()
                0x0000000001017e98                tflite::MicroErrorReporter::~MicroErrorReporter()
 .text._ZN12_GLOBAL__N_13LogEPKcPv
                0x0000000001017e9c       0x30 build/out/src/tensorflow/lite/micro/micro_error_reporter.o
 .text._ZN6tflite18MicroErrorReporter6ReportEPKcPv
                0x0000000001017ecc       0x34 build/out/src/tensorflow/lite/micro/micro_error_reporter.o
                0x0000000001017ecc                tflite::MicroErrorReporter::Report(char const*, void*)
 .text._Z11MicroPrintfPKcz
                0x0000000001017f00       0x40 build/out/src/tensorflow/lite/micro/micro_error_reporter.o
                0x0000000001017f00                MicroPrintf(char const*, ...)
 .text._ZN6tflite14AlignPointerUpEPhj
                0x0000000001017f40       0x14 build/out/src/tensorflow/lite/micro/memory_helpers.o
                0x0000000001017f40                tflite::AlignPointerUp(unsigned char*, unsigned int)
 .text._ZN6tflite16AlignPointerDownEPhj
                0x0000000001017f54        0xc build/out/src/tensorflow/lite/micro/memory_helpers.o
                0x0000000001017f54                tflite::AlignPointerDown(unsigned char*, unsigned int)
 .text._ZN6tflite11AlignSizeUpEjj
                0x0000000001017f60       0x14 build/out/src/tensorflow/lite/micro/memory_helpers.o
                0x0000000001017f60                tflite::AlignSizeUp(unsigned int, unsigned int)
 .text._ZN6tflite16TfLiteTypeSizeOfE10TfLiteTypePj
                0x0000000001017f74       0x78 build/out/src/tensorflow/lite/micro/memory_helpers.o
                0x0000000001017f74                tflite::TfLiteTypeSizeOf(TfLiteType, unsigned int*)
 .text._ZN6tflite22BytesRequiredForTensorERKNS_6TensorEPjS3_PNS_13ErrorReporterE
                0x0000000001017fec      0x1e0 build/out/src/tensorflow/lite/micro/memory_helpers.o
                0x0000000001017fec                tflite::BytesRequiredForTensor(tflite::Tensor const&, unsigned int*, unsigned int*, tflite::ErrorReporter*)
 .text._ZN6tflite26TfLiteEvalTensorByteLengthEPK16TfLiteEvalTensorPj
                0x00000000010181cc      0x190 build/out/src/tensorflow/lite/micro/memory_helpers.o
                0x00000000010181cc                tflite::TfLiteEvalTensorByteLength(TfLiteEvalTensor const*, unsigned int*)
 .text._ZN6tflite21SimpleMemoryAllocatorD0Ev
                0x000000000101835c        0x4 build/out/src/tensorflow/lite/micro/simple_memory_allocator.o
                0x000000000101835c                tflite::SimpleMemoryAllocator::~SimpleMemoryAllocator()
                0x000000000101835c                tflite::SimpleMemoryAllocator::~SimpleMemoryAllocator()
                0x000000000101835c                tflite::SimpleMemoryAllocator::~SimpleMemoryAllocator()
 .text._ZN6tflite21SimpleMemoryAllocator20ResetTempAllocationsEv
                0x0000000001018360        0xc build/out/src/tensorflow/lite/micro/simple_memory_allocator.o
                0x0000000001018360                tflite::SimpleMemoryAllocator::ResetTempAllocations()
 .text._ZN6tflite21SimpleMemoryAllocator12AllocateTempEjj
                0x000000000101836c       0x6c build/out/src/tensorflow/lite/micro/simple_memory_allocator.o
                0x000000000101836c                tflite::SimpleMemoryAllocator::AllocateTemp(unsigned int, unsigned int)
 .text._ZN6tflite21SimpleMemoryAllocator16AllocateFromTailEjj
                0x00000000010183d8       0x74 build/out/src/tensorflow/lite/micro/simple_memory_allocator.o
                0x00000000010183d8                tflite::SimpleMemoryAllocator::AllocateFromTail(unsigned int, unsigned int)
 .text._ZN6tflite21SimpleMemoryAllocator17SetHeadBufferSizeEjj
                0x000000000101844c       0xa8 build/out/src/tensorflow/lite/micro/simple_memory_allocator.o
                0x000000000101844c                tflite::SimpleMemoryAllocator::SetHeadBufferSize(unsigned int, unsigned int)
 .text._ZN6tflite21SimpleMemoryAllocator6CreateEPNS_13ErrorReporterEPhj
                0x00000000010184f4       0x94 build/out/src/tensorflow/lite/micro/simple_memory_allocator.o
                0x00000000010184f4                tflite::SimpleMemoryAllocator::Create(tflite::ErrorReporter*, unsigned char*, unsigned int)
 .text._ZNK6tflite21SimpleMemoryAllocator13GetHeadBufferEv
                0x0000000001018588        0x8 build/out/src/tensorflow/lite/micro/simple_memory_allocator.o
                0x0000000001018588                tflite::SimpleMemoryAllocator::GetHeadBuffer() const
 .text._ZNK6tflite21SimpleMemoryAllocator18GetAvailableMemoryEj
                0x0000000001018590       0x50 build/out/src/tensorflow/lite/micro/simple_memory_allocator.o
                0x0000000001018590                tflite::SimpleMemoryAllocator::GetAvailableMemory(unsigned int) const
 .text._ZN6tflite29FullyConnectedParamsQuantizedERKNS_20OpDataFullyConnectedE
                0x00000000010185e0       0x44 build/out/src/tensorflow/lite/micro/kernels/fully_connected_common.o
                0x00000000010185e0                tflite::FullyConnectedParamsQuantized(tflite::OpDataFullyConnected const&)
 .text._ZN6tflite25FullyConnectedParamsFloatE21TfLiteFusedActivation
                0x0000000001018624       0x80 build/out/src/tensorflow/lite/micro/kernels/fully_connected_common.o
                0x0000000001018624                tflite::FullyConnectedParamsFloat(TfLiteFusedActivation)
 .text._ZN6tflite29CalculateOpDataFullyConnectedEP13TfLiteContext21TfLiteFusedActivation10TfLiteTypePK12TfLiteTensorS6_S6_PS4_PNS_20OpDataFullyConnectedE
                0x00000000010186a4       0xd8 build/out/src/tensorflow/lite/micro/kernels/fully_connected_common.o
                0x00000000010186a4                tflite::CalculateOpDataFullyConnected(TfLiteContext*, TfLiteFusedActivation, TfLiteType, TfLiteTensor const*, TfLiteTensor const*, TfLiteTensor const*, TfLiteTensor*, tflite::OpDataFullyConnected*)
 .text._ZN6tflite3ops5micro11elementwise12_GLOBAL__N_114GenericPrepareIXadL_ZNS3_22IsNumericSupportedTypeE10TfLiteTypeEEEE12TfLiteStatusP13TfLiteContextP10TfLiteNode.part.8
                0x000000000101877c      0x168 build/out/src/tensorflow/lite/micro/kernels/elementwise.o
 .text._ZN6tflite3ops5micro11elementwise12_GLOBAL__N_114GenericPrepareIXadL_ZNS3_22IsNumericSupportedTypeE10TfLiteTypeEEEE12TfLiteStatusP13TfLiteContextP10TfLiteNode
                0x00000000010188e4       0x94 build/out/src/tensorflow/lite/micro/kernels/elementwise.o
 .text._ZN6tflite3ops5micro11elementwise12_GLOBAL__N_114GenericPrepareIXadL_ZNS3_22IsLogicalSupportedTypeE10TfLiteTypeEEEE12TfLiteStatusP13TfLiteContextP10TfLiteNode
                0x0000000001018978       0x94 build/out/src/tensorflow/lite/micro/kernels/elementwise.o
 .text._ZN6tflite3ops5micro11elementwise12_GLOBAL__N_110SquareEvalEP13TfLiteContextP10TfLiteNode
                0x0000000001018a0c      0x270 build/out/src/tensorflow/lite/micro/kernels/elementwise.o
 .text._ZN6tflite3ops5micro11elementwise12_GLOBAL__N_114LogicalNotEvalEP13TfLiteContextP10TfLiteNode
                0x0000000001018c7c      0x228 build/out/src/tensorflow/lite/micro/kernels/elementwise.o
 .text._ZN6tflite3ops5micro11elementwise12_GLOBAL__N_17AbsEvalEP13TfLiteContextP10TfLiteNode
                0x0000000001018ea4      0x240 build/out/src/tensorflow/lite/micro/kernels/elementwise.o
 .text._ZN6tflite3ops5micro11elementwise12_GLOBAL__N_17SinEvalEP13TfLiteContextP10TfLiteNode
                0x00000000010190e4      0x234 build/out/src/tensorflow/lite/micro/kernels/elementwise.o
 .text._ZN6tflite3ops5micro11elementwise12_GLOBAL__N_17CosEvalEP13TfLiteContextP10TfLiteNode
                0x0000000001019318      0x234 build/out/src/tensorflow/lite/micro/kernels/elementwise.o
 .text._ZN6tflite3ops5micro11elementwise12_GLOBAL__N_17LogEvalEP13TfLiteContextP10TfLiteNode
                0x000000000101954c      0x234 build/out/src/tensorflow/lite/micro/kernels/elementwise.o
 .text._ZN6tflite3ops5micro11elementwise12_GLOBAL__N_18SqrtEvalEP13TfLiteContextP10TfLiteNode
                0x0000000001019780      0x234 build/out/src/tensorflow/lite/micro/kernels/elementwise.o
 .text._ZN6tflite3ops5micro11elementwise12_GLOBAL__N_19RsqrtEvalEP13TfLiteContextP10TfLiteNode
                0x00000000010199b4      0x200 build/out/src/tensorflow/lite/micro/kernels/elementwise.o
 .text._ZN6tflite3ops5micro12Register_ABSEv
                0x0000000001019bb4       0x4c build/out/src/tensorflow/lite/micro/kernels/elementwise.o
                0x0000000001019bb4                tflite::ops::micro::Register_ABS()
 .text._ZN6tflite3ops5micro12Register_SINEv
                0x0000000001019c00       0x4c build/out/src/tensorflow/lite/micro/kernels/elementwise.o
                0x0000000001019c00                tflite::ops::micro::Register_SIN()
 .text._ZN6tflite3ops5micro12Register_COSEv
                0x0000000001019c4c       0x4c build/out/src/tensorflow/lite/micro/kernels/elementwise.o
                0x0000000001019c4c                tflite::ops::micro::Register_COS()
 .text._ZN6tflite3ops5micro12Register_LOGEv
                0x0000000001019c98       0x4c build/out/src/tensorflow/lite/micro/kernels/elementwise.o
                0x0000000001019c98                tflite::ops::micro::Register_LOG()
 .text._ZN6tflite3ops5micro13Register_SQRTEv
                0x0000000001019ce4       0x4c build/out/src/tensorflow/lite/micro/kernels/elementwise.o
                0x0000000001019ce4                tflite::ops::micro::Register_SQRT()
 .text._ZN6tflite3ops5micro14Register_RSQRTEv
                0x0000000001019d30       0x4c build/out/src/tensorflow/lite/micro/kernels/elementwise.o
                0x0000000001019d30                tflite::ops::micro::Register_RSQRT()
 .text._ZN6tflite3ops5micro15Register_SQUAREEv
                0x0000000001019d7c       0x4c build/out/src/tensorflow/lite/micro/kernels/elementwise.o
                0x0000000001019d7c                tflite::ops::micro::Register_SQUARE()
 .text._ZN6tflite3ops5micro20Register_LOGICAL_NOTEv
                0x0000000001019dc8       0x4c build/out/src/tensorflow/lite/micro/kernels/elementwise.o
                0x0000000001019dc8                tflite::ops::micro::Register_LOGICAL_NOT()
 .text._ZN6tflite3ops5micro6l2norm4InitEP13TfLiteContextPKcj
                0x0000000001019e14        0xc build/out/src/tensorflow/lite/micro/kernels/l2norm.o
                0x0000000001019e14                tflite::ops::micro::l2norm::Init(TfLiteContext*, char const*, unsigned int)
 .text._ZN6tflite3ops5micro6l2norm7PrepareEP13TfLiteContextP10TfLiteNode
                0x0000000001019e20      0x23c build/out/src/tensorflow/lite/micro/kernels/l2norm.o
                0x0000000001019e20                tflite::ops::micro::l2norm::Prepare(TfLiteContext*, TfLiteNode*)
 .text._ZN6tflite3ops5micro6l2norm4EvalEP13TfLiteContextP10TfLiteNode
                0x000000000101a05c     0x1a70 build/out/src/tensorflow/lite/micro/kernels/l2norm.o
                0x000000000101a05c                tflite::ops::micro::l2norm::Eval(TfLiteContext*, TfLiteNode*)
 .text._ZN6tflite3ops5micro25Register_L2_NORMALIZATIONEv
                0x000000000101bacc       0x4c build/out/src/tensorflow/lite/micro/kernels/l2norm.o
                0x000000000101bacc                tflite::ops::micro::Register_L2_NORMALIZATION()
 .text._ZN6tflite3ops5micro6reduce10InitReduceEP13TfLiteContextPKcj
                0x000000000101bb18        0xc build/out/src/tensorflow/lite/micro/kernels/reduce.o
                0x000000000101bb18                tflite::ops::micro::reduce::InitReduce(TfLiteContext*, char const*, unsigned int)
 .text._ZN6tflite3ops5micro6reduce7EvalMaxEP13TfLiteContextP10TfLiteNode
                0x000000000101bb24     0x1a80 build/out/src/tensorflow/lite/micro/kernels/reduce.o
                0x000000000101bb24                tflite::ops::micro::reduce::EvalMax(TfLiteContext*, TfLiteNode*)
 .text._ZN6tflite3ops5micro6reduce8EvalMeanEP13TfLiteContextP10TfLiteNode
                0x000000000101d5a4     0x666c build/out/src/tensorflow/lite/micro/kernels/reduce.o
                0x000000000101d5a4                tflite::ops::micro::reduce::EvalMean(TfLiteContext*, TfLiteNode*)
 .text._ZN6tflite3ops5micro6reduce13PrepareSimpleEP13TfLiteContextP10TfLiteNode
                0x0000000001023c10      0x1e4 build/out/src/tensorflow/lite/micro/kernels/reduce.o
                0x0000000001023c10                tflite::ops::micro::reduce::PrepareSimple(TfLiteContext*, TfLiteNode*)
 .text._ZN6tflite3ops5micro6reduce10PrepareMaxEP13TfLiteContextP10TfLiteNode
                0x0000000001023df4      0x18c build/out/src/tensorflow/lite/micro/kernels/reduce.o
                0x0000000001023df4                tflite::ops::micro::reduce::PrepareMax(TfLiteContext*, TfLiteNode*)
 .text._ZN6tflite3ops5micro6reduce16PrepareMeanOrSumEP13TfLiteContextP10TfLiteNode
                0x0000000001023f80      0x1cc build/out/src/tensorflow/lite/micro/kernels/reduce.o
                0x0000000001023f80                tflite::ops::micro::reduce::PrepareMeanOrSum(TfLiteContext*, TfLiteNode*)
 .text._ZN6tflite3ops5micro13Register_MEANEv
                0x000000000102414c       0x4c build/out/src/tensorflow/lite/micro/kernels/reduce.o
                0x000000000102414c                tflite::ops::micro::Register_MEAN()
 .text._ZN6tflite3ops5micro19Register_REDUCE_MAXEv
                0x0000000001024198       0x4c build/out/src/tensorflow/lite/micro/kernels/reduce.o
                0x0000000001024198                tflite::ops::micro::Register_REDUCE_MAX()
 .text._ZN6tflite12_GLOBAL__N_14InitEP13TfLiteContextPKcj
                0x00000000010241e4        0xc build/out/src/tensorflow/lite/micro/kernels/fully_connected.o
 .text._ZN6tflite12_GLOBAL__N_17PrepareEP13TfLiteContextP10TfLiteNode
                0x00000000010241f0      0x1d4 build/out/src/tensorflow/lite/micro/kernels/fully_connected.o
 .text._ZN6tflite12_GLOBAL__N_14EvalEP13TfLiteContextP10TfLiteNode
                0x00000000010243c4      0xd14 build/out/src/tensorflow/lite/micro/kernels/fully_connected.o
 .text._ZN6tflite24Register_FULLY_CONNECTEDEv
                0x00000000010250d8       0x4c build/out/src/tensorflow/lite/micro/kernels/fully_connected.o
                0x00000000010250d8                tflite::Register_FULLY_CONNECTED()
 .text._ZN6tflite24PrepareQuantizeReferenceEP13TfLiteContextP10TfLiteNode
                0x0000000001025124      0x300 build/out/src/tensorflow/lite/micro/kernels/quantize_common.o
                0x0000000001025124                tflite::PrepareQuantizeReference(TfLiteContext*, TfLiteNode*)
 .text._ZN6tflite21EvalQuantizeReferenceEP13TfLiteContextP10TfLiteNode
                0x0000000001025424     0x247c build/out/src/tensorflow/lite/micro/kernels/quantize_common.o
                0x0000000001025424                tflite::EvalQuantizeReference(TfLiteContext*, TfLiteNode*)
 .text._ZN6tflite3ops5micro11activations12LogisticInitEP13TfLiteContextPKcj
                0x00000000010278a0        0xc build/out/src/tensorflow/lite/micro/kernels/logistic.o
                0x00000000010278a0                tflite::ops::micro::activations::LogisticInit(TfLiteContext*, char const*, unsigned int)
 .text._ZN6tflite3ops5micro11activations15LogisticPrepareEP13TfLiteContextP10TfLiteNode
                0x00000000010278ac      0x1c4 build/out/src/tensorflow/lite/micro/kernels/logistic.o
                0x00000000010278ac                tflite::ops::micro::activations::LogisticPrepare(TfLiteContext*, TfLiteNode*)
 .text._ZN6tflite3ops5micro17Register_LOGISTICEv
                0x0000000001027a70       0x4c build/out/src/tensorflow/lite/micro/kernels/logistic.o