Archive member included to satisfy reference by file (symbol)

d:/efinity/efinity-riscv-ide-2025.1/toolchain/bin/../lib/gcc/riscv-none-embed/8.3.0/rv32im/ilp32\libgcc.a(_clzsi2.o)
                              build/out/src/tensorflow/lite/micro/kernels/l2norm.o (__clzsi2)
d:/efinity/efinity-riscv-ide-2025.1/toolchain/bin/../lib/gcc/riscv-none-embed/8.3.0/rv32im/ilp32\libgcc.a(_udivdi3.o)
                              build/out/src/main.o (__udivdi3)
d:/efinity/efinity-riscv-ide-2025.1/toolchain/bin/../lib/gcc/riscv-none-embed/8.3.0/rv32im/ilp32\libgcc.a(adddf3.o)
                              build/out/src/tensorflow/lite/micro/kernels/cumsum.o (__adddf3)
d:/efinity/efinity-riscv-ide-2025.1/toolchain/bin/../lib/gcc/riscv-none-embed/8.3.0/rv32im/ilp32\libgcc.a(divdf3.o)
                              build/out/src/tensorflow/lite/kernels/kernel_util.o (__divdf3)
d:/efinity/efinity-riscv-ide-2025.1/toolchain/bin/../lib/gcc/riscv-none-embed/8.3.0/rv32im/ilp32\libgcc.a(eqdf2.o)
                              build/out/src/tensorflow/lite/kernels/internal/quantization_util.o (__eqdf2)
d:/efinity/efinity-riscv-ide-2025.1/toolchain/bin/../lib/gcc/riscv-none-embed/8.3.0/rv32im/ilp32\libgcc.a(gedf2.o)
                              build/out/src/platform/misc/print.o (__gtdf2)
d:/efinity/efinity-riscv-ide-2025.1/toolchain/bin/../lib/gcc/riscv-none-embed/8.3.0/rv32im/ilp32\libgcc.a(ledf2.o)
                              build/out/src/tensorflow/lite/kernels/kernel_util.o (__ledf2)
d:/efinity/efinity-riscv-ide-2025.1/toolchain/bin/../lib/gcc/riscv-none-embed/8.3.0/rv32im/ilp32\libgcc.a(muldf3.o)
                              build/out/src/platform/misc/print.o (__muldf3)
d:/efinity/efinity-riscv-ide-2025.1/toolchain/bin/../lib/gcc/riscv-none-embed/8.3.0/rv32im/ilp32\libgcc.a(subdf3.o)
                              build/out/src/platform/misc/print.o (__subdf3)
d:/efinity/efinity-riscv-ide-2025.1/toolchain/bin/../lib/gcc/riscv-none-embed/8.3.0/rv32im/ilp32\libgcc.a(fixdfsi.o)
                              build/out/src/platform/misc/print.o (__fixdfsi)
d:/efinity/efinity-riscv-ide-2025.1/toolchain/bin/../lib/gcc/riscv-none-embed/8.3.0/rv32im/ilp32\libgcc.a(floatsidf.o)
                              build/out/src/main.o (__floatsidf)
d:/efinity/efinity-riscv-ide-2025.1/toolchain/bin/../lib/gcc/riscv-none-embed/8.3.0/rv32im/ilp32\libgcc.a(floatunsidf.o)
                              build/out/src/tensorflow/lite/micro/kernels/detection_postprocess.o (__floatunsidf)
d:/efinity/efinity-riscv-ide-2025.1/toolchain/bin/../lib/gcc/riscv-none-embed/8.3.0/rv32im/ilp32\libgcc.a(fixdfdi.o)
                              build/out/src/tensorflow/lite/kernels/internal/quantization_util.o (__fixdfdi)
d:/efinity/efinity-riscv-ide-2025.1/toolchain/bin/../lib/gcc/riscv-none-embed/8.3.0/rv32im/ilp32\libgcc.a(fixunsdfdi.o)
                              build/out/src/tensorflow/lite/micro/kernels/detection_postprocess.o (__fixunsdfdi)
d:/efinity/efinity-riscv-ide-2025.1/toolchain/bin/../lib/gcc/riscv-none-embed/8.3.0/rv32im/ilp32\libgcc.a(floatdidf.o)
                              build/out/src/tensorflow/lite/kernels/internal/quantization_util.o (__floatdidf)
d:/efinity/efinity-riscv-ide-2025.1/toolchain/bin/../lib/gcc/riscv-none-embed/8.3.0/rv32im/ilp32\libgcc.a(floatundidf.o)
                              build/out/src/tensorflow/lite/micro/kernels/detection_postprocess.o (__floatundidf)
d:/efinity/efinity-riscv-ide-2025.1/toolchain/bin/../lib/gcc/riscv-none-embed/8.3.0/rv32im/ilp32\libgcc.a(addsf3.o)
                              build/out/src/tensorflow/lite/kernels/internal/quantization_util.o (__addsf3)
d:/efinity/efinity-riscv-ide-2025.1/toolchain/bin/../lib/gcc/riscv-none-embed/8.3.0/rv32im/ilp32\libgcc.a(divsf3.o)
                              build/out/src/tensorflow/lite/kernels/kernel_util.o (__divsf3)
d:/efinity/efinity-riscv-ide-2025.1/toolchain/bin/../lib/gcc/riscv-none-embed/8.3.0/rv32im/ilp32\libgcc.a(eqsf2.o)
                              build/out/src/tensorflow/lite/micro/kernels/reduce.o (__eqsf2)
d:/efinity/efinity-riscv-ide-2025.1/toolchain/bin/../lib/gcc/riscv-none-embed/8.3.0/rv32im/ilp32\libgcc.a(gesf2.o)
                              build/out/src/tensorflow/lite/kernels/kernel_util.o (__gesf2)
d:/efinity/efinity-riscv-ide-2025.1/toolchain/bin/../lib/gcc/riscv-none-embed/8.3.0/rv32im/ilp32\libgcc.a(lesf2.o)
                              build/out/src/tensorflow/lite/kernels/kernel_util.o (__lesf2)
d:/efinity/efinity-riscv-ide-2025.1/toolchain/bin/../lib/gcc/riscv-none-embed/8.3.0/rv32im/ilp32\libgcc.a(mulsf3.o)
                              build/out/src/main.o (__mulsf3)
d:/efinity/efinity-riscv-ide-2025.1/toolchain/bin/../lib/gcc/riscv-none-embed/8.3.0/rv32im/ilp32\libgcc.a(subsf3.o)
                              build/out/src/main.o (__subsf3)
d:/efinity/efinity-riscv-ide-2025.1/toolchain/bin/../lib/gcc/riscv-none-embed/8.3.0/rv32im/ilp32\libgcc.a(fixsfsi.o)
[...]
Memory Configuration

Name             Origin             Length             Attributes
ram              0x0000000000001000 0x0000000008000000 axwl !r
*default*        0x0000000000000000 0xffffffffffffffff

Linker script and memory map

LOAD build/out/src/main.o
LOAD build/out/src/model/yolo_person_detect_model_data.o
LOAD build/out/src/model/input_img_000000018380_96x96x3.o
LOAD build/out/src/model/define.o
LOAD build/out/src/platform/interrupt/intc.o
LOAD build/out/src/platform/misc/print.o
LOAD build/out/src/tensorflow/lite/c/common.o
LOAD build/out/src/tensorflow/lite/core/api/op_resolver.o
LOAD build/out/src/tensorflow/lite/core/api/error_reporter.o
LOAD build/out/src/tensorflow/lite/core/api/tensor_utils.o
LOAD build/out/src/tensorflow/lite/core/api/flatbuffer_conversions.o
LOAD build/out/src/tensorflow/lite/kernels/kernel_util.o
LOAD build/out/src/tensorflow/lite/kernels/internal/quantization_util.o
LOAD build/out/src/tensorflow/lite/micro/system_setup.o
LOAD build/out/src/tensorflow/lite/micro/micro_interpreter.o
LOAD build/out/src/tensorflow/lite/micro/all_ops_resolver.o
LOAD build/out/src/tensorflow/lite/micro/micro_graph.o
LOAD build/out/src/tensorflow/lite/micro/micro_utils.o
LOAD build/out/src/tensorflow/lite/micro/micro_profiler.o
LOAD build/out/src/tensorflow/lite/micro/recording_simple_memory_allocator.o
LOAD build/out/src/tensorflow/lite/micro/micro_string.o
LOAD build/out/src/tensorflow/lite/micro/micro_allocator.o
LOAD build/out/src/tensorflow/lite/micro/debug_log.o
LOAD build/out/src/tensorflow/lite/micro/micro_error_reporter.o
LOAD build/out/src/tensorflow/lite/micro/recording_micro_allocator.o
LOAD build/out/src/tensorflow/lite/micro/micro_time.o
LOAD build/out/src/tensorflow/lite/micro/test_helpers.o
LOAD build/out/src/tensorflow/lite/micro/memory_helpers.o
LOAD build/out/src/tensorflow/lite/micro/mock_micro_graph.o
LOAD build/out/src/tensorflow/lite/micro/simple_memory_allocator.o
LOAD build/out/src/tensorflow/lite/micro/kernels/if.o
LOAD build/out/src/tensorflow/lite/micro/kernels/fully_connected_common.o
LOAD build/out/src/tensorflow/lite/micro/kernels/elementwise.o
LOAD build/out/src/tensorflow/lite/micro/kernels/l2norm.o
LOAD build/out/src/tensorflow/lite/micro/kernels/reduce.o
LOAD build/out/src/tensorflow/lite/micro/kernels/fully_connected.o
LOAD build/out/src/tensorflow/lite/micro/kernels/quantize_common.o
LOAD build/out/src/tensorflow/lite/micro/kernels/logistic.o
LOAD build/out/src/tensorflow/lite/micro/kernels/detection_postprocess_flexbuffers_generated_data.o
LOAD build/out/src/tensorflow/lite/micro/kernels/cumsum.o
LOAD build/out/src/tensorflow/lite/micro/kernels/quantize.o
LOAD build/out/src/tensorflow/lite/micro/kernels/l2_pool_2d.o
LOAD build/out/src/tensorflow/lite/micro/kernels/floor_mod.o
LOAD build/out/src/tensorflow/lite/micro/kernels/strided_slice.o
LOAD build/out/src/tensorflow/lite/micro/kernels/unpack.o
LOAD build/out/src/tensorflow/lite/micro/kernels/log_softmax.o
LOAD build/out/src/tensorflow/lite/micro/kernels/concatenation.o
LOAD build/out/src/tensorflow/lite/micro/kernels/hard_swish.o
LOAD build/out/src/tensorflow/lite/micro/kernels/svdf.o
LOAD build/out/src/tensorflow/lite/micro/kernels/transpose_conv.o
LOAD build/out/src/tensorflow/lite/micro/kernels/floor.o
LOAD build/out/src/tensorflow/lite/micro/kernels/reshape.o
LOAD build/out/src/tensorflow/lite/micro/kernels/circular_buffer.o
LOAD build/out/src/tensorflow/lite/micro/kernels/exp.o
LOAD build/out/src/tensorflow/lite/micro/kernels/round.o
LOAD build/out/src/tensorflow/lite/micro/kernels/kernel_runner.o
LOAD build/out/src/tensorflow/lite/micro/kernels/resize_bilinear.o
LOAD build/out/src/tensorflow/lite/micro/kernels/depthwise_conv_common.o
LOAD build/out/src/tensorflow/lite/micro/kernels/split.o
LOAD build/out/src/tensorflow/lite/micro/kernels/add_n.o
LOAD build/out/src/tensorflow/lite/micro/kernels/maximum_minimum.o
LOAD build/out/src/tensorflow/lite/micro/kernels/shape.o
LOAD build/out/src/tensorflow/lite/micro/kernels/add.o
LOAD build/out/src/tensorflow/lite/micro/kernels/split_v.o
LOAD build/out/src/tensorflow/lite/micro/kernels/gather_nd.o
LOAD build/out/src/tensorflow/lite/micro/kernels/sub.o
LOAD build/out/src/tensorflow/lite/micro/kernels/squeeze.o
LOAD build/out/src/tensorflow/lite/micro/kernels/mul.o
LOAD build/out/src/tensorflow/lite/micro/kernels/neg.o
LOAD build/out/src/tensorflow/lite/micro/kernels/arg_min_max.o
LOAD build/out/src/tensorflow/lite/micro/kernels/ceil.o
LOAD build/out/src/tensorflow/lite/micro/kernels/activations.o
LOAD build/out/src/tensorflow/lite/micro/kernels/pooling.o
LOAD build/out/src/tensorflow/lite/micro/kernels/svdf_common.o
LOAD build/out/src/tensorflow/lite/micro/kernels/pack.o
LOAD build/out/src/tensorflow/lite/micro/kernels/resize_nearest_neighbor.o
LOAD build/out/src/tensorflow/lite/micro/kernels/floor_div.o
LOAD build/out/src/tensorflow/lite/micro/kernels/circular_buffer_flexbuffers_generated_data.o
LOAD build/out/src/tensorflow/lite/micro/kernels/softmax_common.o
LOAD build/out/src/tensorflow/lite/micro/kernels/ethosu.o
LOAD build/out/src/tensorflow/lite/micro/kernels/pad.o
LOAD build/out/src/tensorflow/lite/micro/kernels/prelu.o
LOAD build/out/src/tensorflow/lite/micro/kernels/tanh.o
LOAD build/out/src/tensorflow/lite/micro/kernels/dequantize.o
LOAD build/out/src/tensorflow/lite/micro/kernels/elu.o
LOAD build/out/src/tensorflow/lite/micro/kernels/batch_to_space_nd.o
LOAD build/out/src/tensorflow/lite/micro/kernels/conv_common.o
LOAD build/out/src/tensorflow/lite/micro/kernels/softmax.o
LOAD build/out/src/tensorflow/lite/micro/kernels/detection_postprocess.o
LOAD build/out/src/tensorflow/lite/micro/kernels/cast.o
LOAD build/out/src/tensorflow/lite/micro/kernels/conv.o
LOAD build/out/src/tensorflow/lite/micro/kernels/slice.o
LOAD build/out/src/tensorflow/lite/micro/kernels/space_to_batch_nd.o
LOAD build/out/src/tensorflow/lite/micro/kernels/depthwise_conv.o
LOAD build/out/src/tensorflow/lite/micro/kernels/leaky_relu.o
LOAD build/out/src/tensorflow/lite/micro/kernels/fill.o
LOAD build/out/src/tensorflow/lite/micro/kernels/depth_to_space.o
LOAD build/out/src/tensorflow/lite/micro/kernels/comparisons.o
LOAD build/out/src/tensorflow/lite/micro/kernels/logical.o
LOAD build/out/src/tensorflow/lite/micro/kernels/expand_dims.o
LOAD build/out/src/tensorflow/lite/micro/kernels/transpose.o
LOAD build/out/src/tensorflow/lite/micro/kernels/kernel_util.o
LOAD build/out/src/tensorflow/lite/micro/kernels/zeros_like.o
LOAD build/out/src/tensorflow/lite/micro/kernels/gather.o
LOAD build/out/src/tensorflow/lite/micro/memory_planner/greedy_memory_planner.o
LOAD build/out/src/tensorflow/lite/micro/memory_planner/linear_memory_planner.o
LOAD build/out/src/tensorflow/lite/schema/schema_utils.o
LOAD build/out/../common/start.o
LOAD build/out/../common/trap.o
LOAD d:/efinity/efinity-riscv-ide-2025.1/toolchain/bin/../lib/gcc/riscv-none-embed/8.3.0/rv32im/ilp32\libgcc.a
                0x0000000000200000                __stack_size = DEFINED (__stack_size)?__stack_size:0x200000

.init           0x0000000000001000       0x68
 *(SORT_NONE(.init))
 .init          0x0000000000001000       0x68 build/out/../common/start.o
                0x0000000000001000                _start
                0x0000000000001064                _init

.text           0x0000000000001068    0xd1680
 *(.text.Proc_1)
 *(.text.Proc_2)
 *(.text.Proc_3)
 *(.text.Proc_4)
 *(.text.Proc_5)
 *(.text.Proc_6)
 *(.text.Proc_7)
 *(.text.Proc_8)
 *(.text.Func_1)
 *(.text.Func_2)
 *(.text.Func_3)
 *(.text.strcpy)
 .text.strcpy   0x0000000000001068       0xb0 d:/efinity/efinity-riscv-ide-2025.1/toolchain/bin/../lib/gcc/riscv-none-embed/8.3.0/../../../../riscv-none-embed/lib/rv32im/ilp32\libc.a(lib_a-strcpy.o)
                0x0000000000001068                strcpy
 *libc.a:*(.text .text.*)
 .text          0x0000000000001118        0x0 d:/efinity/efinity-riscv-ide-2025.1/toolchain/bin/../lib/gcc/riscv-none-embed/8.3.0/../../../../riscv-none-embed/lib/rv32im/ilp32\libc.a(lib_a-abort.o)
 .text.abort    0x0000000000001118       0x18 d:/efinity/efinity-riscv-ide-2025.1/toolchain/bin/../lib/gcc/riscv-none-embed/8.3.0/../../../../riscv-none-embed/lib/rv32im/ilp32\libc.a(lib_a-abort.o)
                0x0000000000001118                abort
 .text          0x0000000000001130        0x0 d:/efinity/efinity-riscv-ide-2025.1/toolchain/bin/../lib/gcc/riscv-none-embed/8.3.0/../../../../riscv-none-embed/lib/rv32im/ilp32\libc.a(lib_a-assert.o)
 .text.__assert_func
                0x0000000000001130       0x54 d:/efinity/efinity-riscv-ide-2025.1/toolchain/bin/../lib/gcc/riscv-none-embed/8.3.0/../../../../riscv-none-embed/lib/rv32im/ilp32\libc.a(lib_a-assert.o)
                0x0000000000001130                __assert_func
 .text.__assert
                0x0000000000001184       0x14 d:/efinity/efinity-riscv-ide-2025.1/toolchain/bin/../lib/gcc/riscv-none-embed/8.3.0/../../../../riscv-none-embed/lib/rv32im/ilp32\libc.a(lib_a-assert.o)
                0x0000000000001184                __assert
 .text          0x0000000000001198        0x0 d:/efinity/efinity-riscv-ide-2025.1/toolchain/bin/../lib/gcc/riscv-none-embed/8.3.0/../../../../riscv-none-embed/lib/rv32im/ilp32\libc.a(lib_a-atexit.o)
 .text.atexit   0x0000000000001198       0x14 d:/efinity/efinity-riscv-ide-2025.1/toolchain/bin/../lib/gcc/riscv-none-embed/8.3.0/../../../../riscv-none-embed/lib/rv32im/ilp32\libc.a(lib_a-atexit.o)
                0x0000000000001198                atexit
 .text          0x00000000000011ac        0x0 d:/efinity/efinity-riscv-ide-2025.1/toolchain/bin/../lib/gcc/riscv-none-embed/8.3.0/../../../../riscv-none-embed/lib/rv32im/ilp32\libc.a(lib_a-bsearch.o)
 .text.bsearch  0x00000000000011ac       0xb4 d:/efinity/efinity-riscv-ide-2025.1/toolchain/bin/../lib/gcc/riscv-none-embed/8.3.0/../../../../riscv-none-embed/lib/rv32im/ilp32\libc.a(lib_a-bsearch.o)
                0x00000000000011ac                bsearch
 .text          0x0000000000001260        0x0 d:/efinity/efinity-riscv-ide-2025.1/toolchain/bin/../lib/gcc/riscv-none-embed/8.3.0/../../../../riscv-none-embed/lib/rv32im/ilp32\libc.a(lib_a-calloc.o)
 .text.calloc   0x0000000000001260       0x14 d:/efinity/efinity-riscv-ide-2025.1/toolchain/bin/../lib/gcc/riscv-none-embed/8.3.0/../../../../riscv-none-embed/lib/rv32im/ilp32\libc.a(lib_a-calloc.o)
                0x0000000000001260                calloc
 .text          0x0000000000001274        0x0 d:/efinity/efinity-riscv-ide-2025.1/toolchain/bin/../lib/gcc/riscv-none-embed/8.3.0/../../../../riscv-none-embed/lib/rv32im/ilp32\libc.a(lib_a-callocr.o)
 .text._calloc_r
                0x0000000000001274       0xb0 d:/efinity/efinity-riscv-ide-2025.1/toolchain/bin/../lib/gcc/riscv-none-embed/8.3.0/../../../../riscv-none-embed/lib/rv32im/ilp32\libc.a(lib_a-callocr.o)
                0x0000000000001274                _calloc_r
 .text          0x0000000000001324        0x0 d:/efinity/efinity-riscv-ide-2025.1/toolchain/bin/../lib/gcc/riscv-none-embed/8.3.0/../../../../riscv-none-embed/lib/rv32im/ilp32\libc.a(lib_a-errno.o)
 .text.__errno  0x0000000000001324        0xc d:/efinity/efinity-riscv-ide-2025.1/toolchain/bin/../lib/gcc/riscv-none-embed/8.3.0/../../../../riscv-none-embed/lib/rv32im/ilp32\libc.a(lib_a-errno.o)
                0x0000000000001324                __errno
 .text          0x0000000000001330        0x0 d:/efinity/efinity-riscv-ide-2025.1/toolchain/bin/../lib/gcc/riscv-none-embed/8.3.0/../../../../riscv-none-embed/lib/rv32im/ilp32\libc.a(lib_a-fiprintf.o)
 .text._fiprintf_r
                0x0000000000001330       0x38 d:/efinity/efinity-riscv-ide-2025.1/toolchain/bin/../lib/gcc/riscv-none-embed/8.3.0/../../../../riscv-none-embed/lib/rv32im/ilp32\libc.a(lib_a-fiprintf.o)
                0x0000000000001330                _fiprintf_r
 .text.fiprintf
                0x0000000000001368       0x4c d:/efinity/efinity-riscv-ide-2025.1/toolchain/bin/../lib/gcc/riscv-none-embed/8.3.0/../../../../riscv-none-embed/lib/rv32im/ilp32\libc.a(lib_a-fiprintf.o)
                0x0000000000001368                fiprintf
 .text          0x00000000000013b4        0x0 d:/efinity/efinity-riscv-ide-2025.1/toolchain/bin/../lib/gcc/riscv-none-embed/8.3.0/../../../../riscv-none-embed/lib/rv32im/ilp32\libc.a(lib_a-fprintf.o)
 .text._fprintf_r
                0x00000000000013b4       0x38 d:/efinity/efinity-riscv-ide-2025.1/toolchain/bin/../lib/gcc/riscv-none-embed/8.3.0/../../../../riscv-none-embed/lib/rv32im/ilp32\libc.a(lib_a-fprintf.o)
                0x00000000000013b4                _fprintf_r
 .text.fprintf  0x00000000000013ec       0x4c d:/efinity/efinity-riscv-ide-2025.1/toolchain/bin/../lib/gcc/riscv-none-embed/8.3.0/../../../../riscv-none-embed/lib/rv32im/ilp32\libc.a(lib_a-fprintf.o)
                0x00000000000013ec                fprintf
 .text          0x0000000000001438        0x0 d:/efinity/efinity-riscv-ide-2025.1/toolchain/bin/../lib/gcc/riscv-none-embed/8.3.0/../../../../riscv-none-embed/lib/rv32im/ilp32\libc.a(lib_a-impure.o)
 .text          0x0000000000001438        0x0 d:/efinity/efinity-riscv-ide-2025.1/toolchain/bin/../lib/gcc/riscv-none-embed/8.3.0/../../../../riscv-none-embed/lib/rv32im/ilp32\libc.a(lib_a-init.o)
 .text.__libc_init_array
                0x0000000000001438       0x94 d:/efinity/efinity-riscv-ide-2025.1/toolchain/bin/../lib/gcc/riscv-none-embed/8.3.0/../../../../riscv-none-embed/lib/rv32im/ilp32\libc.a(lib_a-init.o)
                0x0000000000001438                __libc_init_array
 .text          0x00000000000014cc        0x0 d:/efinity/efinity-riscv-ide-2025.1/toolchain/bin/../lib/gcc/riscv-none-embed/8.3.0/../../../../riscv-none-embed/lib/rv32im/ilp32\libc.a(lib_a-malloc.o)
 .text.malloc   0x00000000000014cc       0x10 d:/efinity/efinity-riscv-ide-2025.1/toolchain/bin/../lib/gcc/riscv-none-embed/8.3.0/../../../../riscv-none-embed/lib/rv32im/ilp32\libc.a(lib_a-malloc.o)
                0x00000000000014cc                malloc
 .text.free     0x00000000000014dc       0x10 d:/efinity/efinity-riscv-ide-2025.1/toolchain/bin/../lib/gcc/riscv-none-embed/8.3.0/../../../../riscv-none-embed/lib/rv32im/ilp32\libc.a(lib_a-malloc.o)
                0x00000000000014dc                free
 .text          0x00000000000014ec        0x0 d:/efinity/efinity-riscv-ide-2025.1/toolchain/bin/../lib/gcc/riscv-none-embed/8.3.0/../../../../riscv-none-embed/lib/rv32im/ilp32\libc.a(lib_a-mallocr.o)
 .text._malloc_r
                0x00000000000014ec      0x820 d:/efinity/efinity-riscv-ide-2025.1/toolchain/bin/../lib/gcc/riscv-none-embed/8.3.0/../../../../riscv-none-embed/lib/rv32im/ilp32\libc.a(lib_a-mallocr.o)
                0x00000000000014ec                _malloc_r
 .text          0x0000000000001d0c        0x0 d:/efinity/efinity-riscv-ide-2025.1/toolchain/bin/../lib/gcc/riscv-none-embed/8.3.0/../../../../riscv-none-embed/lib/rv32im/ilp32\libc.a(lib_a-memcmp.o)
 .text.memcmp   0x0000000000001d0c       0x88 d:/efinity/efinity-riscv-ide-2025.1/toolchain/bin/../lib/gcc/riscv-none-embed/8.3.0/../../../../riscv-none-embed/lib/rv32im/ilp32\libc.a(lib_a-memcmp.o)
                0x0000000000001d0c                memcmp
 .text          0x0000000000001d94        0x0 d:/efinity/efinity-riscv-ide-2025.1/toolchain/bin/../lib/gcc/riscv-none-embed/8.3.0/../../../../riscv-none-embed/lib/rv32im/ilp32\libc.a(lib_a-memcpy.o)
 .text.memcpy   0x0000000000001d94      0x11c d:/efinity/efinity-riscv-ide-2025.1/toolchain/bin/../lib/gcc/riscv-none-embed/8.3.0/../../../../riscv-none-embed/lib/rv32im/ilp32\libc.a(lib_a-memcpy.o)
                0x0000000000001d94                memcpy
 .text          0x0000000000001eb0        0x0 d:/efinity/efinity-riscv-ide-2025.1/toolchain/bin/../lib/gcc/riscv-none-embed/8.3.0/../../../../riscv-none-embed/lib/rv32im/ilp32\libc.a(lib_a-memmove-stub.o)
 .text.memmove  0x0000000000001eb0      0x120 d:/efinity/efinity-riscv-ide-2025.1/toolchain/bin/../lib/gcc/riscv-none-embed/8.3.0/../../../../riscv-none-embed/lib/rv32im/ilp32\libc.a(lib_a-memmove-stub.o)
                0x0000000000001eb0                memmove
 .text          0x0000000000001fd0       0xdc d:/efinity/efinity-riscv-ide-2025.1/toolchain/bin/../lib/gcc/riscv-none-embed/8.3.0/../../../../riscv-none-embed/lib/rv32im/ilp32\libc.a(lib_a-memset.o)
                0x0000000000001fd0                memset
 .text          0x00000000000020ac        0x0 d:/efinity/efinity-riscv-ide-2025.1/toolchain/bin/../lib/gcc/riscv-none-embed/8.3.0/../../../../riscv-none-embed/lib/rv32im/ilp32\libc.a(lib_a-mlock.o)
 .text.__malloc_lock
                0x00000000000020ac        0x4 d:/efinity/efinity-riscv-ide-2025.1/toolchain/bin/../lib/gcc/riscv-none-embed/8.3.0/../../../../riscv-none-embed/lib/rv32im/ilp32\libc.a(lib_a-mlock.o)
                0x00000000000020ac                __malloc_lock
 .text.__malloc_unlock
                0x00000000000020b0        0x4 d:/efinity/efinity-riscv-ide-2025.1/toolchain/bin/../lib/gcc/riscv-none-embed/8.3.0/../../../../riscv-none-embed/lib/rv32im/ilp32\libc.a(lib_a-mlock.o)
                0x00000000000020b0                __malloc_unlock
 .text          0x00000000000020b4        0x0 d:/efinity/efinity-riscv-ide-2025.1/toolchain/bin/../lib/gcc/riscv-none-embed/8.3.0/../../../../riscv-none-embed/lib/rv32im/ilp32\libc.a(lib_a-printf.o)
 .text._printf_r
                0x00000000000020b4       0x44 d:/efinity/efinity-riscv-ide-2025.1/toolchain/bin/../lib/gcc/riscv-none-embed/8.3.0/../../../../riscv-none-embed/lib/rv32im/ilp32\libc.a(lib_a-printf.o)
                0x00000000000020b4                _printf_r
 .text.printf   0x00000000000020f8       0x54 d:/efinity/efinity-riscv-ide-2025.1/toolchain/bin/../lib/gcc/riscv-none-embed/8.3.0/../../../../riscv-none-embed/lib/rv32im/ilp32\libc.a(lib_a-printf.o)
                0x00000000000020f8                printf
 .text          0x000000000000214c        0x0 d:/efinity/efinity-riscv-ide-2025.1/toolchain/bin/../lib/gcc/riscv-none-embed/8.3.0/../../../../riscv-none-embed/lib/rv32im/ilp32\libc.a(lib_a-qsort.o)
 .text.qsort    0x000000000000214c      0x868 d:/efinity/efinity-riscv-ide-2025.1/toolchain/bin/../lib/gcc/riscv-none-embed/8.3.0/../../../../riscv-none-embed/lib/rv32im/ilp32\libc.a(lib_a-qsort.o)
                0x000000000000214c                qsort
 .text          0x00000000000029b4        0x0 d:/efinity/efinity-riscv-ide-2025.1/toolchain/bin/../lib/gcc/riscv-none-embed/8.3.0/../../../../riscv-none-embed/lib/rv32im/ilp32\libc.a(lib_a-sbrkr.o)
 .text._sbrk_r  0x00000000000029b4       0x5c d:/efinity/efinity-riscv-ide-2025.1/toolchain/bin/../lib/gcc/riscv-none-embed/8.3.0/../../../../riscv-none-embed/lib/rv32im/ilp32\libc.a(lib_a-sbrkr.o)
                0x00000000000029b4                _sbrk_r
 .text          0x0000000000002a10        0x0 d:/efinity/efinity-riscv-ide-2025.1/toolchain/bin/../lib/gcc/riscv-none-embed/8.3.0/../../../../riscv-none-embed/lib/rv32im/ilp32\libc.a(lib_a-signal.o)
 .text._init_signal_r.part.0
                0x0000000000002a10       0x4c d:/efinity/efinity-riscv-ide-2025.1/toolchain/bin/../lib/gcc/riscv-none-embed/8.3.0/../../../../riscv-none-embed/lib/rv32im/ilp32\libc.a(lib_a-signal.o)
 .text._init_signal_r
                0x0000000000002a5c       0x14 d:/efinity/efinity-riscv-ide-2025.1/toolchain/bin/../lib/gcc/riscv-none-embed/8.3.0/../../../../riscv-none-embed/lib/rv32im/ilp32\libc.a(lib_a-signal.o)
                0x0000000000002a5c                _init_signal_r
 .text._signal_r
                0x0000000000002a70       0x88 d:/efinity/efinity-riscv-ide-2025.1/toolchain/bin/../lib/gcc/riscv-none-embed/8.3.0/../../../../riscv-none-embed/lib/rv32im/ilp32\libc.a(lib_a-signal.o)
                0x0000000000002a70                _signal_r
 .text._raise_r
                0x0000000000002af8       0xdc d:/efinity/efinity-riscv-ide-2025.1/toolchain/bin/../lib/gcc/riscv-none-embed/8.3.0/../../../../riscv-none-embed/lib/rv32im/ilp32\libc.a(lib_a-signal.o)
                0x0000000000002af8                _raise_r
 .text.__sigtramp_r
                0x0000000000002bd4       0xb8 d:/efinity/efinity-riscv-ide-2025.1/toolchain/bin/../lib/gcc/riscv-none-embed/8.3.0/../../../../riscv-none-embed/lib/rv32im/ilp32\libc.a(lib_a-signal.o)
                0x0000000000002bd4                __sigtramp_r
 .text.raise    0x0000000000002c8c       0x10 d:/efinity/efinity-riscv-ide-2025.1/toolchain/bin/../lib/gcc/riscv-none-embed/8.3.0/../../../../riscv-none-embed/lib/rv32im/ilp32\libc.a(lib_a-signal.o)
                0x0000000000002c8c                raise
 .text.signal   0x0000000000002c9c       0x14 d:/efinity/efinity-riscv-ide-2025.1/toolchain/bin/../lib/gcc/riscv-none-embed/8.3.0/../../../../riscv-none-embed/lib/rv32im/ilp32\libc.a(lib_a-signal.o)
                0x0000000000002c9c                signal
 .text._init_signal
                0x0000000000002cb0       0x1c d:/efinity/efinity-riscv-ide-2025.1/toolchain/bin/../lib/gcc/riscv-none-embed/8.3.0/../../../../riscv-none-embed/lib/rv32im/ilp32\libc.a(lib_a-signal.o)
                0x0000000000002cb0                _init_signal
 .text.__sigtramp
                0x0000000000002ccc       0x10 d:/efinity/efinity-riscv-ide-2025.1/toolchain/bin/../lib/gcc/riscv-none-embed/8.3.0/../../../../riscv-none-embed/lib/rv32im/ilp32\libc.a(lib_a-signal.o)
                0x0000000000002ccc                __sigtramp
 .text          0x0000000000002cdc        0x0 d:/efinity/efinity-riscv-ide-2025.1/toolchain/bin/../lib/gcc/riscv-none-embed/8.3.0/../../../../riscv-none-embed/lib/rv32im/ilp32\libc.a(lib_a-signalr.o)
 .text._kill_r  0x0000000000002cdc       0x64 d:/efinity/efinity-riscv-ide-2025.1/toolchain/bin/../lib/gcc/riscv-none-embed/8.3.0/../../../../riscv-none-embed/lib/rv32im/ilp32\libc.a(lib_a-signalr.o)
                0x0000000000002cdc                _kill_r
 .text._getpid_r
                0x0000000000002d40        0x4 d:/efinity/efinity-riscv-ide-2025.1/toolchain/bin/../lib/gcc/riscv-none-embed/8.3.0/../../../../riscv-none-embed/lib/rv32im/ilp32\libc.a(lib_a-signalr.o)
                0x0000000000002d40                _getpid_r
 .text          0x0000000000002d44        0x0 d:/efinity/efinity-riscv-ide-2025.1/toolchain/bin/../lib/gcc/riscv-none-embed/8.3.0/../../../../riscv-none-embed/lib/rv32im/ilp32\libc.a(lib_a-strcat.o)
 .text.strcat   0x0000000000002d44       0xa0 d:/efinity/efinity-riscv-ide-2025.1/toolchain/bin/../lib/gcc/riscv-none-embed/8.3.0/../../../../riscv-none-embed/lib/rv32im/ilp32\libc.a(lib_a-strcat.o)
                0x0000000000002d44                strcat
 .text          0x0000000000002de4      0x17c d:/efinity/efinity-riscv-ide-2025.1/toolchain/bin/../lib/gcc/riscv-none-embed/8.3.0/../../../../riscv-none-embed/lib/rv32im/ilp32\libc.a(lib_a-strcmp.o)
                0x0000000000002de4                strcmp
 .text          0x0000000000002f60        0x0 d:/efinity/efinity-riscv-ide-2025.1/toolchain/bin/../lib/gcc/riscv-none-embed/8.3.0/../../../../riscv-none-embed/lib/rv32im/ilp32\libc.a(lib_a-strcpy.o)
 .text          0x0000000000002f60        0x0 d:/efinity/efinity-riscv-ide-2025.1/toolchain/bin/../lib/gcc/riscv-none-embed/8.3.0/../../../../riscv-none-embed/lib/rv32im/ilp32\libc.a(lib_a-strlen.o)
 .text.strlen   0x0000000000002f60       0x8c d:/efinity/efinity-riscv-ide-2025.1/toolchain/bin/../lib/gcc/riscv-none-embed/8.3.0/../../../../riscv-none-embed/lib/rv32im/ilp32\libc.a(lib_a-strlen.o)
                0x0000000000002f60                strlen
 .text          0x0000000000002fec        0x0 d:/efinity/efinity-riscv-ide-2025.1/toolchain/bin/../lib/gcc/riscv-none-embed/8.3.0/../../../../riscv-none-embed/lib/rv32im/ilp32\libc.a(lib_a-strncmp.o)
 .text.strncmp  0x0000000000002fec       0xf0 d:/efinity/efinity-riscv-ide-2025.1/toolchain/bin/../lib/gcc/riscv-none-embed/8.3.0/../../../../riscv-none-embed/lib/rv32im/ilp32\libc.a(lib_a-strncmp.o)
                0x0000000000002fec                strncmp
 .text          0x00000000000030dc        0x0 d:/efinity/efinity-riscv-ide-2025.1/toolchain/bin/../lib/gcc/riscv-none-embed/8.3.0/../../../../riscv-none-embed/lib/rv32im/ilp32\libc.a(lib_a-strtoll.o)
 .text._strtoll_l.isra.0
                0x00000000000030dc      0x2c0 d:/efinity/efinity-riscv-ide-2025.1/toolchain/bin/../lib/gcc/riscv-none-embed/8.3.0/../../../../riscv-none-embed/lib/rv32im/ilp32\libc.a(lib_a-strtoll.o)
 .text._strtoll_r
                0x000000000000339c        0x4 d:/efinity/efinity-riscv-ide-2025.1/toolchain/bin/../lib/gcc/riscv-none-embed/8.3.0/../../../../riscv-none-embed/lib/rv32im/ilp32\libc.a(lib_a-strtoll.o)
                0x000000000000339c                _strtoll_r
 .text.strtoll_l
                0x00000000000033a0       0x18 d:/efinity/efinity-riscv-ide-2025.1/toolchain/bin/../lib/gcc/riscv-none-embed/8.3.0/../../../../riscv-none-embed/lib/rv32im/ilp32\libc.a(lib_a-strtoll.o)
                0x00000000000033a0                strtoll_l
 .text.strtoll  0x00000000000033b8       0x18 d:/efinity/efinity-riscv-ide-2025.1/toolchain/bin/../lib/gcc/riscv-none-embed/8.3.0/../../../../riscv-none-embed/lib/rv32im/ilp32\libc.a(lib_a-strtoll.o)
                0x00000000000033b8                strtoll
 .text          0x00000000000033d0        0x0 d:/efinity/efinity-riscv-ide-2025.1/toolchain/bin/../lib/gcc/riscv-none-embed/8.3.0/../../../../riscv-none-embed/lib/rv32im/ilp32\libc.a(lib_a-strtoull.o)
 .text._strtoull_l.isra.0
                0x00000000000033d0      0x304 d:/efinity/efinity-riscv-ide-2025.1/toolchain/bin/../lib/gcc/riscv-none-embed/8.3.0/../../../../riscv-none-embed/lib/rv32im/ilp32\libc.a(lib_a-strtoull.o)
 .text._strtoull_r
                0x00000000000036d4        0x4 d:/efinity/efinity-riscv-ide-2025.1/toolchain/bin/../lib/gcc/riscv-none-embed/8.3.0/../../../../riscv-none-embed/lib/rv32im/ilp32\libc.a(lib_a-strtoull.o)
                0x00000000000036d4                _strtoull_r
 .text.strtoull_l
                0x00000000000036d8       0x18 d:/efinity/efinity-riscv-ide-2025.1/toolchain/bin/../lib/gcc/riscv-none-embed/8.3.0/../../../../riscv-none-embed/lib/rv32im/ilp32\libc.a(lib_a-strtoull.o)
                0x00000000000036d8                strtoull_l
 .text.strtoull
                0x00000000000036f0       0x18 d:/efinity/efinity-riscv-ide-2025.1/toolchain/bin/../lib/gcc/riscv-none-embed/8.3.0/../../../../riscv-none-embed/lib/rv32im/ilp32\libc.a(lib_a-strtoull.o)
                0x00000000000036f0                strtoull
 .text          0x0000000000003708        0x0 d:/efinity/efinity-riscv-ide-2025.1/toolchain/bin/../lib/gcc/riscv-none-embed/8.3.0/../../../../riscv-none-embed/lib/rv32im/ilp32\libc.a(lib_a-vfiprintf.o)
 .text.__sprint_r.part.0
                0x0000000000003708       0xf0 d:/efinity/efinity-riscv-ide-2025.1/toolchain/bin/../lib/gcc/riscv-none-embed/8.3.0/../../../../riscv-none-embed/lib/rv32im/ilp32\libc.a(lib_a-vfiprintf.o)
 .text.__sprint_r
                0x00000000000037f8       0x18 d:/efinity/efinity-riscv-ide-2025.1/toolchain/bin/../lib/gcc/riscv-none-embed/8.3.0/../../../../riscv-none-embed/lib/rv32im/ilp32\libc.a(lib_a-vfiprintf.o)
                0x00000000000037f8                __sprint_r
 .text._vfiprintf_r
                0x0000000000003810     0x12d0 d:/efinity/efinity-riscv-ide-2025.1/toolchain/bin/../lib/gcc/riscv-none-embed/8.3.0/../../../../riscv-none-embed/lib/rv32im/ilp32\libc.a(lib_a-vfiprintf.o)
                0x0000000000003810                _vfiprintf_r
 .text.vfiprintf
                0x0000000000004ae0       0x18 d:/efinity/efinity-riscv-ide-2025.1/toolchain/bin/../lib/gcc/riscv-none-embed/8.3.0/../../../../riscv-none-embed/lib/rv32im/ilp32\libc.a(lib_a-vfiprintf.o)
                0x0000000000004ae0                vfiprintf
 .text.__sbprintf
                0x0000000000004af8       0xc0 d:/efinity/efinity-riscv-ide-2025.1/toolchain/bin/../lib/gcc/riscv-none-embed/8.3.0/../../../../riscv-none-embed/lib/rv32im/ilp32\libc.a(lib_a-vfiprintf.o)
 .text          0x0000000000004bb8        0x0 d:/efinity/efinity-riscv-ide-2025.1/toolchain/bin/../lib/gcc/riscv-none-embed/8.3.0/../../../../riscv-none-embed/lib/rv32im/ilp32\libc.a(lib_a-vfprintf.o)
 .text._vfprintf_r
                0x0000000000004bb8     0x2b20 d:/efinity/efinity-riscv-ide-2025.1/toolchain/bin/../lib/gcc/riscv-none-embed/8.3.0/../../../../riscv-none-embed/lib/rv32im/ilp32\libc.a(lib_a-vfprintf.o)
                0x0000000000004bb8                _vfprintf_r
 .text.vfprintf
                0x00000000000076d8       0x18 d:/efinity/efinity-riscv-ide-2025.1/toolchain/bin/../lib/gcc/riscv-none-embed/8.3.0/../../../../riscv-none-embed/lib/rv32im/ilp32\libc.a(lib_a-vfprintf.o)
                0x00000000000076d8                vfprintf
 .text.__sbprintf
                0x00000000000076f0       0xc0 d:/efinity/efinity-riscv-ide-2025.1/toolchain/bin/../lib/gcc/riscv-none-embed/8.3.0/../../../../riscv-none-embed/lib/rv32im/ilp32\libc.a(lib_a-vfprintf.o)
 .text          0x00000000000077b0        0x0 d:/efinity/efinity-riscv-ide-2025.1/toolchain/bin/../lib/gcc/riscv-none-embed/8.3.0/../../../../riscv-none-embed/lib/rv32im/ilp32\libc.a(lib_a-wsetup.o)
 .text.__swsetup_r
                0x00000000000077b0      0x168 d:/efinity/efinity-riscv-ide-2025.1/toolchain/bin/../lib/gcc/riscv-none-embed/8.3.0/../../../../riscv-none-embed/lib/rv32im/ilp32\libc.a(lib_a-wsetup.o)
                0x00000000000077b0                __swsetup_r
 .text          0x0000000000007918        0x0 d:/efinity/efinity-riscv-ide-2025.1/toolchain/bin/../lib/gcc/riscv-none-embed/8.3.0/../../../../riscv-none-embed/lib/rv32im/ilp32\libc.a(lib_a-__atexit.o)
 .text.__register_exitproc
                0x0000000000007918       0xa0 d:/efinity/efinity-riscv-ide-2025.1/toolchain/bin/../lib/gcc/riscv-none-embed/8.3.0/../../../../riscv-none-embed/lib/rv32im/ilp32\libc.a(lib_a-__atexit.o)
                0x0000000000007918                __register_exitproc
 .text          0x00000000000079b8        0x0 d:/efinity/efinity-riscv-ide-2025.1/toolchain/bin/../lib/gcc/riscv-none-embed/8.3.0/../../../../riscv-none-embed/lib/rv32im/ilp32\libc.a(lib_a-ctype_.o)
 .text          0x00000000000079b8        0x0 d:/efinity/efinity-riscv-ide-2025.1/toolchain/bin/../lib/gcc/riscv-none-embed/8.3.0/../../../../riscv-none-embed/lib/rv32im/ilp32\libc.a(lib_a-fflush.o)
 .text.__sflush_r
                0x00000000000079b8      0x25c d:/efinity/efinity-riscv-ide-2025.1/toolchain/bin/../lib/gcc/riscv-none-embed/8.3.0/../../../../riscv-none-embed/lib/rv32im/ilp32\libc.a(lib_a-fflush.o)
                0x00000000000079b8                __sflush_r
 .text._fflush_r
                0x0000000000007c14       0x60 d:/efinity/efinity-riscv-ide-2025.1/toolchain/bin/../lib/gcc/riscv-none-embed/8.3.0/../../../../riscv-none-embed/lib/rv32im/ilp32\libc.a(lib_a-fflush.o)
                0x0000000000007c14                _fflush_r
 .text.fflush   0x0000000000007c74       0x2c d:/efinity/efinity-riscv-ide-2025.1/toolchain/bin/../lib/gcc/riscv-none-embed/8.3.0/../../../../riscv-none-embed/lib/rv32im/ilp32\libc.a(lib_a-fflush.o)
                0x0000000000007c74                fflush
 .text          0x0000000000007ca0        0x0 d:/efinity/efinity-riscv-ide-2025.1/toolchain/bin/../lib/gcc/riscv-none-embed/8.3.0/../../../../riscv-none-embed/lib/rv32im/ilp32\libc.a(lib_a-findfp.o)
 .text.__fp_lock
                0x0000000000007ca0        0x8 d:/efinity/efinity-riscv-ide-2025.1/toolchain/bin/../lib/gcc/riscv-none-embed/8.3.0/../../../../riscv-none-embed/lib/rv32im/ilp32\libc.a(lib_a-findfp.o)
 .text._cleanup_r
                0x0000000000007ca8        0xc d:/efinity/efinity-riscv-ide-2025.1/toolchain/bin/../lib/gcc/riscv-none-embed/8.3.0/../../../../riscv-none-embed/lib/rv32im/ilp32\libc.a(lib_a-findfp.o)
                0x0000000000007ca8                _cleanup_r
 .text.__sinit.part.0
                0x0000000000007cb4      0x184 d:/efinity/efinity-riscv-ide-2025.1/toolchain/bin/../lib/gcc/riscv-none-embed/8.3.0/../../../../riscv-none-embed/lib/rv32im/ilp32\libc.a(lib_a-findfp.o)
 .text.__fp_unlock
                0x0000000000007e38        0x8 d:/efinity/efinity-riscv-ide-2025.1/toolchain/bin/../lib/gcc/riscv-none-embed/8.3.0/../../../../riscv-none-embed/lib/rv32im/ilp32\libc.a(lib_a-findfp.o)
 .text.__sfmoreglue
                0x0000000000007e40       0x6c d:/efinity/efinity-riscv-ide-2025.1/toolchain/bin/../lib/gcc/riscv-none-embed/8.3.0/../../../../riscv-none-embed/lib/rv32im/ilp32\libc.a(lib_a-findfp.o)
                0x0000000000007e40                __sfmoreglue
 .text.__sfp    0x0000000000007eac      0x108 d:/efinity/efinity-riscv-ide-2025.1/toolchain/bin/../lib/gcc/riscv-none-embed/8.3.0/../../../../riscv-none-embed/lib/rv32im/ilp32\libc.a(lib_a-findfp.o)
                0x0000000000007eac                __sfp
 .text._cleanup
                0x0000000000007fb4       0x18 d:/efinity/efinity-riscv-ide-2025.1/toolchain/bin/../lib/gcc/riscv-none-embed/8.3.0/../../../../riscv-none-embed/lib/rv32im/ilp32\libc.a(lib_a-findfp.o)
                0x0000000000007fb4                _cleanup
 .text.__sinit  0x0000000000007fcc       0x10 d:/efinity/efinity-riscv-ide-2025.1/toolchain/bin/../lib/gcc/riscv-none-embed/8.3.0/../../../../riscv-none-embed/lib/rv32im/ilp32\libc.a(lib_a-findfp.o)
                0x0000000000007fcc                __sinit
 .text.__sfp_lock_acquire
                0x0000000000007fdc        0x4 d:/efinity/efinity-riscv-ide-2025.1/toolchain/bin/../lib/gcc/riscv-none-embed/8.3.0/../../../../riscv-none-embed/lib/rv32im/ilp32\libc.a(lib_a-findfp.o)
                0x0000000000007fdc                __sfp_lock_acquire
 .text.__sfp_lock_release
                0x0000000000007fe0        0x4 d:/efinity/efinity-riscv-ide-2025.1/toolchain/bin/../lib/gcc/riscv-none-embed/8.3.0/../../../../riscv-none-embed/lib/rv32im/ilp32\libc.a(lib_a-findfp.o)
                0x0000000000007fe0                __sfp_lock_release
 .text.__sinit_lock_acquire
                0x0000000000007fe4        0x4 d:/efinity/efinity-riscv-ide-2025.1/toolchain/bin/../lib/gcc/riscv-none-embed/8.3.0/../../../../riscv-none-embed/lib/rv32im/ilp32\libc.a(lib_a-findfp.o)
                0x0000000000007fe4                __sinit_lock_acquire
 .text.__sinit_lock_release
                0x0000000000007fe8        0x4 d:/efinity/efinity-riscv-ide-2025.1/toolchain/bin/../lib/gcc/riscv-none-embed/8.3.0/../../../../riscv-none-embed/lib/rv32im/ilp32\libc.a(lib_a-findfp.o)
                0x0000000000007fe8                __sinit_lock_release
 .text.__fp_lock_all
                0x0000000000007fec       0x14 d:/efinity/efinity-riscv-ide-2025.1/toolchain/bin/../lib/gcc/riscv-none-embed/8.3.0/../../../../riscv-none-embed/lib/rv32im/ilp32\libc.a(lib_a-findfp.o)
                0x0000000000007fec                __fp_lock_all
 .text.__fp_unlock_all
                0x0000000000008000       0x14 d:/efinity/efinity-riscv-ide-2025.1/toolchain/bin/../lib/gcc/riscv-none-embed/8.3.0/../../../../riscv-none-embed/lib/rv32im/ilp32\libc.a(lib_a-findfp.o)
                0x0000000000008000                __fp_unlock_all
 .text          0x0000000000008014        0x0 d:/efinity/efinity-riscv-ide-2025.1/toolchain/bin/../lib/gcc/riscv-none-embed/8.3.0/../../../../riscv-none-embed/lib/rv32im/ilp32\libc.a(lib_a-fputwc.o)
 .text.__fputwc
                0x0000000000008014      0x12c d:/efinity/efinity-riscv-ide-2025.1/toolchain/bin/../lib/gcc/riscv-none-embed/8.3.0/../../../../riscv-none-embed/lib/rv32im/ilp32\libc.a(lib_a-fputwc.o)
                0x0000000000008014                __fputwc
 .text._fputwc_r
                0x0000000000008140       0x2c d:/efinity/efinity-riscv-ide-2025.1/toolchain/bin/../lib/gcc/riscv-none-embed/8.3.0/../../../../riscv-none-embed/lib/rv32im/ilp32\libc.a(lib_a-fputwc.o)
                0x0000000000008140                _fputwc_r
 .text.fputwc   0x000000000000816c       0x84 d:/efinity/efinity-riscv-ide-2025.1/toolchain/bin/../lib/gcc/riscv-none-embed/8.3.0/../../../../riscv-none-embed/lib/rv32im/ilp32\libc.a(lib_a-fputwc.o)
                0x000000000000816c                fputwc
 .text          0x00000000000081f0        0x0 d:/efinity/efinity-riscv-ide-2025.1/toolchain/bin/../lib/gcc/riscv-none-embed/8.3.0/../../../../riscv-none-embed/lib/rv32im/ilp32\libc.a(lib_a-freer.o)
 .text._malloc_trim_r
                0x00000000000081f0      0x138 d:/efinity/efinity-riscv-ide-2025.1/toolchain/bin/../lib/gcc/riscv-none-embed/8.3.0/../../../../riscv-none-embed/lib/rv32im/ilp32\libc.a(lib_a-freer.o)
                0x00000000000081f0                _malloc_trim_r
 .text._free_r  0x0000000000008328      0x318 d:/efinity/efinity-riscv-ide-2025.1/toolchain/bin/../lib/gcc/riscv-none-embed/8.3.0/../../../../riscv-none-embed/lib/rv32im/ilp32\libc.a(lib_a-freer.o)
                0x0000000000008328                _free_r
 .text          0x0000000000008640        0x0 d:/efinity/efinity-riscv-ide-2025.1/toolchain/bin/../lib/gcc/riscv-none-embed/8.3.0/../../../../riscv-none-embed/lib/rv32im/ilp32\libc.a(lib_a-fvwrite.o)
 .text.__sfvwrite_r
                0x0000000000008640      0x4b0 d:/efinity/efinity-riscv-ide-2025.1/toolchain/bin/../lib/gcc/riscv-none-embed/8.3.0/../../../../riscv-none-embed/lib/rv32im/ilp32\libc.a(lib_a-fvwrite.o)
                0x0000000000008640                __sfvwrite_r
 .text          0x0000000000008af0        0x0 d:/efinity/efinity-riscv-ide-2025.1/toolchain/bin/../lib/gcc/riscv-none-embed/8.3.0/../../../../riscv-none-embed/lib/rv32im/ilp32\libc.a(lib_a-fwalk.o)
 .text._fwalk   0x0000000000008af0       0xb0 d:/efinity/efinity-riscv-ide-2025.1/toolchain/bin/../lib/gcc/riscv-none-embed/8.3.0/../../../../riscv-none-embed/lib/rv32im/ilp32\libc.a(lib_a-fwalk.o)
                0x0000000000008af0                _fwalk
 .text._fwalk_reent
                0x0000000000008ba0       0xc0 d:/efinity/efinity-riscv-ide-2025.1/toolchain/bin/../lib/gcc/riscv-none-embed/8.3.0/../../../../riscv-none-embed/lib/rv32im/ilp32\libc.a(lib_a-fwalk.o)
                0x0000000000008ba0                _fwalk_reent
 .text          0x0000000000008c60        0x0 d:/efinity/efinity-riscv-ide-2025.1/toolchain/bin/../lib/gcc/riscv-none-embed/8.3.0/../../../../riscv-none-embed/lib/rv32im/ilp32\libc.a(lib_a-ldtoa.o)
 .text.eshdn1   0x0000000000008c60       0x68 d:/efinity/efinity-riscv-ide-2025.1/toolchain/bin/../lib/gcc/riscv-none-embed/8.3.0/../../../../riscv-none-embed/lib/rv32im/ilp32\libc.a(lib_a-ldtoa.o)
 .text.eshup1   0x0000000000008cc8       0x70 d:/efinity/efinity-riscv-ide-2025.1/toolchain/bin/../lib/gcc/riscv-none-embed/8.3.0/../../../../riscv-none-embed/lib/rv32im/ilp32\libc.a(lib_a-ldtoa.o)
 .text.m16m     0x0000000000008d38       0x98 d:/efinity/efinity-riscv-ide-2025.1/toolchain/bin/../lib/gcc/riscv-none-embed/8.3.0/../../../../riscv-none-embed/lib/rv32im/ilp32\libc.a(lib_a-ldtoa.o)
 .text.eisnan.part.0
                0x0000000000008dd0       0x24 d:/efinity/efinity-riscv-ide-2025.1/toolchain/bin/../lib/gcc/riscv-none-embed/8.3.0/../../../../riscv-none-embed/lib/rv32im/ilp32\libc.a(lib_a-ldtoa.o)
 .text.eneg     0x0000000000008df4       0x4c d:/efinity/efinity-riscv-ide-2025.1/toolchain/bin/../lib/gcc/riscv-none-embed/8.3.0/../../../../riscv-none-embed/lib/rv32im/ilp32\libc.a(lib_a-ldtoa.o)
 .text.eisneg   0x0000000000008e40       0x40 d:/efinity/efinity-riscv-ide-2025.1/toolchain/bin/../lib/gcc/riscv-none-embed/8.3.0/../../../../riscv-none-embed/lib/rv32im/ilp32\libc.a(lib_a-ldtoa.o)
 .text.emovi    0x0000000000008e80       0xe8 d:/efinity/efinity-riscv-ide-2025.1/toolchain/bin/../lib/gcc/riscv-none-embed/8.3.0/../../../../riscv-none-embed/lib/rv32im/ilp32\libc.a(lib_a-ldtoa.o)
 .text.ecmp     0x0000000000008f68      0x11c d:/efinity/efinity-riscv-ide-2025.1/toolchain/bin/../lib/gcc/riscv-none-embed/8.3.0/../../../../riscv-none-embed/lib/rv32im/ilp32\libc.a(lib_a-ldtoa.o)
 .text.eisinf.part.1
                0x0000000000009084       0x1c d:/efinity/efinity-riscv-ide-2025.1/toolchain/bin/../lib/gcc/riscv-none-embed/8.3.0/../../../../riscv-none-embed/lib/rv32im/ilp32\libc.a(lib_a-ldtoa.o)
 .text.eshift.part.3
                0x00000000000090a0      0x1ac d:/efinity/efinity-riscv-ide-2025.1/toolchain/bin/../lib/gcc/riscv-none-embed/8.3.0/../../../../riscv-none-embed/lib/rv32im/ilp32\libc.a(lib_a-ldtoa.o)
 .text.enormlz  0x000000000000924c      0x17c d:/efinity/efinity-riscv-ide-2025.1/toolchain/bin/../lib/gcc/riscv-none-embed/8.3.0/../../../../riscv-none-embed/lib/rv32im/ilp32\libc.a(lib_a-ldtoa.o)
 .text.emdnorm  0x00000000000093c8      0x408 d:/efinity/efinity-riscv-ide-2025.1/toolchain/bin/../lib/gcc/riscv-none-embed/8.3.0/../../../../riscv-none-embed/lib/rv32im/ilp32\libc.a(lib_a-ldtoa.o)
 .text.eiremain
                0x00000000000097d0      0x164 d:/efinity/efinity-riscv-ide-2025.1/toolchain/bin/../lib/gcc/riscv-none-embed/8.3.0/../../../../riscv-none-embed/lib/rv32im/ilp32\libc.a(lib_a-ldtoa.o)
 .text.emovo.isra.6
                0x0000000000009934       0xb0 d:/efinity/efinity-riscv-ide-2025.1/toolchain/bin/../lib/gcc/riscv-none-embed/8.3.0/../../../../riscv-none-embed/lib/rv32im/ilp32\libc.a(lib_a-ldtoa.o)
 .text.emul     0x00000000000099e4      0x408 d:/efinity/efinity-riscv-ide-2025.1/toolchain/bin/../lib/gcc/riscv-none-embed/8.3.0/../../../../riscv-none-embed/lib/rv32im/ilp32\libc.a(lib_a-ldtoa.o)
 .text.ediv     0x0000000000009dec      0x500 d:/efinity/efinity-riscv-ide-2025.1/toolchain/bin/../lib/gcc/riscv-none-embed/8.3.0/../../../../riscv-none-embed/lib/rv32im/ilp32\libc.a(lib_a-ldtoa.o)
 .text.e113toe.isra.8
                0x000000000000a2ec      0x144 d:/efinity/efinity-riscv-ide-2025.1/toolchain/bin/../lib/gcc/riscv-none-embed/8.3.0/../../../../riscv-none-embed/lib/rv32im/ilp32\libc.a(lib_a-ldtoa.o)
 .text._ldtoa_r
                0x000000000000a430     0x12f4 d:/efinity/efinity-riscv-ide-2025.1/toolchain/bin/../lib/gcc/riscv-none-embed/8.3.0/../../../../riscv-none-embed/lib/rv32im/ilp32\libc.a(lib_a-ldtoa.o)
                0x000000000000a430                _ldtoa_r
 .text._ldcheck
                0x000000000000b724       0x64 d:/efinity/efinity-riscv-ide-2025.1/toolchain/bin/../lib/gcc/riscv-none-embed/8.3.0/../../../../riscv-none-embed/lib/rv32im/ilp32\libc.a(lib_a-ldtoa.o)
                0x000000000000b724                _ldcheck
 .text          0x000000000000b788        0x0 d:/efinity/efinity-riscv-ide-2025.1/toolchain/bin/../lib/gcc/riscv-none-embed/8.3.0/../../../../riscv-none-embed/lib/rv32im/ilp32\libc.a(lib_a-localeconv.o)
 .text.__localeconv_l
                0x000000000000b788        0x8 d:/efinity/efinity-riscv-ide-2025.1/toolchain/bin/../lib/gcc/riscv-none-embed/8.3.0/../../../../riscv-none-embed/lib/rv32im/ilp32\libc.a(lib_a-localeconv.o)
                0x000000000000b788                __localeconv_l
 .text._localeconv_r
                0x000000000000b790        0xc d:/efinity/efinity-riscv-ide-2025.1/toolchain/bin/../lib/gcc/riscv-none-embed/8.3.0/../../../../riscv-none-embed/lib/rv32im/ilp32\libc.a(lib_a-localeconv.o)
                0x000000000000b790                _localeconv_r
 .text.localeconv
                0x000000000000b79c        0xc d:/efinity/efinity-riscv-ide-2025.1/toolchain/bin/../lib/gcc/riscv-none-embed/8.3.0/../../../../riscv-none-embed/lib/rv32im/ilp32\libc.a(lib_a-localeconv.o)
                0x000000000000b79c                localeconv
 .text          0x000000000000b7a8        0x0 d:/efinity/efinity-riscv-ide-2025.1/toolchain/bin/../lib/gcc/riscv-none-embed/8.3.0/../../../../riscv-none-embed/lib/rv32im/ilp32\libc.a(lib_a-locale.o)
 .text._setlocale_r
                0x000000000000b7a8       0x7c d:/efinity/efinity-riscv-ide-2025.1/toolchain/bin/../lib/gcc/riscv-none-embed/8.3.0/../../../../riscv-none-embed/lib/rv32im/ilp32\libc.a(lib_a-locale.o)
                0x000000000000b7a8                _setlocale_r
 .text.__locale_mb_cur_max
                0x000000000000b824        0xc d:/efinity/efinity-riscv-ide-2025.1/toolchain/bin/../lib/gcc/riscv-none-embed/8.3.0/../../../../riscv-none-embed/lib/rv32im/ilp32\libc.a(lib_a-locale.o)
                0x000000000000b824                __locale_mb_cur_max
 .text.setlocale
                0x000000000000b830       0x14 d:/efinity/efinity-riscv-ide-2025.1/toolchain/bin/../lib/gcc/riscv-none-embed/8.3.0/../../../../riscv-none-embed/lib/rv32im/ilp32\libc.a(lib_a-locale.o)
                0x000000000000b830                setlocale
 .text          0x000000000000b844        0x0 d:/efinity/efinity-riscv-ide-2025.1/toolchain/bin/../lib/gcc/riscv-none-embed/8.3.0/../../../../riscv-none-embed/lib/rv32im/ilp32\libc.a(lib_a-makebuf.o)
 .text.__swhatbuf_r
                0x000000000000b844       0xd0 d:/efinity/efinity-riscv-ide-2025.1/toolchain/bin/../lib/gcc/riscv-none-embed/8.3.0/../../../../riscv-none-embed/lib/rv32im/ilp32\libc.a(lib_a-makebuf.o)
                0x000000000000b844                __swhatbuf_r
 .text.__smakebuf_r
                0x000000000000b914      0x120 d:/efinity/efinity-riscv-ide-2025.1/toolchain/bin/../lib/gcc/riscv-none-embed/8.3.0/../../../../riscv-none-embed/lib/rv32im/ilp32\libc.a(lib_a-makebuf.o)
                0x000000000000b914                __smakebuf_r
 .text          0x000000000000ba34        0x0 d:/efinity/efinity-riscv-ide-2025.1/toolchain/bin/../lib/gcc/riscv-none-embed/8.3.0/../../../../riscv-none-embed/lib/rv32im/ilp32\libc.a(lib_a-mbtowc_r.o)
 .text._mbtowc_r
                0x000000000000ba34       0x10 d:/efinity/efinity-riscv-ide-2025.1/toolchain/bin/../lib/gcc/riscv-none-embed/8.3.0/../../../../riscv-none-embed/lib/rv32im/ilp32\libc.a(lib_a-mbtowc_r.o)
                0x000000000000ba34                _mbtowc_r
 .text.__ascii_mbtowc
                0x000000000000ba44       0x68 d:/efinity/efinity-riscv-ide-2025.1/toolchain/bin/../lib/gcc/riscv-none-embed/8.3.0/../../../../riscv-none-embed/lib/rv32im/ilp32\libc.a(lib_a-mbtowc_r.o)
                0x000000000000ba44                __ascii_mbtowc
 .text          0x000000000000baac        0x0 d:/efinity/efinity-riscv-ide-2025.1/toolchain/bin/../lib/gcc/riscv-none-embed/8.3.0/../../../../riscv-none-embed/lib/rv32im/ilp32\libc.a(lib_a-memchr.o)
 .text.memchr   0x000000000000baac       0xdc d:/efinity/efinity-riscv-ide-2025.1/toolchain/bin/../lib/gcc/riscv-none-embed/8.3.0/../../../../riscv-none-embed/lib/rv32im/ilp32\libc.a(lib_a-memchr.o)
                0x000000000000baac                memchr
 .text          0x000000000000bb88        0x0 d:/efinity/efinity-riscv-ide-2025.1/toolchain/bin/../lib/gcc/riscv-none-embed/8.3.0/../../../../riscv-none-embed/lib/rv32im/ilp32\libc.a(lib_a-mprec.o)
 .text._Balloc  0x000000000000bb88       0xa8 d:/efinity/efinity-riscv-ide-2025.1/toolchain/bin/../lib/gcc/riscv-none-embed/8.3.0/../../../../riscv-none-embed/lib/rv32im/ilp32\libc.a(lib_a-mprec.o)
                0x000000000000bb88                _Balloc
 .text._Bfree   0x000000000000bc30       0x24 d:/efinity/efinity-riscv-ide-2025.1/toolchain/bin/../lib/gcc/riscv-none-embed/8.3.0/../../../../riscv-none-embed/lib/rv32im/ilp32\libc.a(lib_a-mprec.o)
                0x000000000000bc30                _Bfree
 .text.__multadd
                0x000000000000bc54      0x128 d:/efinity/efinity-riscv-ide-2025.1/toolchain/bin/../lib/gcc/riscv-none-embed/8.3.0/../../../../riscv-none-embed/lib/rv32im/ilp32\libc.a(lib_a-mprec.o)
                0x000000000000bc54                __multadd
 .text.__s2b    0x000000000000bd7c      0x10c d:/efinity/efinity-riscv-ide-2025.1/toolchain/bin/../lib/gcc/riscv-none-embed/8.3.0/../../../../riscv-none-embed/lib/rv32im/ilp32\libc.a(lib_a-mprec.o)
                0x000000000000bd7c                __s2b
 .text.__hi0bits
                0x000000000000be88       0x74 d:/efinity/efinity-riscv-ide-2025.1/toolchain/bin/../lib/gcc/riscv-none-embed/8.3.0/../../../../riscv-none-embed/lib/rv32im/ilp32\libc.a(lib_a-mprec.o)
                0x000000000000be88                __hi0bits
 .text.__lo0bits
                0x000000000000befc       0xb8 d:/efinity/efinity-riscv-ide-2025.1/toolchain/bin/../lib/gcc/riscv-none-embed/8.3.0/../../../../riscv-none-embed/lib/rv32im/ilp32\libc.a(lib_a-mprec.o)
                0x000000000000befc                __lo0bits
 .text.__i2b    0x000000000000bfb4       0x34 d:/efinity/efinity-riscv-ide-2025.1/toolchain/bin/../lib/gcc/riscv-none-embed/8.3.0/../../../../riscv-none-embed/lib/rv32im/ilp32\libc.a(lib_a-mprec.o)
                0x000000000000bfb4                __i2b
 .text.__multiply
                0x000000000000bfe8      0x1f8 d:/efinity/efinity-riscv-ide-2025.1/toolchain/bin/../lib/gcc/riscv-none-embed/8.3.0/../../../../riscv-none-embed/lib/rv32im/ilp32\libc.a(lib_a-mprec.o)
                0x000000000000bfe8                __multiply
 .text.__pow5mult
                0x000000000000c1e0      0x148 d:/efinity/efinity-riscv-ide-2025.1/toolchain/bin/../lib/gcc/riscv-none-embed/8.3.0/../../../../riscv-none-embed/lib/rv32im/ilp32\libc.a(lib_a-mprec.o)
                0x000000000000c1e0                __pow5mult
 .text.__lshift
                0x000000000000c328      0x14c d:/efinity/efinity-riscv-ide-2025.1/toolchain/bin/../lib/gcc/riscv-none-embed/8.3.0/../../../../riscv-none-embed/lib/rv32im/ilp32\libc.a(lib_a-mprec.o)
                0x000000000000c328                __lshift
 .text.__mcmp   0x000000000000c474       0x5c d:/efinity/efinity-riscv-ide-2025.1/toolchain/bin/../lib/gcc/riscv-none-embed/8.3.0/../../../../riscv-none-embed/lib/rv32im/ilp32\libc.a(lib_a-mprec.o)
                0x000000000000c474                __mcmp
 .text.__mdiff  0x000000000000c4d0      0x1e4 d:/efinity/efinity-riscv-ide-2025.1/toolchain/bin/../lib/gcc/riscv-none-embed/8.3.0/../../../../riscv-none-embed/lib/rv32im/ilp32\libc.a(lib_a-mprec.o)
                0x000000000000c4d0                __mdiff
 .text.__ulp    0x000000000000c6b4       0x60 d:/efinity/efinity-riscv-ide-2025.1/toolchain/bin/../lib/gcc/riscv-none-embed/8.3.0/../../../../riscv-none-embed/lib/rv32im/ilp32\libc.a(lib_a-mprec.o)
                0x000000000000c6b4                __ulp
 .text.__b2d    0x000000000000c714      0x118 d:/efinity/efinity-riscv-ide-2025.1/toolchain/bin/../lib/gcc/riscv-none-embed/8.3.0/../../../../riscv-none-embed/lib/rv32im/ilp32\libc.a(lib_a-mprec.o)
                0x000000000000c714                __b2d
 .text.__d2b    0x000000000000c82c      0x144 d:/efinity/efinity-riscv-ide-2025.1/toolchain/bin/../lib/gcc/riscv-none-embed/8.3.0/../../../../riscv-none-embed/lib/rv32im/ilp32\libc.a(lib_a-mprec.o)
                0x000000000000c82c                __d2b
 .text.__ratio  0x000000000000c970       0xa4 d:/efinity/efinity-riscv-ide-2025.1/toolchain/bin/../lib/gcc/riscv-none-embed/8.3.0/../../../../riscv-none-embed/lib/rv32im/ilp32\libc.a(lib_a-mprec.o)
                0x000000000000c970                __ratio
 .text._mprec_log10
                0x000000000000ca14       0x9c d:/efinity/efinity-riscv-ide-2025.1/toolchain/bin/../lib/gcc/riscv-none-embed/8.3.0/../../../../riscv-none-embed/lib/rv32im/ilp32\libc.a(lib_a-mprec.o)
                0x000000000000ca14                _mprec_log10
 .text.__copybits
                0x000000000000cab0       0x68 d:/efinity/efinity-riscv-ide-2025.1/toolchain/bin/../lib/gcc/riscv-none-embed/8.3.0/../../../../riscv-none-embed/lib/rv32im/ilp32\libc.a(lib_a-mprec.o)
                0x000000000000cab0                __copybits
 .text.__any_on
                0x000000000000cb18       0x78 d:/efinity/efinity-riscv-ide-2025.1/toolchain/bin/../lib/gcc/riscv-none-embed/8.3.0/../../../../riscv-none-embed/lib/rv32im/ilp32\libc.a(lib_a-mprec.o)
                0x000000000000cb18                __any_on
 .text          0x000000000000cb90        0x0 d:/efinity/efinity-riscv-ide-2025.1/toolchain/bin/../lib/gcc/riscv-none-embed/8.3.0/../../../../riscv-none-embed/lib/rv32im/ilp32\libc.a(lib_a-reallocr.o)
 .text._realloc_r
                0x000000000000cb90      0x5dc d:/efinity/efinity-riscv-ide-2025.1/toolchain/bin/../lib/gcc/riscv-none-embed/8.3.0/../../../../riscv-none-embed/lib/rv32im/ilp32\libc.a(lib_a-reallocr.o)
                0x000000000000cb90                _realloc_r
 .text          0x000000000000d16c        0x0 d:/efinity/efinity-riscv-ide-2025.1/toolchain/bin/../lib/gcc/riscv-none-embed/8.3.0/../../../../riscv-none-embed/lib/rv32im/ilp32\libc.a(lib_a-reent.o)
 .text.cleanup_glue
                0x000000000000d16c       0x40 d:/efinity/efinity-riscv-ide-2025.1/toolchain/bin/../lib/gcc/riscv-none-embed/8.3.0/../../../../riscv-none-embed/lib/rv32im/ilp32\libc.a(lib_a-reent.o)
                0x000000000000d16c                cleanup_glue
 .text._reclaim_reent
                0x000000000000d1ac      0x110 d:/efinity/efinity-riscv-ide-2025.1/toolchain/bin/../lib/gcc/riscv-none-embed/8.3.0/../../../../riscv-none-embed/lib/rv32im/ilp32\libc.a(lib_a-reent.o)
                0x000000000000d1ac                _reclaim_reent
 .text          0x000000000000d2bc        0x0 d:/efinity/efinity-riscv-ide-2025.1/toolchain/bin/../lib/gcc/riscv-none-embed/8.3.0/../../../../riscv-none-embed/lib/rv32im/ilp32\libc.a(lib_a-sprintf.o)
 .text._sprintf_r
                0x000000000000d2bc       0x6c d:/efinity/efinity-riscv-ide-2025.1/toolchain/bin/../lib/gcc/riscv-none-embed/8.3.0/../../../../riscv-none-embed/lib/rv32im/ilp32\libc.a(lib_a-sprintf.o)
                0x000000000000d2bc                _sprintf_r
 .text.sprintf  0x000000000000d328       0x7c d:/efinity/efinity-riscv-ide-2025.1/toolchain/bin/../lib/gcc/riscv-none-embed/8.3.0/../../../../riscv-none-embed/lib/rv32im/ilp32\libc.a(lib_a-sprintf.o)
                0x000000000000d328                sprintf
 .text          0x000000000000d3a4        0x0 d:/efinity/efinity-riscv-ide-2025.1/toolchain/bin/../lib/gcc/riscv-none-embed/8.3.0/../../../../riscv-none-embed/lib/rv32im/ilp32\libc.a(lib_a-stdio.o)
 .text.__sread  0x000000000000d3a4       0x5c d:/efinity/efinity-riscv-ide-2025.1/toolchain/bin/../lib/gcc/riscv-none-embed/8.3.0/../../../../riscv-none-embed/lib/rv32im/ilp32\libc.a(lib_a-stdio.o)
                0x000000000000d3a4                __sread
 .text.__seofread
                0x000000000000d400        0x8 d:/efinity/efinity-riscv-ide-2025.1/toolchain/bin/../lib/gcc/riscv-none-embed/8.3.0/../../../../riscv-none-embed/lib/rv32im/ilp32\libc.a(lib_a-stdio.o)
                0x000000000000d400                __seofread
 .text.__swrite
                0x000000000000d408       0x88 d:/efinity/efinity-riscv-ide-2025.1/toolchain/bin/../lib/gcc/riscv-none-embed/8.3.0/../../../../riscv-none-embed/lib/rv32im/ilp32\libc.a(lib_a-stdio.o)
                0x000000000000d408                __swrite
 .text.__sseek  0x000000000000d490       0x68 d:/efinity/efinity-riscv-ide-2025.1/toolchain/bin/../lib/gcc/riscv-none-embed/8.3.0/../../../../riscv-none-embed/lib/rv32im/ilp32\libc.a(lib_a-stdio.o)
                0x000000000000d490                __sseek
 .text.__sclose
                0x000000000000d4f8        0x8 d:/efinity/efinity-riscv-ide-2025.1/toolchain/bin/../lib/gcc/riscv-none-embed/8.3.0/../../../../riscv-none-embed/lib/rv32im/ilp32\libc.a(lib_a-stdio.o)
                0x000000000000d4f8                __sclose
 .text          0x000000000000d500        0x0 d:/efinity/efinity-riscv-ide-2025.1/toolchain/bin/../lib/gcc/riscv-none-embed/8.3.0/../../../../riscv-none-embed/lib/rv32im/ilp32\libc.a(lib_a-strncpy.o)
 .text.strncpy  0x000000000000d500       0xcc d:/efinity/efinity-riscv-ide-2025.1/toolchain/bin/../lib/gcc/riscv-none-embed/8.3.0/../../../../riscv-none-embed/lib/rv32im/ilp32\libc.a(lib_a-strncpy.o)
                0x000000000000d500                strncpy
 .text          0x000000000000d5cc        0x0 d:/efinity/efinity-riscv-ide-2025.1/toolchain/bin/../lib/gcc/riscv-none-embed/8.3.0/../../../../riscv-none-embed/lib/rv32im/ilp32\libc.a(lib_a-svfprintf.o)
 .text._svfprintf_r
                0x000000000000d5cc     0x2acc d:/efinity/efinity-riscv-ide-2025.1/toolchain/bin/../lib/gcc/riscv-none-embed/8.3.0/../../../../riscv-none-embed/lib/rv32im/ilp32\libc.a(lib_a-svfprintf.o)
                0x000000000000d5cc                _svfprintf_r
 .text          0x0000000000010098        0x0 d:/efinity/efinity-riscv-ide-2025.1/toolchain/bin/../lib/gcc/riscv-none-embed/8.3.0/../../../../riscv-none-embed/lib/rv32im/ilp32\libc.a(lib_a-wbuf.o)
 .text.__swbuf_r
                0x0000000000010098      0x184 d:/efinity/efinity-riscv-ide-2025.1/toolchain/bin/../lib/gcc/riscv-none-embed/8.3.0/../../../../riscv-none-embed/lib/rv32im/ilp32\libc.a(lib_a-wbuf.o)
                0x0000000000010098                __swbuf_r
 .text.__swbuf  0x000000000001021c       0x14 d:/efinity/efinity-riscv-ide-2025.1/toolchain/bin/../lib/gcc/riscv-none-embed/8.3.0/../../../../riscv-none-embed/lib/rv32im/ilp32\libc.a(lib_a-wbuf.o)
                0x000000000001021c                __swbuf
 .text          0x0000000000010230        0x0 d:/efinity/efinity-riscv-ide-2025.1/toolchain/bin/../lib/gcc/riscv-none-embed/8.3.0/../../../../riscv-none-embed/lib/rv32im/ilp32\libc.a(lib_a-wcrtomb.o)
 .text._wcrtomb_r
                0x0000000000010230       0x7c d:/efinity/efinity-riscv-ide-2025.1/toolchain/bin/../lib/gcc/riscv-none-embed/8.3.0/../../../../riscv-none-embed/lib/rv32im/ilp32\libc.a(lib_a-wcrtomb.o)
                0x0000000000010230                _wcrtomb_r
 .text.wcrtomb  0x00000000000102ac       0x94 d:/efinity/efinity-riscv-ide-2025.1/toolchain/bin/../lib/gcc/riscv-none-embed/8.3.0/../../../../riscv-none-embed/lib/rv32im/ilp32\libc.a(lib_a-wcrtomb.o)
                0x00000000000102ac                wcrtomb
 .text          0x0000000000010340        0x0 d:/efinity/efinity-riscv-ide-2025.1/toolchain/bin/../lib/gcc/riscv-none-embed/8.3.0/../../../../riscv-none-embed/lib/rv32im/ilp32\libc.a(lib_a-wctomb_r.o)
 .text._wctomb_r
                0x0000000000010340       0x10 d:/efinity/efinity-riscv-ide-2025.1/toolchain/bin/../lib/gcc/riscv-none-embed/8.3.0/../../../../riscv-none-embed/lib/rv32im/ilp32\libc.a(lib_a-wctomb_r.o)
                0x0000000000010340                _wctomb_r
 .text.__ascii_wctomb
                0x0000000000010350       0x30 d:/efinity/efinity-riscv-ide-2025.1/toolchain/bin/../lib/gcc/riscv-none-embed/8.3.0/../../../../riscv-none-embed/lib/rv32im/ilp32\libc.a(lib_a-wctomb_r.o)
                0x0000000000010350                __ascii_wctomb
 .text          0x0000000000010380        0x0 d:/efinity/efinity-riscv-ide-2025.1/toolchain/bin/../lib/gcc/riscv-none-embed/8.3.0/../../../../riscv-none-embed/lib/rv32im/ilp32\libc.a(lib_a-writer.o)
 .text._write_r
                0x0000000000010380       0x68 d:/efinity/efinity-riscv-ide-2025.1/toolchain/bin/../lib/gcc/riscv-none-embed/8.3.0/../../../../riscv-none-embed/lib/rv32im/ilp32\libc.a(lib_a-writer.o)
                0x0000000000010380                _write_r
 .text          0x00000000000103e8        0x0 d:/efinity/efinity-riscv-ide-2025.1/toolchain/bin/../lib/gcc/riscv-none-embed/8.3.0/../../../../riscv-none-embed/lib/rv32im/ilp32\libc.a(lib_a-closer.o)
 .text._close_r
                0x00000000000103e8       0x5c d:/efinity/efinity-riscv-ide-2025.1/toolchain/bin/../lib/gcc/riscv-none-embed/8.3.0/../../../../riscv-none-embed/lib/rv32im/ilp32\libc.a(lib_a-closer.o)
                0x00000000000103e8                _close_r
 .text          0x0000000000010444        0x0 d:/efinity/efinity-riscv-ide-2025.1/toolchain/bin/../lib/gcc/riscv-none-embed/8.3.0/../../../../riscv-none-embed/lib/rv32im/ilp32\libc.a(lib_a-fclose.o)
 .text._fclose_r
                0x0000000000010444      0x110 d:/efinity/efinity-riscv-ide-2025.1/toolchain/bin/../lib/gcc/riscv-none-embed/8.3.0/../../../../riscv-none-embed/lib/rv32im/ilp32\libc.a(lib_a-fclose.o)
                0x0000000000010444                _fclose_r
 .text.fclose   0x0000000000010554       0x10 d:/efinity/efinity-riscv-ide-2025.1/toolchain/bin/../lib/gcc/riscv-none-embed/8.3.0/../../../../riscv-none-embed/lib/rv32im/ilp32\libc.a(lib_a-fclose.o)
                0x0000000000010554                fclose
 .text          0x0000000000010564        0x0 d:/efinity/efinity-riscv-ide-2025.1/toolchain/bin/../lib/gcc/riscv-none-embed/8.3.0/../../../../riscv-none-embed/lib/rv32im/ilp32\libc.a(lib_a-fstatr.o)
 .text._fstat_r
                0x0000000000010564       0x64 d:/efinity/efinity-riscv-ide-2025.1/toolchain/bin/../lib/gcc/riscv-none-embed/8.3.0/../../../../riscv-none-embed/lib/rv32im/ilp32\libc.a(lib_a-fstatr.o)
                0x0000000000010564                _fstat_r
 .text          0x00000000000105c8        0x0 d:/efinity/efinity-riscv-ide-2025.1/toolchain/bin/../lib/gcc/riscv-none-embed/8.3.0/../../../../riscv-none-embed/lib/rv32im/ilp32\libc.a(lib_a-isattyr.o)
 .text._isatty_r
                0x00000000000105c8       0x5c d:/efinity/efinity-riscv-ide-2025.1/toolchain/bin/../lib/gcc/riscv-none-embed/8.3.0/../../../../riscv-none-embed/lib/rv32im/ilp32\libc.a(lib_a-isattyr.o)
                0x00000000000105c8                _isatty_r
 .text          0x0000000000010624        0x0 d:/efinity/efinity-riscv-ide-2025.1/toolchain/bin/../lib/gcc/riscv-none-embed/8.3.0/../../../../riscv-none-embed/lib/rv32im/ilp32\libc.a(lib_a-lseekr.o)
 .text._lseek_r
                0x0000000000010624       0x68 d:/efinity/efinity-riscv-ide-2025.1/toolchain/bin/../lib/gcc/riscv-none-embed/8.3.0/../../../../riscv-none-embed/lib/rv32im/ilp32\libc.a(lib_a-lseekr.o)
                0x0000000000010624                _lseek_r
 .text          0x000000000001068c        0x0 d:/efinity/efinity-riscv-ide-2025.1/toolchain/bin/../lib/gcc/riscv-none-embed/8.3.0/../../../../riscv-none-embed/lib/rv32im/ilp32\libc.a(lib_a-readr.o)
 .text._read_r  0x000000000001068c       0x68 d:/efinity/efinity-riscv-ide-2025.1/toolchain/bin/../lib/gcc/riscv-none-embed/8.3.0/../../../../riscv-none-embed/lib/rv32im/ilp32\libc.a(lib_a-readr.o)
                0x000000000001068c                _read_r
 .text          0x00000000000106f4        0x0 d:/efinity/efinity-riscv-ide-2025.1/toolchain/bin/../lib/gcc/riscv-none-embed/8.3.0/../../../../riscv-none-embed/lib/rv32im/ilp32\libc.a(lib_a-svfiprintf.o)
 .text.__ssprint_r
                0x00000000000106f4      0x1bc d:/efinity/efinity-riscv-ide-2025.1/toolchain/bin/../lib/gcc/riscv-none-embed/8.3.0/../../../../riscv-none-embed/lib/rv32im/ilp32\libc.a(lib_a-svfiprintf.o)
                0x00000000000106f4                __ssprint_r
 .text._svfiprintf_r
                0x00000000000108b0     0x10e0 d:/efinity/efinity-riscv-ide-2025.1/toolchain/bin/../lib/gcc/riscv-none-embed/8.3.0/../../../../riscv-none-embed/lib/rv32im/ilp32\libc.a(lib_a-svfiprintf.o)
                0x00000000000108b0                _svfiprintf_r
 *(.text.main)
 *(.text.unlikely .text.unlikely.*)
 *(.text.startup .text.startup.*)
 .text.startup.main
                0x0000000000011990      0x7d8 build/out/src/main.o
                0x0000000000011990                main
 .text.startup._ZL4initv
                0x0000000000012168       0x30 ../common/tinyml_lib.a(yolo.o)
 .text.startup._ZL8ops_loadv
                0x0000000000012198       0x48 ../common/tinyml_lib.a(ops_api.o)
 .text.startup._ZL4initv
                0x00000000000121e0       0x30 ../common/tinyml_lib.a(depthwise.o)
 .text.startup._ZL19__depthwise_op_loadv
                0x0000000000012210       0x48 ../common/tinyml_lib.a(depthwise.o)
 .text.startup._ZL4initv
                0x0000000000012258       0x30 ../common/tinyml_lib.a(conv.o)
 .text.startup._ZL14__conv_op_loadv
                0x0000000000012288       0x48 ../common/tinyml_lib.a(conv.o)
 .text.startup._ZL4initv
                0x00000000000122d0       0x30 ../common/tinyml_lib.a(mul.o)
 .text.startup._ZL13__mul_op_loadv
                0x0000000000012300       0x48 ../common/tinyml_lib.a(mul.o)
 .text.startup._ZL4initv
                0x0000000000012348       0x30 ../common/tinyml_lib.a(maxmin.o)
 .text.startup._ZL16__maxmin_op_loadv
                0x0000000000012378       0x48 ../common/tinyml_lib.a(maxmin.o)
 .text.startup._ZL4initv
                0x00000000000123c0       0x30 ../common/tinyml_lib.a(add.o)
 .text.startup._ZL13__add_op_loadv
                0x00000000000123f0       0x48 ../common/tinyml_lib.a(add.o)
 .text.startup._ZL4initv
                0x0000000000012438       0x30 ../common/tinyml_lib.a(lr.o)
 .text.startup._ZL12__lr_op_loadv
                0x0000000000012468       0x48 ../common/tinyml_lib.a(lr.o)
 .text.startup._ZL4initv
                0x00000000000124b0       0x30 ../common/tinyml_lib.a(fully_connected.o)
 .text.startup._ZL23__fully_connect_op_loadv
                0x00000000000124e0       0x48 ../common/tinyml_lib.a(fully_connected.o)
 *(.text .text.*)
 .text          0x0000000000012528        0x0 build/out/src/main.o
 .text._ZN12FullProfiler10BeginEventEPKc
                0x0000000000012528       0x48 build/out/src/main.o
                0x0000000000012528                FullProfiler::BeginEvent(char const*)
 .text.__tcf_0  0x0000000000012570        0x4 build/out/src/main.o
 .text._ZN12FullProfilerD0Ev
                0x0000000000012574        0x4 build/out/src/main.o
                0x0000000000012574                FullProfiler::~FullProfiler()
                0x0000000000012574                FullProfiler::~FullProfiler()
                0x0000000000012574                FullProfiler::~FullProfiler()
 .text.__tcf_3  0x0000000000012578        0xc build/out/src/main.o
 .text._ZN12FullProfiler8EndEventEy
                0x0000000000012584      0x720 build/out/src/main.o
                0x0000000000012584                FullProfiler::EndEvent(unsigned long long)
 .text.__tcf_2  0x0000000000012ca4        0x4 build/out/src/main.o
 .text.__tcf_1  0x0000000000012ca8        0x4 build/out/src/main.o
 .text._Z11tinyml_initv
                0x0000000000012cac      0x3c0 build/out/src/main.o
                0x0000000000012cac                tinyml_init()
 .text          0x000000000001306c        0x0 build/out/src/model/yolo_person_detect_model_data.o
 .text          0x000000000001306c        0x0 build/out/src/model/input_img_000000018380_96x96x3.o
 .text          0x000000000001306c        0x0 build/out/src/model/define.o
 .text          0x000000000001306c        0x0 build/out/src/platform/interrupt/intc.o
 .text.crash    0x000000000001306c       0x34 build/out/src/platform/interrupt/intc.o
                0x000000000001306c                crash
 .text.userInterrupt
                0x00000000000130a0       0x60 build/out/src/platform/interrupt/intc.o
                0x00000000000130a0                userInterrupt
 .text.trap     0x0000000000013100       0x70 build/out/src/platform/interrupt/intc.o
                0x0000000000013100                trap
 .text.IntcInitialize
                0x0000000000013170       0x50 build/out/src/platform/interrupt/intc.o
                0x0000000000013170                IntcInitialize
 .text          0x00000000000131c0        0x0 build/out/src/platform/misc/print.o
 .text.print_dec
                0x00000000000131c0       0xec build/out/src/platform/misc/print.o
                0x00000000000131c0                print_dec
 .text.print_float
                0x00000000000132ac      0x3f0 build/out/src/platform/misc/print.o
                0x00000000000132ac                print_float
 .text.print_hex
                0x000000000001369c       0x4c build/out/src/platform/misc/print.o
                0x000000000001369c                print_hex
 .text.print_hex_digit
                0x00000000000136e8       0x38 build/out/src/platform/misc/print.o
                0x00000000000136e8                print_hex_digit
 .text.print_hex_byte
                0x0000000000013720       0x5c build/out/src/platform/misc/print.o
                0x0000000000013720                print_hex_byte
 .text.print_hex_64
                0x000000000001377c       0x70 build/out/src/platform/misc/print.o
                0x000000000001377c                print_hex_64
 .text          0x00000000000137ec        0x0 build/out/src/tensorflow/lite/c/common.o
 .text.TfLiteIntArrayGetSizeInBytes
                0x00000000000137ec        0xc build/out/src/tensorflow/lite/c/common.o
                0x00000000000137ec                TfLiteIntArrayGetSizeInBytes
 .text.TfLiteIntArrayEqual
                0x00000000000137f8      0x1a8 build/out/src/tensorflow/lite/c/common.o
                0x00000000000137f8                TfLiteIntArrayEqual
 .text.TfLiteIntArrayEqualsArray
                0x00000000000139a0      0x1a0 build/out/src/tensorflow/lite/c/common.o
                0x00000000000139a0                TfLiteIntArrayEqualsArray
 .text.TfLiteFloatArrayGetSizeInBytes
                0x0000000000013b40        0xc build/out/src/tensorflow/lite/c/common.o
                0x0000000000013b40                TfLiteFloatArrayGetSizeInBytes
 .text.TfLiteTypeGetName
                0x0000000000013b4c       0x2c build/out/src/tensorflow/lite/c/common.o
                0x0000000000013b4c                TfLiteTypeGetName
 .text.TfLiteDelegateCreate
                0x0000000000013b78       0x28 build/out/src/tensorflow/lite/c/common.o
                0x0000000000013b78                TfLiteDelegateCreate
 .text          0x0000000000013ba0        0x0 build/out/src/tensorflow/lite/core/api/op_resolver.o
 .text._ZN6tflite25GetRegistrationFromOpCodeEPKNS_12OperatorCodeERKNS_10OpResolverEPNS_13ErrorReporterEPPK18TfLiteRegistration
                0x0000000000013ba0      0x170 build/out/src/tensorflow/lite/core/api/op_resolver.o
                0x0000000000013ba0                tflite::GetRegistrationFromOpCode(tflite::OperatorCode const*, tflite::OpResolver const&, tflite::ErrorReporter*, TfLiteRegistration const**)
 .text          0x0000000000013d10        0x0 build/out/src/tensorflow/lite/core/api/error_reporter.o
 .text._ZN6tflite13ErrorReporter6ReportEPKcz
                0x0000000000013d10       0x40 build/out/src/tensorflow/lite/core/api/error_reporter.o
                0x0000000000013d10                tflite::ErrorReporter::Report(char const*, ...)
 .text._ZN6tflite13ErrorReporter11ReportErrorEPvPKcz
                0x0000000000013d50       0x40 build/out/src/tensorflow/lite/core/api/error_reporter.o
                0x0000000000013d50                tflite::ErrorReporter::ReportError(void*, char const*, ...)
 .text          0x0000000000013d90        0x0 build/out/src/tensorflow/lite/core/api/tensor_utils.o
 .text._ZN6tflite19ResetVariableTensorEP12TfLiteTensor
                0x0000000000013d90       0x50 build/out/src/tensorflow/lite/core/api/tensor_utils.o
                0x0000000000013d90                tflite::ResetVariableTensor(TfLiteTensor*)
 .text          0x0000000000013de0        0x0 build/out/src/tensorflow/lite/core/api/flatbuffer_conversions.o
 .text._ZN6tflite17ConvertTensorTypeENS_10TensorTypeEP10TfLiteTypePNS_13ErrorReporterE
                0x0000000000013de0      0x150 build/out/src/tensorflow/lite/core/api/flatbuffer_conversions.o
                0x0000000000013de0                tflite::ConvertTensorType(tflite::TensorType, TfLiteType*, tflite::ErrorReporter*)
 .text._ZN6tflite8ParseAbsEPKNS_8OperatorEPNS_13ErrorReporterEPNS_20BuiltinDataAllocatorEPPv
                0x0000000000013f30        0x8 build/out/src/tensorflow/lite/core/api/flatbuffer_conversions.o
                0x0000000000013f30                tflite::ParseAbs(tflite::Operator const*, tflite::ErrorReporter*, tflite::BuiltinDataAllocator*, void**)
 .text._ZN6tflite8ParseAddEPKNS_8OperatorEPNS_13ErrorReporterEPNS_20BuiltinDataAllocatorEPPv
                0x0000000000013f38      0x120 build/out/src/tensorflow/lite/core/api/flatbuffer_conversions.o
                0x0000000000013f38                tflite::ParseAdd(tflite::Operator const*, tflite::ErrorReporter*, tflite::BuiltinDataAllocator*, void**)
 .text._ZN6tflite9ParseAddNEPKNS_8OperatorEPNS_13ErrorReporterEPNS_20BuiltinDataAllocatorEPPv
                0x0000000000014058        0x8 build/out/src/tensorflow/lite/core/api/flatbuffer_conversions.o
                0x0000000000014058                tflite::ParseAddN(tflite::Operator const*, tflite::ErrorReporter*, tflite::BuiltinDataAllocator*, void**)
 .text._ZN6tflite11ParseArgMaxEPKNS_8OperatorEPNS_13ErrorReporterEPNS_20BuiltinDataAllocatorEPPv
                0x0000000000014060      0x11c build/out/src/tensorflow/lite/core/api/flatbuffer_conversions.o
                0x0000000000014060                tflite::ParseArgMax(tflite::Operator const*, tflite::ErrorReporter*, tflite::BuiltinDataAllocator*, void**)
 .text._ZN6tflite11ParseArgMinEPKNS_8OperatorEPNS_13ErrorReporterEPNS_20BuiltinDataAllocatorEPPv
                0x000000000001417c      0x11c build/out/src/tensorflow/lite/core/api/flatbuffer_conversions.o
                0x000000000001417c                tflite::ParseArgMin(tflite::Operator const*, tflite::ErrorReporter*, tflite::BuiltinDataAllocator*, void**)
 .text._ZN6tflite16ParseBatchMatMulEPKNS_8OperatorEPNS_13ErrorReporterEPNS_20BuiltinDataAllocatorEPPv
                0x0000000000014298      0x130 build/out/src/tensorflow/lite/core/api/flatbuffer_conversions.o
                0x0000000000014298                tflite::ParseBatchMatMul(tflite::Operator const*, tflite::ErrorReporter*, tflite::BuiltinDataAllocator*, void**)
 .text._ZN6tflite19ParseBatchToSpaceNdEPKNS_8OperatorEPNS_13ErrorReporterEPNS_20BuiltinDataAllocatorEPPv
                0x00000000000143c8        0x8 build/out/src/tensorflow/lite/core/api/flatbuffer_conversions.o
                0x00000000000143c8                tflite::ParseBatchToSpaceNd(tflite::Operator const*, tflite::ErrorReporter*, tflite::BuiltinDataAllocator*, void**)
 .text._ZN6tflite9ParseCastEPKNS_8OperatorEPNS_13ErrorReporterEPNS_20BuiltinDataAllocatorEPPv
                0x00000000000143d0      0x164 build/out/src/tensorflow/lite/core/api/flatbuffer_conversions.o
                0x00000000000143d0                tflite::ParseCast(tflite::Operator const*, tflite::ErrorReporter*, tflite::BuiltinDataAllocator*, void**)
 .text._ZN6tflite9ParseCeilEPKNS_8OperatorEPNS_13ErrorReporterEPNS_20BuiltinDataAllocatorEPPv
                0x0000000000014534        0x8 build/out/src/tensorflow/lite/core/api/flatbuffer_conversions.o
                0x0000000000014534                tflite::ParseCeil(tflite::Operator const*, tflite::ErrorReporter*, tflite::BuiltinDataAllocator*, void**)
 .text._ZN6tflite18ParseConcatenationEPKNS_8OperatorEPNS_13ErrorReporterEPNS_20BuiltinDataAllocatorEPPv
                0x000000000001453c      0x114 build/out/src/tensorflow/lite/core/api/flatbuffer_conversions.o
                0x000000000001453c                tflite::ParseConcatenation(tflite::Operator const*, tflite::ErrorReporter*, tflite::BuiltinDataAllocator*, void**)
 .text._ZN6tflite11ParseConv2DEPKNS_8OperatorEPNS_13ErrorReporterEPNS_20BuiltinDataAllocatorEPPv
                0x0000000000014650      0x1f0 build/out/src/tensorflow/lite/core/api/flatbuffer_conversions.o
                0x0000000000014650                tflite::ParseConv2D(tflite::Operator const*, tflite::ErrorReporter*, tflite::BuiltinDataAllocator*, void**)
 .text._ZN6tflite11ParseCumsumEPKNS_8OperatorEPNS_13ErrorReporterEPNS_20BuiltinDataAllocatorEPPv
                0x0000000000014840      0x104 build/out/src/tensorflow/lite/core/api/flatbuffer_conversions.o
                0x0000000000014840                tflite::ParseCumsum(tflite::Operator const*, tflite::ErrorReporter*, tflite::BuiltinDataAllocator*, void**)
 .text._ZN6tflite8ParseCosEPKNS_8OperatorEPNS_13ErrorReporterEPNS_20BuiltinDataAllocatorEPPv
                0x0000000000014944        0x8 build/out/src/tensorflow/lite/core/api/flatbuffer_conversions.o
                0x0000000000014944                tflite::ParseCos(tflite::Operator const*, tflite::ErrorReporter*, tflite::BuiltinDataAllocator*, void**)
 .text._ZN6tflite17ParseDepthToSpaceEPKNS_8OperatorEPNS_13ErrorReporterEPNS_20BuiltinDataAllocatorEPPv
                0x000000000001494c       0xcc build/out/src/tensorflow/lite/core/api/flatbuffer_conversions.o
                0x000000000001494c                tflite::ParseDepthToSpace(tflite::Operator const*, tflite::ErrorReporter*, tflite::BuiltinDataAllocator*, void**)
 .text._ZN6tflite20ParseDepthwiseConv2DEPKNS_8OperatorEPNS_13ErrorReporterEPNS_20BuiltinDataAllocatorEPPv
                0x0000000000014a18      0x21c build/out/src/tensorflow/lite/core/api/flatbuffer_conversions.o
                0x0000000000014a18                tflite::ParseDepthwiseConv2D(tflite::Operator const*, tflite::ErrorReporter*, tflite::BuiltinDataAllocator*, void**)
 .text._ZN6tflite15ParseDequantizeEPKNS_8OperatorEPNS_13ErrorReporterEPNS_20BuiltinDataAllocatorEPPv
                0x0000000000014c34        0x8 build/out/src/tensorflow/lite/core/api/flatbuffer_conversions.o
                0x0000000000014c34                tflite::ParseDequantize(tflite::Operator const*, tflite::ErrorReporter*, tflite::BuiltinDataAllocator*, void**)
 .text._ZN6tflite8ParseDivEPKNS_8OperatorEPNS_13ErrorReporterEPNS_20BuiltinDataAllocatorEPPv
                0x0000000000014c3c       0xe8 build/out/src/tensorflow/lite/core/api/flatbuffer_conversions.o
                0x0000000000014c3c                tflite::ParseDiv(tflite::Operator const*, tflite::ErrorReporter*, tflite::BuiltinDataAllocator*, void**)
 .text._ZN6tflite8ParseEluEPKNS_8OperatorEPNS_13ErrorReporterEPNS_20BuiltinDataAllocatorEPPv
                0x0000000000014d24        0x8 build/out/src/tensorflow/lite/core/api/flatbuffer_conversions.o
                0x0000000000014d24                tflite::ParseElu(tflite::Operator const*, tflite::ErrorReporter*, tflite::BuiltinDataAllocator*, void**)
 .text._ZN6tflite10ParseEqualEPKNS_8OperatorEPNS_13ErrorReporterEPNS_20BuiltinDataAllocatorEPPv
                0x0000000000014d2c        0x8 build/out/src/tensorflow/lite/core/api/flatbuffer_conversions.o
                0x0000000000014d2c                tflite::ParseEqual(tflite::Operator const*, tflite::ErrorReporter*, tflite::BuiltinDataAllocator*, void**)
 .text._ZN6tflite8ParseExpEPKNS_8OperatorEPNS_13ErrorReporterEPNS_20BuiltinDataAllocatorEPPv
                0x0000000000014d34        0x8 build/out/src/tensorflow/lite/core/api/flatbuffer_conversions.o
                0x0000000000014d34                tflite::ParseExp(tflite::Operator const*, tflite::ErrorReporter*, tflite::BuiltinDataAllocator*, void**)
 .text._ZN6tflite15ParseExpandDimsEPKNS_8OperatorEPNS_13ErrorReporterEPNS_20BuiltinDataAllocatorEPPv
                0x0000000000014d3c        0x8 build/out/src/tensorflow/lite/core/api/flatbuffer_conversions.o
                0x0000000000014d3c                tflite::ParseExpandDims(tflite::Operator const*, tflite::ErrorReporter*, tflite::BuiltinDataAllocator*, void**)
 .text._ZN6tflite9ParseFillEPKNS_8OperatorEPNS_13ErrorReporterEPNS_20BuiltinDataAllocatorEPPv
                0x0000000000014d44        0x8 build/out/src/tensorflow/lite/core/api/flatbuffer_conversions.o
                0x0000000000014d44                tflite::ParseFill(tflite::Operator const*, tflite::ErrorReporter*, tflite::BuiltinDataAllocator*, void**)
 .text._ZN6tflite10ParseFloorEPKNS_8OperatorEPNS_13ErrorReporterEPNS_20BuiltinDataAllocatorEPPv
                0x0000000000014d4c        0x8 build/out/src/tensorflow/lite/core/api/flatbuffer_conversions.o
                0x0000000000014d4c                tflite::ParseFloor(tflite::Operator const*, tflite::ErrorReporter*, tflite::BuiltinDataAllocator*, void**)
 .text._ZN6tflite13ParseFloorDivEPKNS_8OperatorEPNS_13ErrorReporterEPNS_20BuiltinDataAllocatorEPPv
                0x0000000000014d54        0x8 build/out/src/tensorflow/lite/core/api/flatbuffer_conversions.o
                0x0000000000014d54                tflite::ParseFloorDiv(tflite::Operator const*, tflite::ErrorReporter*, tflite::BuiltinDataAllocator*, void**)
 .text._ZN6tflite13ParseFloorModEPKNS_8OperatorEPNS_13ErrorReporterEPNS_20BuiltinDataAllocatorEPPv
                0x0000000000014d5c        0x8 build/out/src/tensorflow/lite/core/api/flatbuffer_conversions.o
                0x0000000000014d5c                tflite::ParseFloorMod(tflite::Operator const*, tflite::ErrorReporter*, tflite::BuiltinDataAllocator*, void**)
 .text._ZN6tflite19ParseFullyConnectedEPKNS_8OperatorEPNS_13ErrorReporterEPNS_20BuiltinDataAllocatorEPPv
                0x0000000000014d64      0x1d4 build/out/src/tensorflow/lite/core/api/flatbuffer_conversions.o
                0x0000000000014d64                tflite::ParseFullyConnected(tflite::Operator const*, tflite::ErrorReporter*, tflite::BuiltinDataAllocator*, void**)
 .text._ZN6tflite11ParseGatherEPKNS_8OperatorEPNS_13ErrorReporterEPNS_20BuiltinDataAllocatorEPPv
                0x0000000000014f38       0xfc build/out/src/tensorflow/lite/core/api/flatbuffer_conversions.o
                0x0000000000014f38                tflite::ParseGather(tflite::Operator const*, tflite::ErrorReporter*, tflite::BuiltinDataAllocator*, void**)
 .text._ZN6tflite13ParseGatherNdEPKNS_8OperatorEPNS_13ErrorReporterEPNS_20BuiltinDataAllocatorEPPv
                0x0000000000015034        0x8 build/out/src/tensorflow/lite/core/api/flatbuffer_conversions.o
                0x0000000000015034                tflite::ParseGatherNd(tflite::Operator const*, tflite::ErrorReporter*, tflite::BuiltinDataAllocator*, void**)
 .text._ZN6tflite12ParseGreaterEPKNS_8OperatorEPNS_13ErrorReporterEPNS_20BuiltinDataAllocatorEPPv
                0x000000000001503c        0x8 build/out/src/tensorflow/lite/core/api/flatbuffer_conversions.o
                0x000000000001503c                tflite::ParseGreater(tflite::Operator const*, tflite::ErrorReporter*, tflite::BuiltinDataAllocator*, void**)
 .text._ZN6tflite17ParseGreaterEqualEPKNS_8OperatorEPNS_13ErrorReporterEPNS_20BuiltinDataAllocatorEPPv
                0x0000000000015044        0x8 build/out/src/tensorflow/lite/core/api/flatbuffer_conversions.o
                0x0000000000015044                tflite::ParseGreaterEqual(tflite::Operator const*, tflite::ErrorReporter*, tflite::BuiltinDataAllocator*, void**)
 .text._ZN6tflite14ParseHardSwishEPKNS_8OperatorEPNS_13ErrorReporterEPNS_20BuiltinDataAllocatorEPPv
                0x000000000001504c        0x8 build/out/src/tensorflow/lite/core/api/flatbuffer_conversions.o
                0x000000000001504c                tflite::ParseHardSwish(tflite::Operator const*, tflite::ErrorReporter*, tflite::BuiltinDataAllocator*, void**)
 .text._ZN6tflite7ParseIfEPKNS_8OperatorEPNS_13ErrorReporterEPNS_20BuiltinDataAllocatorEPPv
                0x0000000000015054       0xfc build/out/src/tensorflow/lite/core/api/flatbuffer_conversions.o
                0x0000000000015054                tflite::ParseIf(tflite::Operator const*, tflite::ErrorReporter*, tflite::BuiltinDataAllocator*, void**)
 .text._ZN6tflite20ParseL2NormalizationEPKNS_8OperatorEPNS_13ErrorReporterEPNS_20BuiltinDataAllocatorEPPv
                0x0000000000015150       0xe4 build/out/src/tensorflow/lite/core/api/flatbuffer_conversions.o
                0x0000000000015150                tflite::ParseL2Normalization(tflite::Operator const*, tflite::ErrorReporter*, tflite::BuiltinDataAllocator*, void**)
 .text._ZN6tflite14ParseLeakyReluEPKNS_8OperatorEPNS_13ErrorReporterEPNS_20BuiltinDataAllocatorEPPv
                0x0000000000015234       0xd0 build/out/src/tensorflow/lite/core/api/flatbuffer_conversions.o
                0x0000000000015234                tflite::ParseLeakyRelu(tflite::Operator const*, tflite::ErrorReporter*, tflite::BuiltinDataAllocator*, void**)
 .text._ZN6tflite9ParseLessEPKNS_8OperatorEPNS_13ErrorReporterEPNS_20BuiltinDataAllocatorEPPv
                0x0000000000015304        0x8 build/out/src/tensorflow/lite/core/api/flatbuffer_conversions.o
                0x0000000000015304                tflite::ParseLess(tflite::Operator const*, tflite::ErrorReporter*, tflite::BuiltinDataAllocator*, void**)
 .text._ZN6tflite14ParseLessEqualEPKNS_8OperatorEPNS_13ErrorReporterEPNS_20BuiltinDataAllocatorEPPv
                0x000000000001530c        0x8 build/out/src/tensorflow/lite/core/api/flatbuffer_conversions.o
                0x000000000001530c                tflite::ParseLessEqual(tflite::Operator const*, tflite::ErrorReporter*, tflite::BuiltinDataAllocator*, void**)
 .text._ZN6tflite8ParseLogEPKNS_8OperatorEPNS_13ErrorReporterEPNS_20BuiltinDataAllocatorEPPv
                0x0000000000015314        0x8 build/out/src/tensorflow/lite/core/api/flatbuffer_conversions.o
                0x0000000000015314                tflite::ParseLog(tflite::Operator const*, tflite::ErrorReporter*, tflite::BuiltinDataAllocator*, void**)
 .text._ZN6tflite15ParseLogicalAndEPKNS_8OperatorEPNS_13ErrorReporterEPNS_20BuiltinDataAllocatorEPPv
                0x000000000001531c        0x8 build/out/src/tensorflow/lite/core/api/flatbuffer_conversions.o
                0x000000000001531c                tflite::ParseLogicalAnd(tflite::Operator const*, tflite::ErrorReporter*, tflite::BuiltinDataAllocator*, void**)
 .text._ZN6tflite15ParseLogicalNotEPKNS_8OperatorEPNS_13ErrorReporterEPNS_20BuiltinDataAllocatorEPPv
                0x0000000000015324        0x8 build/out/src/tensorflow/lite/core/api/flatbuffer_conversions.o
                0x0000000000015324                tflite::ParseLogicalNot(tflite::Operator const*, tflite::ErrorReporter*, tflite::BuiltinDataAllocator*, void**)
 .text._ZN6tflite14ParseLogicalOrEPKNS_8OperatorEPNS_13ErrorReporterEPNS_20BuiltinDataAllocatorEPPv
                0x000000000001532c        0x8 build/out/src/tensorflow/lite/core/api/flatbuffer_conversions.o
                0x000000000001532c                tflite::ParseLogicalOr(tflite::Operator const*, tflite::ErrorReporter*, tflite::BuiltinDataAllocator*, void**)
 .text._ZN6tflite13ParseLogisticEPKNS_8OperatorEPNS_13ErrorReporterEPNS_20BuiltinDataAllocatorEPPv
                0x0000000000015334        0x8 build/out/src/tensorflow/lite/core/api/flatbuffer_conversions.o
                0x0000000000015334                tflite::ParseLogistic(tflite::Operator const*, tflite::ErrorReporter*, tflite::BuiltinDataAllocator*, void**)
 .text._ZN6tflite15ParseLogSoftmaxEPKNS_8OperatorEPNS_13ErrorReporterEPNS_20BuiltinDataAllocatorEPPv
                0x000000000001533c        0x8 build/out/src/tensorflow/lite/core/api/flatbuffer_conversions.o
                0x000000000001533c                tflite::ParseLogSoftmax(tflite::Operator const*, tflite::ErrorReporter*, tflite::BuiltinDataAllocator*, void**)
 .text._ZN6tflite12ParseMaximumEPKNS_8OperatorEPNS_13ErrorReporterEPNS_20BuiltinDataAllocatorEPPv
                0x0000000000015344        0x8 build/out/src/tensorflow/lite/core/api/flatbuffer_conversions.o
                0x0000000000015344                tflite::ParseMaximum(tflite::Operator const*, tflite::ErrorReporter*, tflite::BuiltinDataAllocator*, void**)
 .text._ZN6tflite12ParseMinimumEPKNS_8OperatorEPNS_13ErrorReporterEPNS_20BuiltinDataAllocatorEPPv
                0x000000000001534c        0x8 build/out/src/tensorflow/lite/core/api/flatbuffer_conversions.o
                0x000000000001534c                tflite::ParseMinimum(tflite::Operator const*, tflite::ErrorReporter*, tflite::BuiltinDataAllocator*, void**)
 .text._ZN6tflite8ParseMulEPKNS_8OperatorEPNS_13ErrorReporterEPNS_20BuiltinDataAllocatorEPPv
                0x0000000000015354       0xe8 build/out/src/tensorflow/lite/core/api/flatbuffer_conversions.o
                0x0000000000015354                tflite::ParseMul(tflite::Operator const*, tflite::ErrorReporter*, tflite::BuiltinDataAllocator*, void**)
 .text._ZN6tflite8ParseNegEPKNS_8OperatorEPNS_13ErrorReporterEPNS_20BuiltinDataAllocatorEPPv
                0x000000000001543c        0x8 build/out/src/tensorflow/lite/core/api/flatbuffer_conversions.o
                0x000000000001543c                tflite::ParseNeg(tflite::Operator const*, tflite::ErrorReporter*, tflite::BuiltinDataAllocator*, void**)
 .text._ZN6tflite13ParseNotEqualEPKNS_8OperatorEPNS_13ErrorReporterEPNS_20BuiltinDataAllocatorEPPv
                0x0000000000015444        0x8 build/out/src/tensorflow/lite/core/api/flatbuffer_conversions.o
                0x0000000000015444                tflite::ParseNotEqual(tflite::Operator const*, tflite::ErrorReporter*, tflite::BuiltinDataAllocator*, void**)
 .text._ZN6tflite9ParsePackEPKNS_8OperatorEPNS_13ErrorReporterEPNS_20BuiltinDataAllocatorEPPv
                0x000000000001544c       0xfc build/out/src/tensorflow/lite/core/api/flatbuffer_conversions.o
                0x000000000001544c                tflite::ParsePack(tflite::Operator const*, tflite::ErrorReporter*, tflite::BuiltinDataAllocator*, void**)
 .text._ZN6tflite8ParsePadEPKNS_8OperatorEPNS_13ErrorReporterEPNS_20BuiltinDataAllocatorEPPv
                0x0000000000015548        0x8 build/out/src/tensorflow/lite/core/api/flatbuffer_conversions.o
                0x0000000000015548                tflite::ParsePad(tflite::Operator const*, tflite::ErrorReporter*, tflite::BuiltinDataAllocator*, void**)
 .text._ZN6tflite10ParsePadV2EPKNS_8OperatorEPNS_13ErrorReporterEPNS_20BuiltinDataAllocatorEPPv
                0x0000000000015550        0x8 build/out/src/tensorflow/lite/core/api/flatbuffer_conversions.o
                0x0000000000015550                tflite::ParsePadV2(tflite::Operator const*, tflite::ErrorReporter*, tflite::BuiltinDataAllocator*, void**)
 .text._ZN6tflite9ParsePoolEPKNS_8OperatorEPNS_13ErrorReporterEPNS_20BuiltinDataAllocatorEPPv
                0x0000000000015558      0x1e0 build/out/src/tensorflow/lite/core/api/flatbuffer_conversions.o
                0x0000000000015558                tflite::ParsePool(tflite::Operator const*, tflite::ErrorReporter*, tflite::BuiltinDataAllocator*, void**)
 .text._ZN6tflite8ParsePowEPKNS_8OperatorEPNS_13ErrorReporterEPNS_20BuiltinDataAllocatorEPPv
                0x0000000000015738        0x8 build/out/src/tensorflow/lite/core/api/flatbuffer_conversions.o
                0x0000000000015738                tflite::ParsePow(tflite::Operator const*, tflite::ErrorReporter*, tflite::BuiltinDataAllocator*, void**)
 .text._ZN6tflite10ParsePreluEPKNS_8OperatorEPNS_13ErrorReporterEPNS_20BuiltinDataAllocatorEPPv
                0x0000000000015740        0x8 build/out/src/tensorflow/lite/core/api/flatbuffer_conversions.o
                0x0000000000015740                tflite::ParsePrelu(tflite::Operator const*, tflite::ErrorReporter*, tflite::BuiltinDataAllocator*, void**)
 .text._ZN6tflite13ParseQuantizeEPKNS_8OperatorEPNS_13ErrorReporterEPNS_20BuiltinDataAllocatorEPPv
                0x0000000000015748        0x8 build/out/src/tensorflow/lite/core/api/flatbuffer_conversions.o
                0x0000000000015748                tflite::ParseQuantize(tflite::Operator const*, tflite::ErrorReporter*, tflite::BuiltinDataAllocator*, void**)
 .text._ZN6tflite12ParseReducerEPKNS_8OperatorEPNS_13ErrorReporterEPNS_20BuiltinDataAllocatorEPPv
                0x0000000000015750       0xd0 build/out/src/tensorflow/lite/core/api/flatbuffer_conversions.o
                0x0000000000015750                tflite::ParseReducer(tflite::Operator const*, tflite::ErrorReporter*, tflite::BuiltinDataAllocator*, void**)
 .text._ZN6tflite9ParseReluEPKNS_8OperatorEPNS_13ErrorReporterEPNS_20BuiltinDataAllocatorEPPv
                0x0000000000015820        0x8 build/out/src/tensorflow/lite/core/api/flatbuffer_conversions.o
                0x0000000000015820                tflite::ParseRelu(tflite::Operator const*, tflite::ErrorReporter*, tflite::BuiltinDataAllocator*, void**)
 .text._ZN6tflite10ParseRelu6EPKNS_8OperatorEPNS_13ErrorReporterEPNS_20BuiltinDataAllocatorEPPv
                0x0000000000015828        0x8 build/out/src/tensorflow/lite/core/api/flatbuffer_conversions.o
                0x0000000000015828                tflite::ParseRelu6(tflite::Operator const*, tflite::ErrorReporter*, tflite::BuiltinDataAllocator*, void**)
 .text._ZN6tflite12ParseReshapeEPKNS_8OperatorEPNS_13ErrorReporterEPNS_20BuiltinDataAllocatorEPPv
                0x0000000000015830      0x1e8 build/out/src/tensorflow/lite/core/api/flatbuffer_conversions.o
                0x0000000000015830                tflite::ParseReshape(tflite::Operator const*, tflite::ErrorReporter*, tflite::BuiltinDataAllocator*, void**)
 .text._ZN6tflite19ParseResizeBilinearEPKNS_8OperatorEPNS_13ErrorReporterEPNS_20BuiltinDataAllocatorEPPv
                0x0000000000015a18      0x104 build/out/src/tensorflow/lite/core/api/flatbuffer_conversions.o
                0x0000000000015a18                tflite::ParseResizeBilinear(tflite::Operator const*, tflite::ErrorReporter*, tflite::BuiltinDataAllocator*, void**)
 .text._ZN6tflite26ParseResizeNearestNeighborEPKNS_8OperatorEPNS_13ErrorReporterEPNS_20BuiltinDataAllocatorEPPv
                0x0000000000015b1c      0x104 build/out/src/tensorflow/lite/core/api/flatbuffer_conversions.o
                0x0000000000015b1c                tflite::ParseResizeNearestNeighbor(tflite::Operator const*, tflite::ErrorReporter*, tflite::BuiltinDataAllocator*, void**)
 .text._ZN6tflite10ParseRoundEPKNS_8OperatorEPNS_13ErrorReporterEPNS_20BuiltinDataAllocatorEPPv
                0x0000000000015c20        0x8 build/out/src/tensorflow/lite/core/api/flatbuffer_conversions.o
                0x0000000000015c20                tflite::ParseRound(tflite::Operator const*, tflite::ErrorReporter*, tflite::BuiltinDataAllocator*, void**)
 .text._ZN6tflite10ParseRsqrtEPKNS_8OperatorEPNS_13ErrorReporterEPNS_20BuiltinDataAllocatorEPPv
                0x0000000000015c28        0x8 build/out/src/tensorflow/lite/core/api/flatbuffer_conversions.o
                0x0000000000015c28                tflite::ParseRsqrt(tflite::Operator const*, tflite::ErrorReporter*, tflite::BuiltinDataAllocator*, void**)
 .text._ZN6tflite10ParseShapeEPKNS_8OperatorEPNS_13ErrorReporterEPNS_20BuiltinDataAllocatorEPPv
                0x0000000000015c30      0x11c build/out/src/tensorflow/lite/core/api/flatbuffer_conversions.o
                0x0000000000015c30                tflite::ParseShape(tflite::Operator const*, tflite::ErrorReporter*, tflite::BuiltinDataAllocator*, void**)
 .text._ZN6tflite8ParseSinEPKNS_8OperatorEPNS_13ErrorReporterEPNS_20BuiltinDataAllocatorEPPv
                0x0000000000015d4c        0x8 build/out/src/tensorflow/lite/core/api/flatbuffer_conversions.o
                0x0000000000015d4c                tflite::ParseSin(tflite::Operator const*, tflite::ErrorReporter*, tflite::BuiltinDataAllocator*, void**)
 .text._ZN6tflite10ParseSliceEPKNS_8OperatorEPNS_13ErrorReporterEPNS_20BuiltinDataAllocatorEPPv
                0x0000000000015d54        0x8 build/out/src/tensorflow/lite/core/api/flatbuffer_conversions.o
                0x0000000000015d54                tflite::ParseSlice(tflite::Operator const*, tflite::ErrorReporter*, tflite::BuiltinDataAllocator*, void**)
 .text._ZN6tflite12ParseSoftmaxEPKNS_8OperatorEPNS_13ErrorReporterEPNS_20BuiltinDataAllocatorEPPv