Archive member included to satisfy reference by file (symbol)

d:/efinity/efinity-riscv-ide-2025.1/toolchain/bin/../lib/gcc/riscv-none-embed/8.3.0/../../../../riscv-none-embed/lib/rv32im/ilp32\libc.a(lib_a-init.o)
                              build/obj_files/start.o (__libc_init_array)

Discarded input sections

 .group         0x0000000000000000        0xc build/obj_files/main.o
 .group         0x0000000000000000        0xc build/obj_files/main.o
 .group         0x0000000000000000        0xc build/obj_files/main.o
 .group         0x0000000000000000        0xc build/obj_files/main.o
 .group         0x0000000000000000        0xc build/obj_files/main.o
 .group         0x0000000000000000        0xc build/obj_files/main.o
 .group         0x0000000000000000        0xc build/obj_files/main.o
 .group         0x0000000000000000        0xc build/obj_files/main.o
 .group         0x0000000000000000        0xc build/obj_files/main.o
 .group         0x0000000000000000        0xc build/obj_files/main.o
 .group         0x0000000000000000        0xc build/obj_files/main.o
 .group         0x0000000000000000        0xc build/obj_files/main.o
 .group         0x0000000000000000        0xc build/obj_files/main.o
 .group         0x0000000000000000        0xc build/obj_files/main.o
 .group         0x0000000000000000        0xc build/obj_files/main.o
 .group         0x0000000000000000        0xc build/obj_files/main.o
 .group         0x0000000000000000        0xc build/obj_files/main.o
 .group         0x0000000000000000        0xc build/obj_files/main.o
 .group         0x0000000000000000        0xc build/obj_files/main.o
 .group         0x0000000000000000        0xc build/obj_files/main.o
 .group         0x0000000000000000        0xc build/obj_files/main.o
 .group         0x0000000000000000        0xc build/obj_files/main.o
 .group         0x0000000000000000        0xc build/obj_files/main.o
 .group         0x0000000000000000        0xc build/obj_files/main.o
 .group         0x0000000000000000        0xc build/obj_files/main.o
 .group         0x0000000000000000        0xc build/obj_files/main.o
 .group         0x0000000000000000        0xc build/obj_files/main.o
 .group         0x0000000000000000        0xc build/obj_files/main.o
 .group         0x0000000000000000        0xc build/obj_files/main.o
 .group         0x0000000000000000        0xc build/obj_files/main.o
 .group         0x0000000000000000        0xc build/obj_files/main.o
 .group         0x0000000000000000        0xc build/obj_files/main.o
 .group         0x0000000000000000        0xc build/obj_files/main.o
 .group         0x0000000000000000        0xc build/obj_files/main.o
 .group         0x0000000000000000        0xc build/obj_files/main.o
 .group         0x0000000000000000        0xc build/obj_files/main.o
 .group         0x0000000000000000        0xc build/obj_files/main.o
 .group         0x0000000000000000        0xc build/obj_files/main.o
 .group         0x0000000000000000        0xc build/obj_files/main.o

Memory Configuration

Name             Origin             Length             Attributes
ram              0x00000000f9000000 0x0000000000001000 axwl !r
*default*        0x0000000000000000 0xffffffffffffffff

Linker script and memory map

LOAD build/obj_files/main.o
LOAD build/obj_files/start.o
LOAD d:/efinity/efinity-riscv-ide-2025.1/toolchain/bin/../lib/gcc/riscv-none-embed/8.3.0/../../../../riscv-none-embed/lib/rv32im/ilp32\libc.a
LOAD d:/efinity/efinity-riscv-ide-2025.1/toolchain/bin/../lib/gcc/riscv-none-embed/8.3.0/rv32im/ilp32\libgcc.a
                0x0000000000000100                __stack_size = DEFINED (__stack_size)?__stack_size:0x100

.init           0x00000000f9000000       0x9c
 *(SORT_NONE(.init))
 .init          0x00000000f9000000       0x9c build/obj_files/start.o
                0x00000000f9000000                _start
                0x00000000f9000014                smp_slave
                0x00000000f9000038                smp_unlock
                0x00000000f9000098                _init

.text           0x00000000f900009c      0x6ac
 *(.text.unlikely .text.unlikely.*)
 *(.text.startup .text.startup.*)
 *(.text .text.*)
 .text          0x00000000f900009c      0x628 build/obj_files/main.o
                0x00000000f9000648                bspMain
                0x00000000f90006a8                main
 .text          0x00000000f90006c4        0x0 build/obj_files/start.o
 .text          0x00000000f90006c4        0x0 d:/efinity/efinity-riscv-ide-2025.1/toolchain/bin/../lib/gcc/riscv-none-embed/8.3.0/../../../../riscv-none-embed/lib/rv32im/ilp32\libc.a(lib_a-init.o)
 .text.__libc_init_array
                0x00000000f90006c4       0x84 d:/efinity/efinity-riscv-ide-2025.1/toolchain/bin/../lib/gcc/riscv-none-embed/8.3.0/../../../../riscv-none-embed/lib/rv32im/ilp32\libc.a(lib_a-init.o)
                0x00000000f90006c4                __libc_init_array
 *(.gnu.linkonce.t.*)
 *(.note.gnu.build-id)

.rela.dyn       0x00000000f9000748        0x0
 .rela.init     0x00000000f9000748        0x0 build/obj_files/main.o
 .rela.text.__libc_init_array
                0x00000000f9000748        0x0 build/obj_files/main.o

.fini
 *(SORT_NONE(.fini))
                [!provide]                        PROVIDE (__etext = .)
                [!provide]                        PROVIDE (_etext = .)
                [!provide]                        PROVIDE (etext = .)
                0x00000000f9000748                . = ALIGN (0x4)

.preinit_array  0x00000000f9000748        0x0
                0x00000000f9000748                PROVIDE (__preinit_array_start = .)
 *(.preinit_array)
                0x00000000f9000748                PROVIDE (__preinit_array_end = .)

.init_array     0x00000000f9000748        0x0
                0x00000000f9000748                PROVIDE (__init_array_start = .)
 *(SORT_BY_INIT_PRIORITY(.init_array.*) SORT_BY_INIT_PRIORITY(.ctors.*))
 *(.init_array EXCLUDE_FILE(*crtend?.o *crtend.o *crtbegin?.o *crtbegin.o) .ctors)
                0x00000000f9000748                PROVIDE (__init_array_end = .)

.fini_array     0x00000000f9000748        0x0
                [!provide]                        PROVIDE (__fini_array_start = .)
 *(SORT_BY_INIT_PRIORITY(.fini_array.*) SORT_BY_INIT_PRIORITY(.dtors.*))
 *(.fini_array EXCLUDE_FILE(*crtend?.o *crtend.o *crtbegin?.o *crtbegin.o) .dtors)
                [!provide]                        PROVIDE (__fini_array_end = .)

.ctors
 *crtbegin.o(.ctors)
 *crtbegin?.o(.ctors)
 *(EXCLUDE_FILE(*crtend?.o *crtend.o) .ctors)
 *(SORT_BY_NAME(.ctors.*))
 *(.ctors)

.dtors
 *crtbegin.o(.dtors)
 *crtbegin?.o(.dtors)
 *(EXCLUDE_FILE(*crtend?.o *crtend.o) .dtors)
 *(SORT_BY_NAME(.dtors.*))
 *(.dtors)

.lalign         0x00000000f9000748        0x0
                0x00000000f9000748                PROVIDE (_data_lma = .)

.dalign         0x00000000f9000748        0x0
                0x00000000f9000748                PROVIDE (_data = .)

.data           0x00000000f9000748        0xa
 *(.rdata)
 *(.rodata .rodata.*)
 *(.gnu.linkonce.r.*)
 *(.data .data.*)
 .data          0x00000000f9000748        0x0 build/obj_files/main.o
 .data          0x00000000f9000748        0x0 build/obj_files/start.o
 .data          0x00000000f9000748        0x0 d:/efinity/efinity-riscv-ide-2025.1/toolchain/bin/../lib/gcc/riscv-none-embed/8.3.0/../../../../riscv-none-embed/lib/rv32im/ilp32\libc.a(lib_a-init.o)
 *(.gnu.linkonce.d.*)
                0x00000000f9000748                . = ALIGN (0x8)
 *fill*         0x00000000f9000748        0x0 
                0x00000000f9000f38                PROVIDE (__global_pointer$ = (. + 0x7f0))
 *(.sdata .sdata.*)
 *(.gnu.linkonce.s.*)
                0x00000000f9000748                . = ALIGN (0x8)
 *(.srodata.cst16)
 *(.srodata.cst8)
 *(.srodata.cst4)
 *(.srodata.cst2)
 *(.srodata .srodata.*)
                0x00000000f9000752                . = (. + 0xa)
 *fill*         0x00000000f9000748        0xa 
                0x00000000f9000754                . = ALIGN (0x4)
                0x00000000f9000754                PROVIDE (_edata = .)
                [!provide]                        PROVIDE (edata = .)
                [!provide]                        PROVIDE (_fbss = .)
                0x00000000f9000754                PROVIDE (__bss_start = .)

.bss            0x00000000f9000754        0x8
 *(.sbss*)
 *(.gnu.linkonce.sb.*)
 *(.bss .bss.*)
 .bss           0x00000000f9000754        0x0 build/obj_files/main.o
 .bss           0x00000000f9000754        0x8 build/obj_files/start.o
                0x00000000f9000754                smp_lottery_target
                0x00000000f9000758                smp_lottery_lock
 .bss           0x00000000f900075c        0x0 d:/efinity/efinity-riscv-ide-2025.1/toolchain/bin/../lib/gcc/riscv-none-embed/8.3.0/../../../../riscv-none-embed/lib/rv32im/ilp32\libc.a(lib_a-init.o)
 *(.gnu.linkonce.b.*)
 *(COMMON)
                0x00000000f900075c                . = ALIGN (0x4)
                0x00000000f9000760                . = ALIGN (0x8)
                0x00000000f9000760                PROVIDE (_end = .)
                [!provide]                        PROVIDE (end = .)

.stack          0x00000000f9000760      0x100
                [!provide]                        PROVIDE (_heap_end = .)
                0x0000000000000100                . = __stack_size
 *fill*         0x00000000f9000760      0x100 
                0x00000000f9000860                PROVIDE (_sp = .)
LOAD d:/efinity/efinity-riscv-ide-2025.1/toolchain/bin/../lib/gcc/riscv-none-embed/8.3.0/../../../../riscv-none-embed/lib/rv32im/ilp32\libm.a
LOAD d:/efinity/efinity-riscv-ide-2025.1/toolchain/bin/../lib/gcc/riscv-none-embed/8.3.0/rv32im/ilp32\libgcc.a
START GROUP
LOAD d:/efinity/efinity-riscv-ide-2025.1/toolchain/bin/../lib/gcc/riscv-none-embed/8.3.0/rv32im/ilp32\libgcc.a
LOAD d:/efinity/efinity-riscv-ide-2025.1/toolchain/bin/../lib/gcc/riscv-none-embed/8.3.0/../../../../riscv-none-embed/lib/rv32im/ilp32\libg.a
LOAD d:/efinity/efinity-riscv-ide-2025.1/toolchain/bin/../lib/gcc/riscv-none-embed/8.3.0/../../../../riscv-none-embed/lib/rv32im/ilp32\libc.a
END GROUP
LOAD d:/efinity/efinity-riscv-ide-2025.1/toolchain/bin/../lib/gcc/riscv-none-embed/8.3.0/rv32im/ilp32\libgcc.a
START GROUP
LOAD d:/efinity/efinity-riscv-ide-2025.1/toolchain/bin/../lib/gcc/riscv-none-embed/8.3.0/rv32im/ilp32\libgcc.a
LOAD d:/efinity/efinity-riscv-ide-2025.1/toolchain/bin/../lib/gcc/riscv-none-embed/8.3.0/../../../../riscv-none-embed/lib/rv32im/ilp32\libc.a
LOAD d:/efinity/efinity-riscv-ide-2025.1/toolchain/bin/../lib/gcc/riscv-none-embed/8.3.0/../../../../riscv-none-embed/lib/rv32im/ilp32\libnosys.a
END GROUP
OUTPUT(build/bootloader.elf elf32-littleriscv)

.debug_info     0x0000000000000000     0x187d
 .debug_info    0x0000000000000000     0x1857 build/obj_files/main.o
 .debug_info    0x0000000000001857       0x26 build/obj_files/start.o

.debug_abbrev   0x0000000000000000      0x479
 .debug_abbrev  0x0000000000000000      0x465 build/obj_files/main.o
 .debug_abbrev  0x0000000000000465       0x14 build/obj_files/start.o

.debug_loc      0x0000000000000000      0x8fe
 .debug_loc     0x0000000000000000      0x8fe build/obj_files/main.o

.debug_aranges  0x0000000000000000       0x40
 .debug_aranges
                0x0000000000000000       0x20 build/obj_files/main.o
 .debug_aranges
                0x0000000000000020       0x20 build/obj_files/start.o

.debug_ranges   0x0000000000000000       0x18
 .debug_ranges  0x0000000000000000       0x18 build/obj_files/main.o

.debug_macro    0x0000000000000000     0x1e43
 .debug_macro   0x0000000000000000      0x1f0 build/obj_files/main.o
 .debug_macro   0x00000000000001f0      0x766 build/obj_files/main.o
 .debug_macro   0x0000000000000956       0x22 build/obj_files/main.o
 .debug_macro   0x0000000000000978       0x8e build/obj_files/main.o
 .debug_macro   0x0000000000000a06       0x51 build/obj_files/main.o
 .debug_macro   0x0000000000000a57      0x103 build/obj_files/main.o
 .debug_macro   0x0000000000000b5a       0x6a build/obj_files/main.o
 .debug_macro   0x0000000000000bc4      0x1df build/obj_files/main.o
 .debug_macro   0x0000000000000da3       0xc4 build/obj_files/main.o
 .debug_macro   0x0000000000000e67      0x196 build/obj_files/main.o
 .debug_macro   0x0000000000000ffd       0x10 build/obj_files/main.o
 .debug_macro   0x000000000000100d       0x1c build/obj_files/main.o
 .debug_macro   0x0000000000001029       0x16 build/obj_files/main.o
 .debug_macro   0x000000000000103f      0x1d7 build/obj_files/main.o
 .debug_macro   0x0000000000001216       0x1c build/obj_files/main.o
 .debug_macro   0x0000000000001232       0x70 build/obj_files/main.o
 .debug_macro   0x00000000000012a2       0x58 build/obj_files/main.o
 .debug_macro   0x00000000000012fa       0x19 build/obj_files/main.o
 .debug_macro   0x0000000000001313       0x52 build/obj_files/main.o
 .debug_macro   0x0000000000001365       0x34 build/obj_files/main.o
 .debug_macro   0x0000000000001399       0x34 build/obj_files/main.o
 .debug_macro   0x00000000000013cd       0x16 build/obj_files/main.o
 .debug_macro   0x00000000000013e3      0x10e build/obj_files/main.o
 .debug_macro   0x00000000000014f1       0x8d build/obj_files/main.o
 .debug_macro   0x000000000000157e       0x16 build/obj_files/main.o
 .debug_macro   0x0000000000001594       0x43 build/obj_files/main.o
 .debug_macro   0x00000000000015d7       0x34 build/obj_files/main.o
 .debug_macro   0x000000000000160b       0x10 build/obj_files/main.o
 .debug_macro   0x000000000000161b       0x52 build/obj_files/main.o
 .debug_macro   0x000000000000166d      0x182 build/obj_files/main.o
 .debug_macro   0x00000000000017ef      0x339 build/obj_files/main.o
 .debug_macro   0x0000000000001b28       0x16 build/obj_files/main.o
 .debug_macro   0x0000000000001b3e       0x29 build/obj_files/main.o
 .debug_macro   0x0000000000001b67      0x1a9 build/obj_files/main.o
 .debug_macro   0x0000000000001d10       0x16 build/obj_files/main.o
 .debug_macro   0x0000000000001d26       0x35 build/obj_files/main.o
 .debug_macro   0x0000000000001d5b       0x82 build/obj_files/main.o
 .debug_macro   0x0000000000001ddd       0x2e build/obj_files/main.o
 .debug_macro   0x0000000000001e0b       0x10 build/obj_files/main.o
 .debug_macro   0x0000000000001e1b       0x28 build/obj_files/main.o

.debug_line     0x0000000000000000      0xd01
 .debug_line    0x0000000000000000      0xbe7 build/obj_files/main.o
 .debug_line    0x0000000000000be7      0x11a build/obj_files/start.o

.debug_str      0x0000000000000000     0x8c85
 .debug_str     0x0000000000000000     0x8c67 build/obj_files/main.o
                                       0x8f37 (size before relaxing)
 .debug_str     0x0000000000008c67       0x1e build/obj_files/start.o
                                         0x80 (size before relaxing)

.comment        0x0000000000000000       0x33
 .comment       0x0000000000000000       0x33 build/obj_files/main.o
                                         0x34 (size before relaxing)

.debug_frame    0x0000000000000000      0x2fc
 .debug_frame   0x0000000000000000      0x2c0 build/obj_files/main.o
 .debug_frame   0x00000000000002c0       0x3c d:/efinity/efinity-riscv-ide-2025.1/toolchain/bin/../lib/gcc/riscv-none-embed/8.3.0/../../../../riscv-none-embed/lib/rv32im/ilp32\libc.a(lib_a-init.o)
